I/DBG_DM  ( 7956): [v5_1211_2_1][Line:34][xdmInitialize] UPYFtLwxCHS3lNqWPdA1ZfFi5leCdIuw7PoRnmoHceQtbKhaYDnGqoOsz4oQwUZB
I/DBG_DM  ( 7956): [v5_1211_2_1][Line:60][xdmSecProductFeatureGetLog] vE0cvFFC8r6MNPaauiCihh8/qg1EIfdjf8K1jKKPml8=
I/DBG_DM  ( 7956): [v5_1211_2_1][Line:61][xdmSecProductFeatureGetLog] C1eti8kk2CAZnmeZ40lPViPcd3mbW5E4AuTjexJUKrHGUDeonGYWDrzquou6war9
I/DBG_DM  ( 7956): [v5_1211_2_1][Line:62][xdmSecProductFeatureGetLog] haosshTrj1Jx3tDR5F1jfcSW3+YSPVA7k2U13IidACon1bibKMnQb4SkoywwC2ux
I/DBG_DM  ( 7956): [v5_1211_2_1][Line:63][xdmSecProductFeatureGetLog] omTO+pFaVoGNp8HT83HHf8BvAnwejg9FwOa6cTgYa/0n1bibKMnQb4SkoywwC2ux
I/DBG_DM  ( 7956): [v5_1211_2_1][Line:64][xdmSecProductFeatureGetLog] omTO+pFaVoGNp8HT83HHf7HXYIMlo8OET+obEpnadlKyydMr7Do3XlIYMUxGKx3w
I/DBG_DM  ( 7956): [v5_1211_2_1][Line:65][xdmSecProductFeatureGetLog] c8aaBoNX+zCI65M7gVNTej45+K/MzxjqVpKd5x0FMtd3o63nokSujfTEanrHiU41
I/DBG_DM  ( 7956): [v5_1211_2_1][Line:66][xdmSecProductFeatureGetLog] c8aaBoNX+zCI65M7gVNTeofiPsRmERyoo2j2t76nr2l3o63nokSujfTEanrHiU41
I/DBG_DM  ( 7956): [v5_1211_2_1][Line:67][xdmSecProductFeatureGetLog] i1IJ8WLonHACeb9fvg7QltxfEYw+XEg20l0aafrTYVIfP6oNRCH3Y3/CtYyij5pf
I/DBG_DM  ( 7956): [v5_1211_2_1][Line:68][xdmSecProductFeatureGetLog] i1IJ8WLonHACeb9fvg7QlvB88PWSlB5hyG/uzkAgDK13o63nokSujfTEanrHiU41
I/DBG_DM  ( 7956): [v5_1211_2_1][Line:69][xdmSecProductFeatureGetLog] uStltyLdJgcCEZJSDeyzm7DfGJsqFhqNoXpzvGnofAM=
I/DBG_DM  ( 7956): [v5_1211_2_1][Line:70][xdmSecProductFeatureGetLog] TE1OTxNWMfqCX3p6u3JUgawknWsddJx5CuwakD3qLRY=
I/DBG_DM  ( 7956): [v5_1211_2_1][Line:71][xdmSecProductFeatureGetLog] TE1OTxNWMfqCX3p6u3JUgdpBQeHRu9Nt3b6HSAOqdPY=
I/DBG_DM  ( 7956): [v5_1211_2_1][Line:72][xdmSecProductFeatureGetLog] q1USXGCsh/QJtC7xbY0NvZEZtQUdQsxWMpCLRV4kl1rOr8tb7PoZdsaMXtwZ9yJv
I/DBG_DM  ( 7956): [v5_1211_2_1][Line:73][xdmSecProductFeatureGetLog] bHcxwtAWX7BKWyN52jH3wgPTfNjelGwS3dPgkxHcNc+Ked3R17ctIF3SZoTXMoer
I/DBG_DM  ( 7956): [v5_1211_2_1][Line:74][xdmSecProductFeatureGetLog] bHcxwtAWX7BKWyN52jH3wpFW4BplYmDDKIf87GINH4Z1/HqcyIXsaQsUiif+u518
I/DBG_DM  ( 7956): [v5_1211_2_1][Line:75][xdmSecProductFeatureGetLog] ugtJiRYJ2qJYCdcfZhzqY3oAdjK4XCveAvs3XzrZ0cMYDC3Ukn8F5BseYBqqetyj
I/DBG_DM  ( 7956): [v5_1211_2_1][Line:76][xdmSecProductFeatureGetLog] c5uDLkQ1NrJkPYsXdmXX2plTstvCNmbHeWQ4y2fXgIc=
I/DBG_DM  ( 7956): [v5_1211_2_1][Line:77][xdmSecProductFeatureGetLog] n1o4q7KwFXL+AhQI4wvYIXc0WN8q8rVgDinP14xNizA=
I/DBG_DM  ( 7956): [v5_1211_2_1][Line:3509][xdbGetFotaStartStatus] MIHms8gTL9QFz4xKbDrPXQ==
I/DBG_DM  ( 7956): [v5_1211_2_1][Line:52][onCreate] DMApplication Start !
I/DBG_DM  ( 7956): [v5_1211_2_1][Line:1777][xdmGetRootingPrefValue] 0
I/DBG_DM  ( 7956): [v5_1211_2_1][Line:88][xdmGetRootingFeature] Default : false
I/DBG_DM  ( 7956): [v5_1211_2_1][Line:170][xdmAgentTaskHandler] XEVENT_OS_INITIALIZED
I/DBG_DM  ( 7956): [v5_1211_2_1][Line:148][xdmAgentSetSyncMode] nSync = 0
I/DBG_DM  ( 7956): [v5_1211_2_1][Line:4916][xdbGetFirstUpdateDbFlag] 
I/DBG_DM  ( 7956): [v5_1211_2_1][Line:400][xdmInitExternalStorageState] 
I/DBG_DM  ( 7956): [v5_1211_2_1][Line:450][xdmInitExternalStorageState] Yoxw0nRUMlKEf2h1yuo5HqRfjxgCWRvzbNV7NgD+HJo=
D/dalvikvm( 7956): GC_CONCURRENT freed 366K, 14% free 9537K/11015K, paused 23ms+2ms, total 49ms
D/dalvikvm( 7956): WAIT_FOR_CONCURRENT_GC blocked 15ms
D/dalvikvm( 7956): WAIT_FOR_CONCURRENT_GC blocked 16ms
I/DBG_DM  ( 7956): [v5_1211_2_1][Line:1830][xdbDMffs_Init] xdbDMffs_Init
I/DBG_DM  ( 7956): [v5_1211_2_1][Line:451][xdmInitExternalStorageState] ngm+RmS8DZk5kqxNuOJLHifNyWE67V1g5WAFZmH8wCQ=
I/DBG_DM  ( 7956): [v5_1211_2_1][Line:452][xdmInitExternalStorageState] Aw/vNMBOfgVBQ1gAh3oHdGfwlGL2K/0T47oOzkSHYAxWRho70J/lQ7s935vFTn7b
I/DBG_DM  ( 7956): [v5_1211_2_1][Line:453][xdmInitExternalStorageState] LTS9dMaRHfvtid43+9rUBTsBljSltGL2GLhuKIO4w/jKmBXTu5F21jir8KLzescN
I/DBG_DM  ( 7956): [v5_1211_2_1][Line:455][xdmInitExternalStorageState] bExternalStorageAvailable [true]
I/DBG_DM  ( 7956): [v5_1211_2_1][Line:456][xdmInitExternalStorageState] bExternalSDStorageAvailable [false]
I/DBG_DM  ( 7956): [v5_1211_2_1][Line:1080][onCallStateChanged] >>>>>>>>>>> onCallStateChanged
I/DBG_DM  ( 7956): [v5_1211_2_1][Line:1100][onCallStateChanged] >>>>>>>>>>> CALL_STATE_IDLE
I/DBG_DM  ( 7956): [v5_1211_2_1][Line:1588][xdmProtoIsWIFIConnected] WiFi DisConnected
I/DBG_DM  ( 7956): [v5_1211_2_1][Line:1588][xdmProtoIsWIFIConnected] WiFi DisConnected
I/DBG_DM  ( 7956): [v5_1211_2_1][Line:190][xdmAgentTaskHandler] XEVENT_PHONEBOOK_INITIALIZED
D/SHOW_CM ( 2797): Scantimer timeout--
D/SHOW_CM ( 2797): New SCAN:0
D/SHOW_CM ( 2797): SCAN_EVENT
D/SHOW_CM ( 2797): OFFTIMER:9999:1369315262,183
D/SHOW_CM ( 2797): AutoConn Mode is enabled, so do not for default autoconnection
D/SHOW_CM ( 2797): SCAN_SEL:-1,0,0,3
D/SHOW_CM ( 2797): Scan req disabled for AutoConn
D/dalvikvm( 4372): GC_CONCURRENT freed 426K, 15% free 9771K/11463K, paused 8ms+2ms, total 43ms
D/dalvikvm( 2130): GC_CONCURRENT freed 1927K, 29% free 27561K/38279K, paused 42ms+8ms, total 225ms
D/dalvikvm( 4372): GC_CONCURRENT freed 426K, 15% free 9771K/11463K, paused 17ms+8ms, total 84ms
D/dalvikvm( 4372): GC_CONCURRENT freed 426K, 15% free 9771K/11463K, paused 4ms+2ms, total 25ms
D/SHOW_CM ( 2797): Scantimer timeout--
D/SHOW_CM ( 2797): New SCAN:0
D/SHOW_CM ( 2797): SCAN_EVENT
D/SHOW_CM ( 2797): OFFTIMER:9999:1369315262,193
D/SHOW_CM ( 2797): AutoConn Mode is enabled, so do not for default autoconnection
D/SHOW_CM ( 2797): SCAN_SEL:-1,0,0,3
D/SHOW_CM ( 2797): Scan req disabled for AutoConn
D/dalvikvm( 2369): GC_CONCURRENT freed 401K, 16% free 10505K/12423K, paused 17ms+4ms, total 46ms
I/DBG_DM  ( 7956): [v5_1211_2_1][Line:423][xdmInitAdpWaitBearerSetting] waits 13 sec
I/DBG_DM  ( 7956): [v5_1211_2_1][Line:3314][xdbGetFUMOStatus] xdbGetFUMOStatus : 0
I/DBG_DM  ( 7956): [v5_1211_2_1][Line:1757][xdmGetUpdateReport] wssGetUpdateReport : 0
I/DBG_DM  ( 7956): [v5_1211_2_1][Line:215][xdmAgentTaskHandler] XEVENT_DM_INIT
I/SysScopeVerifier( 7956): SHA1-Digest :BE7KKAizIQGNGTgGHgqLrJfw18Q=
I/SysScopeVerifier( 7956): SHA1-Digest :wwLLB2iFz3Orf6lmF8CuqtosEfA=
I/SysScopeVerifier( 7956): classes.dexwwLLB2iFz3Orf6lmF8CuqtosEfA=
I/SysScopeVerifier( 7956): lib/armeabi/libcordon.soBE7KKAizIQGNGTgGHgqLrJfw18Q=
E/DBG_DM  ( 7956): Warning!!! [v5_1211_2_1][Line:1790][xdmCheckSystemRooting] Device is not connecting... try later
I/DBG_DM  ( 7956): [v5_1211_2_1][Line:440][xdmInitAdpWaitSystemRootingCheck] waits 0 sec
D/dalvikvm( 4372): GC_CONCURRENT freed 426K, 15% free 9771K/11463K, paused 7ms+2ms, total 25ms
I/DBG_DM  ( 7956): [v5_1211_2_1][Line:440][xdmInitAdpWaitSystemRootingCheck] waits 1 sec
I/DBG_DM  ( 7956): [v5_1211_2_1][Line:440][xdmInitAdpWaitSystemRootingCheck] waits 2 sec
I/DBG_DM  ( 7956): [v5_1211_2_1][Line:440][xdmInitAdpWaitSystemRootingCheck] waits 3 sec
I/DBG_DM  ( 7956): [v5_1211_2_1][Line:440][xdmInitAdpWaitSystemRootingCheck] waits 4 sec
I/DBG_DM  ( 7956): [v5_1211_2_1][Line:440][xdmInitAdpWaitSystemRootingCheck] waits 5 sec
D/dalvikvm( 4372): GC_CONCURRENT freed 426K, 15% free 9771K/11463K, paused 2ms+2ms, total 33ms
I/DBG_DM  ( 7956): [v5_1211_2_1][Line:440][xdmInitAdpWaitSystemRootingCheck] waits 6 sec
D/SHOW_CM ( 2797): Scantimer timeout--
D/SHOW_CM ( 2797): New SCAN:0
D/SHOW_CM ( 2797): SCAN_EVENT
D/SHOW_CM ( 2797): OFFTIMER:9999:1369315262,203
D/SHOW_CM ( 2797): AutoConn Mode is enabled, so do not for default autoconnection
D/SHOW_CM ( 2797): SCAN_SEL:-1,0,0,3
D/SHOW_CM ( 2797): Scan req disabled for AutoConn
I/DBG_DM  ( 7956): [v5_1211_2_1][Line:440][xdmInitAdpWaitSystemRootingCheck] waits 7 sec
I/DBG_DM  ( 7956): [v5_1211_2_1][Line:440][xdmInitAdpWaitSystemRootingCheck] waits 8 sec
E/Watchdog( 2130): !@Sync 269
I/DBG_DM  ( 7956): [v5_1211_2_1][Line:440][xdmInitAdpWaitSystemRootingCheck] waits 9 sec
D/dalvikvm( 4372): GC_CONCURRENT freed 426K, 15% free 9771K/11463K, paused 12ms+2ms, total 29ms
I/DBG_DM  ( 7956): [v5_1211_2_1][Line:440][xdmInitAdpWaitSystemRootingCheck] waits 10 sec
I/DBG_DM  ( 7956): [v5_1211_2_1][Line:440][xdmInitAdpWaitSystemRootingCheck] waits 11 sec
D/dalvikvm( 2369): GC_CONCURRENT freed 401K, 16% free 10505K/12423K, paused 13ms+3ms, total 41ms
I/DBG_DM  ( 7956): [v5_1211_2_1][Line:440][xdmInitAdpWaitSystemRootingCheck] waits 12 sec
I/DBG_DM  ( 7956): [v5_1211_2_1][Line:440][xdmInitAdpWaitSystemRootingCheck] waits 13 sec
D/SHOW_CM ( 2797): AUTO CONN MODE Startup
D/SHOW_CM ( 2797): Setting scan request:0, 0
D/SHOW_CM ( 2797): AutoConnectTime Changed:120,7
I/DBG_DM  ( 7956): [v5_1211_2_1][Line:440][xdmInitAdpWaitSystemRootingCheck] waits 14 sec
D/dalvikvm( 4372): GC_CONCURRENT freed 426K, 15% free 9771K/11463K, paused 13ms+2ms, total 75ms
D/dalvikvm( 2130): GC_CONCURRENT freed 1964K, 29% free 27537K/38279K, paused 37ms+8ms, total 265ms
I/DBG_DM  ( 7956): [v5_1211_2_1][Line:440][xdmInitAdpWaitSystemRootingCheck] waits 15 sec
I/DBG_DM  ( 7956): [v5_1211_2_1][Line:440][xdmInitAdpWaitSystemRootingCheck] waits 16 sec
D/SHOW_CM ( 2797): Scantimer timeout--
D/SHOW_CM ( 2797): New SCAN:0
D/SHOW_CM ( 2797): SCAN_EVENT
D/SHOW_CM ( 2797): OFFTIMER:9999:1369315262,213
D/SHOW_CM ( 2797): AutoConn Mode is enabled, so do not for default autoconnection
D/SHOW_CM ( 2797): SCAN_SEL:-1,0,0,3
D/SHOW_CM ( 2797): Scan req disabled for AutoConn
D/SHOW_CM ( 2797): New SCAN:1
D/SHOW_CM ( 2797): SCAN_EVENT
D/SHOW_CM ( 2797): OFFTIMER:9999:1369315262,213
D/SHOW_CM ( 2797): AutoConn Mode is enabled, so do not for default autoconnection
D/SHOW_CM ( 2797): SCAN_SEL:-1,0,0,3
D/SHOW_CM ( 2797): Scan req disabled for AutoConn
D/Tethering( 2130): interfaceLinkStateChanged wlan0, true
D/Tethering( 2130): interfaceStatusChanged wlan0, true
I/DBG_DM  ( 7956): [v5_1211_2_1][Line:440][xdmInitAdpWaitSystemRootingCheck] waits 17 sec
I/DBG_DM  ( 7956): [v5_1211_2_1][Line:440][xdmInitAdpWaitSystemRootingCheck] waits 18 sec
D/dalvikvm( 4372): GC_CONCURRENT freed 426K, 15% free 9771K/11463K, paused 12ms+8ms, total 71ms
I/DBG_DM  ( 7956): [v5_1211_2_1][Line:440][xdmInitAdpWaitSystemRootingCheck] waits 19 sec
I/DBG_DM  ( 7956): [v5_1211_2_1][Line:440][xdmInitAdpWaitSystemRootingCheck] waits 20 sec
I/DBG_DM  ( 7956): [v5_1211_2_1][Line:440][xdmInitAdpWaitSystemRootingCheck] waits 21 sec
I/DBG_DM  ( 7956): [v5_1211_2_1][Line:440][xdmInitAdpWaitSystemRootingCheck] waits 22 sec
I/DBG_DM  ( 7956): [v5_1211_2_1][Line:440][xdmInitAdpWaitSystemRootingCheck] waits 23 sec
D/dalvikvm( 4372): GC_CONCURRENT freed 426K, 15% free 9771K/11463K, paused 15ms+2ms, total 67ms
I/DBG_DM  ( 7956): [v5_1211_2_1][Line:440][xdmInitAdpWaitSystemRootingCheck] waits 24 sec
I/DBG_DM  ( 7956): [v5_1211_2_1][Line:440][xdmInitAdpWaitSystemRootingCheck] waits 25 sec
I/DBG_DM  ( 7956): [v5_1211_2_1][Line:440][xdmInitAdpWaitSystemRootingCheck] waits 26 sec
D/dalvikvm( 2369): GC_CONCURRENT freed 401K, 16% free 10505K/12423K, paused 15ms+3ms, total 42ms
D/SHOW_CM ( 2797): Scantimer timeout--
D/SHOW_CM ( 2797): New SCAN:0
D/SHOW_CM ( 2797): SCAN_EVENT
D/SHOW_CM ( 2797): OFFTIMER:9999:1369315262,223
D/SHOW_CM ( 2797): AutoConn Mode is enabled, so do not for default autoconnection
D/SHOW_CM ( 2797): SCAN_SEL:-1,0,0,3
D/SHOW_CM ( 2797): Scan req disabled for AutoConn
I/DBG_DM  ( 7956): [v5_1211_2_1][Line:440][xdmInitAdpWaitSystemRootingCheck] waits 27 sec
D/dalvikvm( 4372): GC_CONCURRENT freed 426K, 15% free 9771K/11463K, paused 12ms+2ms, total 31ms
I/DBG_DM  ( 7956): [v5_1211_2_1][Line:440][xdmInitAdpWaitSystemRootingCheck] waits 28 sec
D/dalvikvm( 7956): GC_CONCURRENT freed 345K, 14% free 9625K/11143K, paused 8ms+9ms, total 78ms
I/DBG_DM  ( 7956): [v5_1211_2_1][Line:440][xdmInitAdpWaitSystemRootingCheck] waits 29 sec
I/DBG_DM  ( 7956): [v5_1211_2_1][Line:440][xdmInitAdpWaitSystemRootingCheck] waits 30 sec
I/DBG_DM  ( 7956): [v5_1211_2_1][Line:440][xdmInitAdpWaitSystemRootingCheck] waits 31 sec
D/dalvikvm( 4372): GC_CONCURRENT freed 426K, 15% free 9771K/11463K, paused 4ms+3ms, total 33ms
I/DBG_DM  ( 7956): [v5_1211_2_1][Line:440][xdmInitAdpWaitSystemRootingCheck] waits 32 sec
I/DBG_DM  ( 7956): [v5_1211_2_1][Line:440][xdmInitAdpWaitSystemRootingCheck] waits 33 sec
I/DBG_DM  ( 7956): [v5_1211_2_1][Line:440][xdmInitAdpWaitSystemRootingCheck] waits 34 sec
I/DBG_DM  ( 7956): [v5_1211_2_1][Line:440][xdmInitAdpWaitSystemRootingCheck] waits 35 sec
I/DBG_DM  ( 7956): [v5_1211_2_1][Line:440][xdmInitAdpWaitSystemRootingCheck] waits 36 sec
D/dalvikvm( 4372): GC_CONCURRENT freed 426K, 15% free 9771K/11463K, paused 13ms+2ms, total 32ms
D/SHOW_CM ( 2797): Scantimer timeout--
D/SHOW_CM ( 2797): New SCAN:0
D/SHOW_CM ( 2797): SCAN_EVENT
D/SHOW_CM ( 2797): OFFTIMER:9999:1369315262,233
D/SHOW_CM ( 2797): AutoConn Mode is enabled, so do not for default autoconnection
D/SHOW_CM ( 2797): SCAN_SEL:-1,0,0,3
D/SHOW_CM ( 2797): Scan req disabled for AutoConn
I/DBG_DM  ( 7956): [v5_1211_2_1][Line:440][xdmInitAdpWaitSystemRootingCheck] waits 37 sec
I/DBG_DM  ( 7956): [v5_1211_2_1][Line:440][xdmInitAdpWaitSystemRootingCheck] waits 38 sec
E/Watchdog( 2130): !@Sync 270
D/dalvikvm( 2130): GC_CONCURRENT freed 1934K, 29% free 27541K/38279K, paused 33ms+8ms, total 189ms
I/DBG_DM  ( 7956): [v5_1211_2_1][Line:440][xdmInitAdpWaitSystemRootingCheck] waits 39 sec
I/DBG_DM  ( 7956): [v5_1211_2_1][Line:440][xdmInitAdpWaitSystemRootingCheck] waits 40 sec
D/ClockAlarmWidgetService( 4357): [ClockAlarmWidgetService] onReceive: action = android.intent.action.TIME_TICK
D/dalvikvm( 4372): GC_CONCURRENT freed 426K, 15% free 9771K/11463K, paused 2ms+7ms, total 33ms
D/dalvikvm( 2369): GC_CONCURRENT freed 401K, 16% free 10505K/12423K, paused 21ms+3ms, total 54ms
I/DBG_DM  ( 7956): [v5_1211_2_1][Line:440][xdmInitAdpWaitSystemRootingCheck] waits 41 sec
D/dalvikvm( 7593): GC_CONCURRENT freed 400K, 14% free 9479K/11015K, paused 24ms+2ms, total 134ms
I/DBG_DM  ( 7956): [v5_1211_2_1][Line:440][xdmInitAdpWaitSystemRootingCheck] waits 42 sec
I/DBG_DM  ( 7956): [v5_1211_2_1][Line:440][xdmInitAdpWaitSystemRootingCheck] waits 43 sec
I/DBG_DM  ( 7956): [v5_1211_2_1][Line:440][xdmInitAdpWaitSystemRootingCheck] waits 44 sec
D/dalvikvm( 4372): GC_CONCURRENT freed 426K, 15% free 9771K/11463K, paused 18ms+2ms, total 37ms
I/DBG_DM  ( 7956): [v5_1211_2_1][Line:440][xdmInitAdpWaitSystemRootingCheck] waits 45 sec
I/DBG_DM  ( 7956): [v5_1211_2_1][Line:440][xdmInitAdpWaitSystemRootingCheck] waits 46 sec
D/SHOW_CM ( 2797): Scantimer timeout--
D/SHOW_CM ( 2797): New SCAN:0
D/SHOW_CM ( 2797): SCAN_EVENT
D/SHOW_CM ( 2797): OFFTIMER:9999:1369315262,243
D/SHOW_CM ( 2797): AutoConn Mode is enabled, so do not for default autoconnection
D/SHOW_CM ( 2797): SCAN_SEL:-1,0,0,3
D/SHOW_CM ( 2797): Scan req disabled for AutoConn
I/DBG_DM  ( 7956): [v5_1211_2_1][Line:440][xdmInitAdpWaitSystemRootingCheck] waits 47 sec
D/dalvikvm(31759): GC_CONCURRENT freed 1930K, 43% free 21999K/38279K, paused 30ms+4ms, total 70ms
I/DBG_DM  ( 7956): [v5_1211_2_1][Line:440][xdmInitAdpWaitSystemRootingCheck] waits 48 sec
I/DBG_DM  ( 7956): [v5_1211_2_1][Line:440][xdmInitAdpWaitSystemRootingCheck] waits 49 sec
D/dalvikvm( 4372): GC_CONCURRENT freed 425K, 15% free 9771K/11463K, paused 8ms+2ms, total 26ms
I/DBG_DM  ( 7956): [v5_1211_2_1][Line:440][xdmInitAdpWaitSystemRootingCheck] waits 50 sec
I/DBG_DM  ( 7956): [v5_1211_2_1][Line:440][xdmInitAdpWaitSystemRootingCheck] waits 51 sec
I/DBG_DM  ( 7956): [v5_1211_2_1][Line:440][xdmInitAdpWaitSystemRootingCheck] waits 52 sec
I/DBG_DM  ( 7956): [v5_1211_2_1][Line:440][xdmInitAdpWaitSystemRootingCheck] waits 53 sec
D/dalvikvm( 4372): GC_CONCURRENT freed 426K, 15% free 9771K/11463K, paused 3ms+2ms, total 24ms
I/DBG_DM  ( 7956): [v5_1211_2_1][Line:440][xdmInitAdpWaitSystemRootingCheck] waits 54 sec
D/dalvikvm( 2369): GC_CONCURRENT freed 401K, 16% free 10505K/12423K, paused 18ms+4ms, total 57ms
I/DBG_DM  ( 7956): [v5_1211_2_1][Line:440][xdmInitAdpWaitSystemRootingCheck] waits 55 sec
I/DBG_DM  ( 7956): [v5_1211_2_1][Line:440][xdmInitAdpWaitSystemRootingCheck] waits 56 sec
D/SHOW_CM ( 2797): Scantimer timeout--
D/SHOW_CM ( 2797): New SCAN:0
D/SHOW_CM ( 2797): SCAN_EVENT
D/SHOW_CM ( 2797): OFFTIMER:9999:1369315262,253
D/SHOW_CM ( 2797): AutoConn Mode is enabled, so do not for default autoconnection
D/SHOW_CM ( 2797): SCAN_SEL:-1,0,0,3
D/SHOW_CM ( 2797): Scan req disabled for AutoConn
I/DBG_DM  ( 7956): [v5_1211_2_1][Line:440][xdmInitAdpWaitSystemRootingCheck] waits 57 sec
I/DBG_DM  ( 7956): [v5_1211_2_1][Line:440][xdmInitAdpWaitSystemRootingCheck] waits 58 sec
D/dalvikvm( 4372): GC_CONCURRENT freed 426K, 15% free 9771K/11463K, paused 4ms+2ms, total 24ms
I/DBG_DM  ( 7956): [v5_1211_2_1][Line:440][xdmInitAdpWaitSystemRootingCheck] waits 59 sec
I/DBG_DM  ( 7956): [v5_1211_2_1][Line:440][xdmInitAdpWaitSystemRootingCheck] waits 60 sec
I/DBG_DM  ( 7956): [v5_1211_2_1][Line:440][xdmInitAdpWaitSystemRootingCheck] waits 61 sec
D/dalvikvm( 2130): GC_CONCURRENT freed 1932K, 29% free 27552K/38279K, paused 36ms+8ms, total 188ms
I/DBG_DM  ( 7956): [v5_1211_2_1][Line:440][xdmInitAdpWaitSystemRootingCheck] waits 62 sec
D/dalvikvm( 4372): GC_CONCURRENT freed 426K, 15% free 9771K/11463K, paused 12ms+2ms, total 31ms
I/DBG_DM  ( 7956): [v5_1211_2_1][Line:440][xdmInitAdpWaitSystemRootingCheck] waits 63 sec
I/DBG_DM  ( 7956): [v5_1211_2_1][Line:440][xdmInitAdpWaitSystemRootingCheck] waits 64 sec
I/DBG_DM  ( 7956): [v5_1211_2_1][Line:440][xdmInitAdpWaitSystemRootingCheck] waits 65 sec
I/DBG_DM  ( 7956): [v5_1211_2_1][Line:440][xdmInitAdpWaitSystemRootingCheck] waits 66 sec
D/SHOW_CM ( 2797): Scantimer timeout--
D/SHOW_CM ( 2797): New SCAN:0
D/SHOW_CM ( 2797): SCAN_EVENT
D/SHOW_CM ( 2797): OFFTIMER:9999:1369315262,263
D/SHOW_CM ( 2797): AutoConn Mode is enabled, so do not for default autoconnection
D/SHOW_CM ( 2797): SCAN_SEL:-1,0,0,3
D/SHOW_CM ( 2797): Scan req disabled for AutoConn
D/dalvikvm( 4372): GC_CONCURRENT freed 426K, 15% free 9771K/11463K, paused 12ms+7ms, total 75ms
I/DBG_DM  ( 7956): [v5_1211_2_1][Line:440][xdmInitAdpWaitSystemRootingCheck] waits 67 sec
I/DBG_DM  ( 7956): [v5_1211_2_1][Line:440][xdmInitAdpWaitSystemRootingCheck] waits 68 sec
E/Watchdog( 2130): !@Sync 271
I/DBG_DM  ( 7956): [v5_1211_2_1][Line:440][xdmInitAdpWaitSystemRootingCheck] waits 69 sec
D/dalvikvm( 2369): GC_CONCURRENT freed 401K, 16% free 10505K/12423K, paused 17ms+3ms, total 40ms
I/DBG_DM  ( 7956): [v5_1211_2_1][Line:440][xdmInitAdpWaitSystemRootingCheck] waits 70 sec
I/DBG_DM  ( 7956): [v5_1211_2_1][Line:440][xdmInitAdpWaitSystemRootingCheck] waits 71 sec
D/dalvikvm( 4372): GC_CONCURRENT freed 426K, 15% free 9771K/11463K, paused 7ms+2ms, total 29ms
I/DBG_DM  ( 7956): [v5_1211_2_1][Line:440][xdmInitAdpWaitSystemRootingCheck] waits 72 sec
I/DBG_DM  ( 7956): [v5_1211_2_1][Line:440][xdmInitAdpWaitSystemRootingCheck] waits 73 sec
I/DBG_DM  ( 7956): [v5_1211_2_1][Line:440][xdmInitAdpWaitSystemRootingCheck] waits 74 sec
I/DBG_DM  ( 7956): [v5_1211_2_1][Line:440][xdmInitAdpWaitSystemRootingCheck] waits 75 sec
D/dalvikvm( 4372): GC_CONCURRENT freed 426K, 15% free 9771K/11463K, paused 2ms+2ms, total 22ms
I/DBG_DM  ( 7956): [v5_1211_2_1][Line:440][xdmInitAdpWaitSystemRootingCheck] waits 76 sec
D/SHOW_CM ( 2797): Scantimer timeout--
D/SHOW_CM ( 2797): New SCAN:0
D/SHOW_CM ( 2797): OFFTIMER:9999:1369315262,273
D/SHOW_CM ( 2797): AutoConn Mode is enabled, so do not for default autoconnection
D/SHOW_CM ( 2797): SCAN_SEL:-1,0,0,3
D/SHOW_CM ( 2797): SCAN_EVENT
D/SHOW_CM ( 2797): Scan req disabled for AutoConn
I/DBG_DM  ( 7956): [v5_1211_2_1][Line:440][xdmInitAdpWaitSystemRootingCheck] waits 77 sec
I/DBG_DM  ( 7956): [v5_1211_2_1][Line:440][xdmInitAdpWaitSystemRootingCheck] waits 78 sec
I/DBG_DM  ( 7956): [v5_1211_2_1][Line:440][xdmInitAdpWaitSystemRootingCheck] waits 79 sec
I/DBG_DM  ( 7956): [v5_1211_2_1][Line:440][xdmInitAdpWaitSystemRootingCheck] waits 80 sec
D/dalvikvm( 4372): GC_CONCURRENT freed 426K, 15% free 9771K/11463K, paused 10ms+2ms, total 29ms
I/DBG_DM  ( 7956): [v5_1211_2_1][Line:440][xdmInitAdpWaitSystemRootingCheck] waits 81 sec
I/DBG_DM  ( 7956): [v5_1211_2_1][Line:440][xdmInitAdpWaitSystemRootingCheck] waits 82 sec
I/DBG_DM  ( 7956): [v5_1211_2_1][Line:440][xdmInitAdpWaitSystemRootingCheck] waits 83 sec
D/dalvikvm( 2369): GC_CONCURRENT freed 401K, 16% free 10505K/12423K, paused 14ms+3ms, total 41ms
I/DBG_DM  ( 7956): [v5_1211_2_1][Line:440][xdmInitAdpWaitSystemRootingCheck] waits 84 sec
D/dalvikvm( 4372): GC_CONCURRENT freed 426K, 15% free 9771K/11463K, paused 2ms+3ms, total 22ms
I/DBG_DM  ( 7956): [v5_1211_2_1][Line:440][xdmInitAdpWaitSystemRootingCheck] waits 85 sec
D/dalvikvm( 2130): GC_CONCURRENT freed 1954K, 29% free 27532K/38279K, paused 44ms+8ms, total 200ms
I/DBG_DM  ( 7956): [v5_1211_2_1][Line:440][xdmInitAdpWaitSystemRootingCheck] waits 86 sec
I/DBG_DM  ( 7956): [v5_1211_2_1][Line:440][xdmInitAdpWaitSystemRootingCheck] waits 87 sec
I/DBG_DM  ( 7956): [v5_1211_2_1][Line:440][xdmInitAdpWaitSystemRootingCheck] waits 88 sec
D/dalvikvm( 4372): GC_CONCURRENT freed 426K, 15% free 9771K/11463K, paused 12ms+2ms, total 31ms
I/DBG_DM  ( 7956): [v5_1211_2_1][Line:440][xdmInitAdpWaitSystemRootingCheck] waits 89 sec
I/DBG_DM  ( 7956): [v5_1211_2_1][Line:440][xdmInitAdpWaitSystemRootingCheck] waits 90 sec
I/DBG_DM  ( 7956): [v5_1211_2_1][Line:440][xdmInitAdpWaitSystemRootingCheck] waits 91 sec
I/DBG_DM  ( 7956): [v5_1211_2_1][Line:440][xdmInitAdpWaitSystemRootingCheck] waits 92 sec
I/DBG_DM  ( 7956): [v5_1211_2_1][Line:440][xdmInitAdpWaitSystemRootingCheck] waits 93 sec
D/dalvikvm( 4372): GC_CONCURRENT freed 426K, 15% free 9771K/11463K, paused 10ms+2ms, total 29ms
I/DBG_DM  ( 7956): [v5_1211_2_1][Line:440][xdmInitAdpWaitSystemRootingCheck] waits 94 sec
I/DBG_DM  ( 7956): [v5_1211_2_1][Line:440][xdmInitAdpWaitSystemRootingCheck] waits 95 sec
I/DBG_DM  ( 7956): [v5_1211_2_1][Line:440][xdmInitAdpWaitSystemRootingCheck] waits 96 sec
I/DBG_DM  ( 7956): [v5_1211_2_1][Line:440][xdmInitAdpWaitSystemRootingCheck] waits 97 sec
D/dalvikvm( 4372): GC_CONCURRENT freed 426K, 15% free 9771K/11463K, paused 2ms+2ms, total 51ms
D/dalvikvm( 2369): GC_CONCURRENT freed 401K, 16% free 10505K/12423K, paused 17ms+8ms, total 83ms
I/DBG_DM  ( 7956): [v5_1211_2_1][Line:440][xdmInitAdpWaitSystemRootingCheck] waits 98 sec
E/Watchdog( 2130): !@Sync 272
I/DBG_DM  ( 7956): [v5_1211_2_1][Line:440][xdmInitAdpWaitSystemRootingCheck] waits 99 sec
I/DBG_DM  ( 7956): [v5_1211_2_1][Line:440][xdmInitAdpWaitSystemRootingCheck] waits 100 sec
D/ClockAlarmWidgetService( 4357): [ClockAlarmWidgetService] onReceive: action = android.intent.action.TIME_TICK
I/DBG_DM  ( 7956): [v5_1211_2_1][Line:440][xdmInitAdpWaitSystemRootingCheck] waits 101 sec
I/DBG_DM  ( 7956): [v5_1211_2_1][Line:440][xdmInitAdpWaitSystemRootingCheck] waits 102 sec
D/dalvikvm( 4372): GC_CONCURRENT freed 426K, 15% free 9771K/11463K, paused 7ms+7ms, total 69ms
I/DBG_DM  ( 7956): [v5_1211_2_1][Line:440][xdmInitAdpWaitSystemRootingCheck] waits 103 sec
I/DBG_DM  ( 7956): [v5_1211_2_1][Line:440][xdmInitAdpWaitSystemRootingCheck] waits 104 sec
I/DBG_DM  ( 7956): [v5_1211_2_1][Line:440][xdmInitAdpWaitSystemRootingCheck] waits 105 sec
I/DBG_DM  ( 7956): [v5_1211_2_1][Line:440][xdmInitAdpWaitSystemRootingCheck] waits 106 sec
D/dalvikvm( 4372): GC_CONCURRENT freed 426K, 15% free 9771K/11463K, paused 14ms+2ms, total 57ms
I/DBG_DM  ( 7956): [v5_1211_2_1][Line:440][xdmInitAdpWaitSystemRootingCheck] waits 107 sec
I/DBG_DM  ( 7956): [v5_1211_2_1][Line:440][xdmInitAdpWaitSystemRootingCheck] waits 108 sec
I/DBG_DM  ( 7956): [v5_1211_2_1][Line:440][xdmInitAdpWaitSystemRootingCheck] waits 109 sec
D/dalvikvm( 2130): GC_CONCURRENT freed 2002K, 29% free 27534K/38279K, paused 30ms+9ms, total 227ms
I/DBG_DM  ( 7956): [v5_1211_2_1][Line:440][xdmInitAdpWaitSystemRootingCheck] waits 110 sec
D/dalvikvm( 4372): GC_CONCURRENT freed 426K, 15% free 9771K/11463K, paused 3ms+2ms, total 24ms
I/DBG_DM  ( 7956): [v5_1211_2_1][Line:440][xdmInitAdpWaitSystemRootingCheck] waits 111 sec
I/DBG_DM  ( 7956): [v5_1211_2_1][Line:440][xdmInitAdpWaitSystemRootingCheck] waits 112 sec
D/dalvikvm( 2369): GC_CONCURRENT freed 401K, 16% free 10505K/12423K, paused 14ms+3ms, total 41ms
I/DBG_DM  ( 7956): [v5_1211_2_1][Line:440][xdmInitAdpWaitSystemRootingCheck] waits 113 sec
I/DBG_DM  ( 7956): [v5_1211_2_1][Line:440][xdmInitAdpWaitSystemRootingCheck] waits 114 sec
I/DBG_DM  ( 7956): [v5_1211_2_1][Line:440][xdmInitAdpWaitSystemRootingCheck] waits 115 sec
D/dalvikvm( 4372): GC_CONCURRENT freed 426K, 15% free 9771K/11463K, paused 6ms+2ms, total 25ms
I/DBG_DM  ( 7956): [v5_1211_2_1][Line:440][xdmInitAdpWaitSystemRootingCheck] waits 116 sec
I/DBG_DM  ( 7956): [v5_1211_2_1][Line:440][xdmInitAdpWaitSystemRootingCheck] waits 117 sec
I/DBG_DM  ( 7956): [v5_1211_2_1][Line:440][xdmInitAdpWaitSystemRootingCheck] waits 118 sec
I/DBG_DM  ( 7956): [v5_1211_2_1][Line:440][xdmInitAdpWaitSystemRootingCheck] waits 119 sec
I/SysScopeVerifier( 7956): SHA1-Digest :BE7KKAizIQGNGTgGHgqLrJfw18Q=
I/SysScopeVerifier( 7956): SHA1-Digest :wwLLB2iFz3Orf6lmF8CuqtosEfA=
I/SysScopeVerifier( 7956): classes.dexwwLLB2iFz3Orf6lmF8CuqtosEfA=
I/SysScopeVerifier( 7956): lib/armeabi/libcordon.soBE7KKAizIQGNGTgGHgqLrJfw18Q=
E/DBG_DM  ( 7956): Warning!!! [v5_1211_2_1][Line:1790][xdmCheckSystemRooting] Device is not connecting... try later
I/DBG_DM  ( 7956): [v5_1211_2_1][Line:1588][xdmProtoIsWIFIConnected] WiFi DisConnected
I/DBG_DM  ( 7956): [v5_1211_2_1][Line:56][xdmInitAdpGetNetStatus] SIM : Network Status is DATA CONNECTED!
I/DBG_DM  ( 7956): [v5_1211_2_1][Line:979][xdmGetTopActivityName] TopActivity : com.cattowersoft.scv.SCVActivity
I/DBG_DM  ( 7956): [v5_1211_2_1][Line:39][xdmFeatureGetBearerSettingFromCSCFotaDataBase] 
I/DBG_DM  ( 7956): [v5_1211_2_1][Line:3469][xdbGetFotaBearerStatus] mBx7mVxoIsllXXAhedT9QA==
I/DBG_DM  ( 7956): [v5_1211_2_1][Line:52][xdmFeatureGetBearerSettingFromCSCFotaDataBase] UYqn6vq3qTH35L66pR9dB6ZrOQhtHCYbjdszx6nYrjFYzeVOvvlPUzE67GnQVups
I/DBG_DM  ( 7956): [v5_1211_2_1][Line:53][xdmFeatureGetBearerSettingFromCSCFotaDataBase] AgVOOqV7UpXFblBk29Ld3aZrOQhtHCYbjdszx6nYrjFYzeVOvvlPUzE67GnQVups
I/DBG_DM  ( 7956): [v5_1211_2_1][Line:54][xdmFeatureGetBearerSettingFromCSCFotaDataBase] AgVOOqV7UpXFblBk29Ld3WQvEpsHE7t6/Nl1XTy+HilJTAKQBHXXIrZAqqe5iIKy
I/DBG_DM  ( 7956): [v5_1211_2_1][Line:55][xdmFeatureGetBearerSettingFromCSCFotaDataBase] UPYFtLwxCHS3lNqWPdA1ZfFi5leCdIuw7PoRnmoHceQtbKhaYDnGqoOsz4oQwUZB
I/DBG_DM  ( 7956): [v5_1211_2_1][Line:3314][xdbGetFUMOStatus] xdbGetFUMOStatus : 0
D/dalvikvm( 7956): GC_CONCURRENT freed 494K, 15% free 9648K/11271K, paused 16ms+21ms, total 90ms
I/DBG_DM  ( 7956): [v5_1211_2_1][Line:4242][xdbGetDownloadPostponeStatus] Download Postpone status : 0
I/DBG_DM  ( 7956): [v5_1211_2_1][Line:191][xdmInitAdpEXTInit] nStatus [0]
I/DBG_DM  ( 7956): [v5_1211_2_1][Line:174][xdmGetTargetFwV] LePeG5oH/EVjeqEt1Dt1qL9yYf5bd7mFMSxiJP+uNNc=
I/DBG_DM  ( 7956): [v5_1211_2_1][Line:185][xdmGetTargetCscV] gsams1G13Z9KGzgKSJ5+OA==
E/DBG_DM  ( 7956): Warning!!! [v5_1211_2_1][Line:665][xdmGetSystemCscFile] java.io.FileNotFoundException: /system/CSCVersion.txt: open failed: ENOENT (No such file or directory)
I/DBG_DM  ( 7956): [v5_1211_2_1][Line:189][xdmGetTargetCscV] gQ0HNurqsd5J0et3p15Yhw==
I/DBG_DM  ( 7956): [v5_1211_2_1][Line:194][xdmGetTargetCscV] csc file is Unknown
I/DBG_DM  ( 7956): [v5_1211_2_1][Line:3730][xdbSetFUMOOptionalCancel] OptionalCancel Type: false
I/DBG_DM  ( 7956): [v5_1211_2_1][Line:691][xdmUIEvent] XUI_DM_IDLE_STATE :true
I/DBG_DM  ( 7956): [v5_1211_2_1][Line:3314][xdbGetFUMOStatus] xdbGetFUMOStatus : 0
I/DBG_DM  ( 7956): [v5_1211_2_1][Line:1588][xdmProtoIsWIFIConnected] WiFi DisConnected
I/DBG_DM  ( 7956): [v5_1211_2_1][Line:56][xdmInitAdpGetNetStatus] SIM : Network Status is DATA CONNECTED!
I/DBG_DM  ( 7956): [v5_1211_2_1][Line:975][xnotiPushAdpExcuteResumeNoti] nSessionSaveState:0
I/DBG_DM  ( 7956): [v5_1211_2_1][Line:976][xnotiPushAdpExcuteResumeNoti] nNotiUiEvent:0
I/DBG_DM  ( 7956): [v5_1211_2_1][Line:977][xnotiPushAdpExcuteResumeNoti] nNotiRetryCount:0
I/DBG_DM  ( 7956): [v5_1211_2_1][Line:1047][xnotiPushAdpExcuteResumeNoti] Current NOTI NOT SAVED State. EXIT. EXIT.
I/DBG_DM  ( 7956): [v5_1211_2_1][Line:788][xnotiPushAdpClearSessionStatus] 
I/DBG_DM  ( 7956): [v5_1211_2_1][Line:269][xdmAgentTaskHandler] XEVENT_DM_INIT : Initialized
I/DBG_DM  ( 7956): [v5_1211_2_1][Line:979][xdmGetTopActivityName] TopActivity : com.cattowersoft.scv.SCVActivity
I/DBG_DM  ( 7956): [v5_1211_2_1][Line:1518][xdmAgentCheckResumeNoti] 
I/DBG_DM  ( 7956): [v5_1211_2_1][Line:4422][xdbGetSessionSaveStatus] nSessionSaveState [0], nNotiUiEvent [0]
I/DBG_DM  ( 7956): [v5_1211_2_1][Line:4470][xdbSetBackUpServerUrl] 
I/DBG_DM  ( 7956): [v5_1211_2_1][Line:2462][xdbSetChangedProtocol] lSsyJ4YI5B39xVbBgvbRitMVIDkvXSARt01dUI8PilU=
I/DBG_DM  ( 7956): [v5_1211_2_1][Line:3325][xdbSetFUMOStatus] xdbSetFUMOStatus : 0
I/DBG_DM  ( 7956): [v5_1211_2_1][Line:1542][xdmStopAlarm] thfyXa0LWyyABN+7CaaWes4COPJzjOeBDqIPWMXCIyEuwY+NxOitYqVCC8SFFWd8
I/DBG_DM  ( 7956): [v5_1211_2_1][Line:4811][xdbSetFUMOInitiatedType] Initiated Type: 0
I/DBG_DM  ( 7956): [v5_1211_2_1][Line:4225][xdbSetDownloadPostponeStatus] Set Download Postpone status : 0
I/DBG_DM  ( 7956): [v5_1211_2_1][Line:41][xdbNotiExistInfo] false
D/dalvikvm( 4372): GC_CONCURRENT freed 426K, 15% free 9771K/11463K, paused 12ms+2ms, total 31ms
D/dalvikvm( 4372): GC_CONCURRENT freed 426K, 15% free 9771K/11463K, paused 7ms+2ms, total 30ms
D/dalvikvm( 2369): GC_CONCURRENT freed 401K, 16% free 10505K/12423K, paused 16ms+3ms, total 45ms
E/Watchdog( 2130): !@Sync 273
D/dalvikvm( 4372): GC_CONCURRENT freed 426K, 15% free 9771K/11463K, paused 2ms+2ms, total 23ms
D/dalvikvm(31759): GC_CONCURRENT freed 1928K, 43% free 21999K/38279K, paused 32ms+4ms, total 72ms
D/dalvikvm( 4372): GC_CONCURRENT freed 426K, 15% free 9771K/11463K, paused 4ms+2ms, total 25ms
D/SHOW_CM ( 2797): AUTO CONN MODE Startup
D/SHOW_CM ( 2797): Setting scan request:0, 0
D/SHOW_CM ( 2797): AutoConnectTime Changed:120,8
D/dalvikvm( 2130): GC_CONCURRENT freed 1941K, 29% free 27518K/38279K, paused 49ms+7ms, total 248ms
D/SHOW_CM ( 2797): New SCAN:1
D/SHOW_CM ( 2797): SCAN_EVENT
D/SHOW_CM ( 2797): OFFTIMER:9999:1369315262,333
D/SHOW_CM ( 2797): AutoConn Mode is enabled, so do not for default autoconnection
D/SHOW_CM ( 2797): SCAN_SEL:-1,0,0,3
D/SHOW_CM ( 2797): Scan req disabled for AutoConn
D/Tethering( 2130): interfaceLinkStateChanged wlan0, true
D/Tethering( 2130): interfaceStatusChanged wlan0, true
D/dalvikvm( 4372): GC_CONCURRENT freed 426K, 15% free 9771K/11463K, paused 8ms+2ms, total 55ms
D/dalvikvm( 2369): GC_CONCURRENT freed 401K, 16% free 10505K/12423K, paused 33ms+3ms, total 64ms
D/dalvikvm( 4372): GC_CONCURRENT freed 426K, 15% free 9771K/11463K, paused 14ms+2ms, total 35ms
D/dalvikvm( 4372): GC_CONCURRENT freed 426K, 15% free 9771K/11463K, paused 14ms+2ms, total 32ms
D/SHOW_CM ( 2797): Scantimer timeout--
D/SHOW_CM ( 2797): New SCAN:0
D/SHOW_CM ( 2797): SCAN_EVENT
D/SHOW_CM ( 2797): OFFTIMER:9999:1369315262,343
D/SHOW_CM ( 2797): AutoConn Mode is enabled, so do not for default autoconnection
D/SHOW_CM ( 2797): SCAN_SEL:-1,0,0,3
D/SHOW_CM ( 2797): Scan req disabled for AutoConn
D/dalvikvm( 4372): GC_CONCURRENT freed 426K, 15% free 9771K/11463K, paused 12ms+2ms, total 37ms
D/dalvikvm( 4372): GC_CONCURRENT freed 426K, 15% free 9771K/11463K, paused 2ms+2ms, total 32ms
D/dalvikvm( 2369): GC_CONCURRENT freed 400K, 16% free 10505K/12423K, paused 17ms+3ms, total 65ms
D/SHOW_CM ( 2797): Scantimer timeout--
D/SHOW_CM ( 2797): New SCAN:0
D/SHOW_CM ( 2797): SCAN_EVENT
D/SHOW_CM ( 2797): OFFTIMER:9999:1369315262,353
D/SHOW_CM ( 2797): AutoConn Mode is enabled, so do not for default autoconnection
D/SHOW_CM ( 2797): SCAN_SEL:-1,0,0,3
D/SHOW_CM ( 2797): Scan req disabled for AutoConn
E/Watchdog( 2130): !@Sync 274
D/dalvikvm( 2130): GC_CONCURRENT freed 1922K, 29% free 27526K/38279K, paused 42ms+8ms, total 253ms
D/dalvikvm( 4372): GC_CONCURRENT freed 426K, 15% free 9771K/11463K, paused 14ms+2ms, total 56ms
D/ClockAlarmWidgetService( 4357): [ClockAlarmWidgetService] onReceive: action = android.intent.action.TIME_TICK
D/dalvikvm( 4372): GC_CONCURRENT freed 426K, 15% free 9771K/11463K, paused 2ms+2ms, total 20ms
D/SHOW_CM ( 2797): Scantimer timeout--
D/SHOW_CM ( 2797): New SCAN:0
D/SHOW_CM ( 2797): SCAN_EVENT
D/SHOW_CM ( 2797): OFFTIMER:9999:1369315262,363
D/SHOW_CM ( 2797): AutoConn Mode is enabled, so do not for default autoconnection
D/SHOW_CM ( 2797): SCAN_SEL:-1,0,0,3
D/SHOW_CM ( 2797): Scan req disabled for AutoConn
D/dalvikvm( 4372): GC_CONCURRENT freed 426K, 15% free 9771K/11463K, paused 14ms+6ms, total 75ms
D/dalvikvm( 2369): GC_CONCURRENT freed 401K, 16% free 10505K/12423K, paused 34ms+3ms, total 80ms
D/dalvikvm( 4372): GC_CONCURRENT freed 426K, 15% free 9771K/11463K, paused 13ms+2ms, total 47ms
D/SHOW_CM ( 2797): Scantimer timeout--
D/SHOW_CM ( 2797): New SCAN:0
D/SHOW_CM ( 2797): SCAN_EVENT
D/SHOW_CM ( 2797): OFFTIMER:9999:1369315262,373
D/SHOW_CM ( 2797): AutoConn Mode is enabled, so do not for default autoconnection
D/SHOW_CM ( 2797): SCAN_SEL:-1,0,0,3
D/SHOW_CM ( 2797): Scan req disabled for AutoConn
D/dalvikvm( 4372): GC_CONCURRENT freed 426K, 15% free 9771K/11463K, paused 14ms+2ms, total 45ms
D/dalvikvm( 4372): GC_CONCURRENT freed 425K, 15% free 9771K/11463K, paused 14ms+2ms, total 47ms
W/SignalStrength( 2252): getGsmLevel=4
W/SignalStrength( 2252): getLevel=4 (SignalStrength: 99 -1 -1 -1 -1 -1 -1 -1 -1 -1 -1 -1 gsm|lte 4)
I/WifiService( 2130): Booster FLAG : 1
I/WifiService( 2130): mBoosterFLAG : 1
I/WifiService( 2130): current booster mode : FullMode
D/StatusChecker( 7423): onReceive : android.intent.action.SERVICE_STATE
D/StatusChecker( 7423): Service state changed : 0
D/dalvikvm( 2130): GC_CONCURRENT freed 2017K, 29% free 27556K/38279K, paused 41ms+9ms, total 280ms
D/dalvikvm( 2130): WAIT_FOR_CONCURRENT_GC blocked 42ms
D/dalvikvm( 2130): WAIT_FOR_CONCURRENT_GC blocked 41ms
D/dalvikvm( 2130): WAIT_FOR_CONCURRENT_GC blocked 45ms
E/NetworkNotificationUI( 2403): onDataConnectionStateChanged-S:2 T:15
D/NetworkNotificationUI( 2403): notify3gWarning mDataState = 2 mPrevDataState = 2 mIsWifiConnected = false m3gwarningPopup = false
E/NetworkNotificationUI( 2403): updateWifistate : networkState = DISCONNECTED
E/NetworkNotificationUI( 2403): notify3gWarning updateWifistate() = false
E/NetworkNotificationUI( 2403): updateWifistate : networkState = DISCONNECTED
D/PhoneApp( 2403): mReceiver: ACTION_ANY_DATA_CONNECTION_STATE_CHANGED
D/NotificationMgr( 2403): hideDataDisconnectedRoaming()...
D/dalvikvm( 2369): GC_CONCURRENT freed 401K, 16% free 10505K/12423K, paused 31ms+3ms, total 94ms
D/StatusChecker( 7423): onReceive : android.intent.action.SERVICE_STATE
D/StatusChecker( 7423): Service state changed : 0
W/SignalStrength( 2252): getGsmLevel=4
W/SignalStrength( 2252): getLevel=4 (SignalStrength: 99 -1 -1 -1 -1 -1 -1 -1 -1 -1 -1 -1 gsm|lte 4)
I/WifiService( 2130): Booster FLAG : 1
I/WifiService( 2130): mBoosterFLAG : 1
I/WifiService( 2130): current booster mode : FullMode
E/NetworkNotificationUI( 2403): onDataConnectionStateChanged-S:2 T:3
D/NetworkNotificationUI( 2403): notify3gWarning mDataState = 2 mPrevDataState = 2 mIsWifiConnected = false m3gwarningPopup = false
E/NetworkNotificationUI( 2403): updateWifistate : networkState = DISCONNECTED
E/NetworkNotificationUI( 2403): notify3gWarning updateWifistate() = false
E/NetworkNotificationUI( 2403): updateWifistate : networkState = DISCONNECTED
D/PhoneApp( 2403): mReceiver: ACTION_ANY_DATA_CONNECTION_STATE_CHANGED
D/NotificationMgr( 2403): hideDataDisconnectedRoaming()...
D/dalvikvm( 4372): GC_CONCURRENT freed 426K, 15% free 9771K/11463K, paused 2ms+2ms, total 23ms
D/SHOW_CM ( 2797): Scantimer timeout--
D/SHOW_CM ( 2797): New SCAN:0
D/SHOW_CM ( 2797): SCAN_EVENT
D/SHOW_CM ( 2797): OFFTIMER:9999:1369315262,383
D/SHOW_CM ( 2797): AutoConn Mode is enabled, so do not for default autoconnection
D/SHOW_CM ( 2797): SCAN_SEL:-1,0,0,3
D/SHOW_CM ( 2797): Scan req disabled for AutoConn
E/Watchdog( 2130): !@Sync 275
D/dalvikvm( 8206): WAIT_FOR_CONCURRENT_GC blocked 0ms
D/dalvikvm( 8206): GC_CONCURRENT freed 200K, 13% free 9690K/11015K, paused 13ms+2ms, total 44ms
D/dalvikvm( 8206): WAIT_FOR_CONCURRENT_GC blocked 2ms
D/dalvikvm( 4372): GC_CONCURRENT freed 426K, 15% free 9771K/11463K, paused 1ms+2ms, total 17ms
D/dalvikvm( 8206): GC_CONCURRENT freed 249K, 13% free 9973K/11335K, paused 11ms+1ms, total 29ms
D/dalvikvm( 8206): WAIT_FOR_CONCURRENT_GC blocked 4ms
D/dalvikvm( 2130): WAIT_FOR_CONCURRENT_GC blocked 0ms
D/dalvikvm( 2130): GC_EXPLICIT freed 1370K, 28% free 27566K/38279K, paused 5ms+10ms, total 126ms
D/dalvikvm(  622): GC_CONCURRENT freed 693K, 18% free 9824K/11975K, paused 11ms+2ms, total 26ms
D/dalvikvm(  622): WAIT_FOR_CONCURRENT_GC blocked 6ms
D/dalvikvm(  622): GC_CONCURRENT freed 137K, 16% free 10115K/11975K, paused 2ms+3ms, total 20ms
D/dalvikvm( 4372): GC_CONCURRENT freed 426K, 15% free 9771K/11463K, paused 14ms+2ms, total 32ms
D/SHOW_CM ( 2797): Scantimer timeout--
D/SHOW_CM ( 2797): New SCAN:0
D/SHOW_CM ( 2797): SCAN_EVENT
D/SHOW_CM ( 2797): OFFTIMER:9999:1369315262,393
D/SHOW_CM ( 2797): AutoConn Mode is enabled, so do not for default autoconnection
D/SHOW_CM ( 2797): SCAN_SEL:-1,0,0,3
D/SHOW_CM ( 2797): Scan req disabled for AutoConn
D/dalvikvm( 2369): GC_CONCURRENT freed 401K, 16% free 10505K/12423K, paused 13ms+3ms, total 41ms
D/dalvikvm( 4372): GC_CONCURRENT freed 426K, 15% free 9771K/11463K, paused 12ms+8ms, total 72ms
D/dalvikvm( 4372): GC_CONCURRENT freed 426K, 15% free 9771K/11463K, paused 18ms+8ms, total 82ms
D/SHOW_CM ( 2797): Scantimer timeout--
D/SHOW_CM ( 2797): New SCAN:0
D/SHOW_CM ( 2797): SCAN_EVENT
D/SHOW_CM ( 2797): OFFTIMER:9999:1369315262,403
D/SHOW_CM ( 2797): AutoConn Mode is enabled, so do not for default autoconnection
D/SHOW_CM ( 2797): SCAN_SEL:-1,0,0,3
D/SHOW_CM ( 2797): Scan req disabled for AutoConn
D/dalvikvm( 4372): GC_CONCURRENT freed 426K, 15% free 9771K/11463K, paused 15ms+7ms, total 72ms
D/dalvikvm( 4372): GC_CONCURRENT freed 426K, 15% free 9771K/11463K, paused 20ms+12ms, total 76ms
D/dalvikvm( 2369): GC_CONCURRENT freed 401K, 16% free 10505K/12423K, paused 38ms+4ms, total 108ms
D/dalvikvm( 2130): GC_CONCURRENT freed 2020K, 29% free 27533K/38279K, paused 34ms+8ms, total 221ms
D/dalvikvm( 4372): GC_CONCURRENT freed 426K, 15% free 9771K/11463K, paused 16ms+12ms, total 86ms
D/dalvikvm(31759): GC_CONCURRENT freed 1929K, 43% free 21999K/38279K, paused 32ms+4ms, total 149ms
E/Watchdog( 2130): !@Sync 276
D/ClockAlarmWidgetService( 4357): [ClockAlarmWidgetService] onReceive: action = android.intent.action.TIME_TICK
D/dalvikvm( 4372): GC_CONCURRENT freed 426K, 15% free 9771K/11463K, paused 7ms+7ms, total 73ms
D/dalvikvm( 4372): GC_CONCURRENT freed 426K, 15% free 9771K/11463K, paused 15ms+8ms, total 76ms
D/dalvikvm( 2369): GC_CONCURRENT freed 401K, 16% free 10505K/12423K, paused 33ms+3ms, total 78ms
D/dalvikvm( 4372): GC_CONCURRENT freed 426K, 15% free 9771K/11463K, paused 16ms+2ms, total 53ms
D/dalvikvm( 4372): GC_CONCURRENT freed 426K, 15% free 9771K/11463K, paused 14ms+2ms, total 45ms
D/dalvikvm( 4372): GC_CONCURRENT freed 426K, 15% free 9771K/11463K, paused 2ms+2ms, total 33ms
D/dalvikvm( 2130): GC_CONCURRENT freed 1977K, 29% free 27535K/38279K, paused 35ms+8ms, total 230ms
D/dalvikvm( 2369): GC_CONCURRENT freed 401K, 16% free 10505K/12423K, paused 13ms+3ms, total 40ms
D/dalvikvm( 4372): GC_CONCURRENT freed 426K, 15% free 9771K/11463K, paused 15ms+2ms, total 37ms
D/dalvikvm( 4372): GC_CONCURRENT freed 426K, 15% free 9771K/11463K, paused 2ms+2ms, total 22ms
E/Watchdog( 2130): !@Sync 277
D/dalvikvm( 4372): GC_CONCURRENT freed 426K, 15% free 9771K/11463K, paused 7ms+2ms, total 29ms
D/SHOW_CM ( 2797): AUTO CONN MODE Startup
D/SHOW_CM ( 2797): Setting scan request:0, 0
D/SHOW_CM ( 2797): AutoConnectTime Changed:240,9
D/dalvikvm( 2369): GC_CONCURRENT freed 401K, 16% free 10505K/12423K, paused 13ms+3ms, total 45ms
D/dalvikvm( 4372): GC_CONCURRENT freed 426K, 15% free 9771K/11463K, paused 13ms+2ms, total 31ms
D/SHOW_CM ( 2797): New SCAN:1
D/SHOW_CM ( 2797): SCAN_EVENT
D/SHOW_CM ( 2797): OFFTIMER:9999:1369315262,453
D/SHOW_CM ( 2797): AutoConn Mode is enabled, so do not for default autoconnection
D/SHOW_CM ( 2797): SCAN_SEL:-1,0,0,3
D/Tethering( 2130): interfaceLinkStateChanged wlan0, true
D/Tethering( 2130): interfaceStatusChanged wlan0, true
D/SHOW_CM ( 2797): Scan req disabled for AutoConn
D/dalvikvm( 4372): GC_CONCURRENT freed 426K, 15% free 9771K/11463K, paused 10ms+2ms, total 28ms
D/dalvikvm( 2130): GC_CONCURRENT freed 1955K, 29% free 27532K/38279K, paused 37ms+8ms, total 188ms
D/dalvikvm( 4372): GC_CONCURRENT freed 426K, 15% free 9771K/11463K, paused 12ms+2ms, total 31ms
D/SHOW_CM ( 2797): Scantimer timeout--
D/SHOW_CM ( 2797): New SCAN:0
D/SHOW_CM ( 2797): SCAN_EVENT
D/SHOW_CM ( 2797): OFFTIMER:9999:1369315262,463
D/SHOW_CM ( 2797): AutoConn Mode is enabled, so do not for default autoconnection
D/SHOW_CM ( 2797): SCAN_SEL:-1,0,0,3
D/SHOW_CM ( 2797): Scan req disabled for AutoConn
D/dalvikvm( 4372): GC_CONCURRENT freed 426K, 15% free 9771K/11463K, paused 2ms+3ms, total 27ms
D/dalvikvm( 2369): GC_CONCURRENT freed 401K, 16% free 10505K/12423K, paused 14ms+3ms, total 63ms
D/dalvikvm( 4372): GC_CONCURRENT freed 426K, 15% free 9771K/11463K, paused 14ms+8ms, total 78ms
D/SHOW_CM ( 2797): Scantimer timeout--
D/SHOW_CM ( 2797): New SCAN:0
D/SHOW_CM ( 2797): SCAN_EVENT
D/SHOW_CM ( 2797): OFFTIMER:9999:1369315262,473
D/SHOW_CM ( 2797): AutoConn Mode is enabled, so do not for default autoconnection
D/SHOW_CM ( 2797): SCAN_SEL:-1,0,0,3
D/SHOW_CM ( 2797): Scan req disabled for AutoConn
E/Watchdog( 2130): !@Sync 278
D/dalvikvm( 4372): GC_CONCURRENT freed 426K, 15% free 9771K/11463K, paused 2ms+2ms, total 22ms
D/ClockAlarmWidgetService( 4357): [ClockAlarmWidgetService] onReceive: action = android.intent.action.TIME_TICK
D/dalvikvm( 4372): GC_CONCURRENT freed 426K, 15% free 9771K/11463K, paused 16ms+2ms, total 65ms
D/dalvikvm( 2369): GC_CONCURRENT freed 400K, 16% free 10505K/12423K, paused 27ms+3ms, total 76ms
D/dalvikvm( 2130): GC_CONCURRENT freed 1937K, 29% free 27544K/38279K, paused 35ms+9ms, total 208ms
D/SHOW_CM ( 2797): Scantimer timeout--
D/SHOW_CM ( 2797): New SCAN:0
D/SHOW_CM ( 2797): SCAN_EVENT
D/SHOW_CM ( 2797): OFFTIMER:9999:1369315262,483
D/SHOW_CM ( 2797): AutoConn Mode is enabled, so do not for default autoconnection
D/SHOW_CM ( 2797): SCAN_SEL:-1,0,0,3
D/SHOW_CM ( 2797): Scan req disabled for AutoConn
D/dalvikvm( 4372): GC_CONCURRENT freed 425K, 15% free 9771K/11463K, paused 8ms+8ms, total 68ms
D/dalvikvm( 4372): GC_CONCURRENT freed 426K, 15% free 9771K/11463K, paused 14ms+2ms, total 51ms
D/dalvikvm( 4372): GC_CONCURRENT freed 426K, 15% free 9771K/11463K, paused 14ms+2ms, total 43ms
D/SHOW_CM ( 2797): Scantimer timeout--
D/SHOW_CM ( 2797): New SCAN:0
D/SHOW_CM ( 2797): SCAN_EVENT
D/SHOW_CM ( 2797): OFFTIMER:9999:1369315262,493
D/SHOW_CM ( 2797): AutoConn Mode is enabled, so do not for default autoconnection
D/SHOW_CM ( 2797): SCAN_SEL:-1,0,0,3
D/SHOW_CM ( 2797): Scan req disabled for AutoConn
D/dalvikvm( 2369): GC_CONCURRENT freed 401K, 16% free 10505K/12423K, paused 28ms+3ms, total 56ms
D/dalvikvm( 4372): GC_CONCURRENT freed 426K, 15% free 9771K/11463K, paused 2ms+2ms, total 20ms
D/dalvikvm(31759): GC_CONCURRENT freed 1929K, 43% free 21999K/38279K, paused 32ms+4ms, total 135ms
D/dalvikvm( 4372): GC_CONCURRENT freed 426K, 15% free 9771K/11463K, paused 14ms+4ms, total 73ms
D/SHOW_CM ( 2797): Scantimer timeout--
D/SHOW_CM ( 2797): New SCAN:0
D/SHOW_CM ( 2797): SCAN_EVENT
D/SHOW_CM ( 2797): OFFTIMER:9999:1369315262,503
D/SHOW_CM ( 2797): AutoConn Mode is enabled, so do not for default autoconnection
D/SHOW_CM ( 2797): SCAN_SEL:-1,0,0,3
D/SHOW_CM ( 2797): Scan req disabled for AutoConn
E/Watchdog( 2130): !@Sync 279
D/dalvikvm( 4372): GC_CONCURRENT freed 426K, 15% free 9771K/11463K, paused 14ms+2ms, total 38ms
D/dalvikvm( 2130): GC_CONCURRENT freed 1938K, 29% free 27531K/38279K, paused 45ms+8ms, total 172ms
D/dalvikvm( 2369): GC_CONCURRENT freed 401K, 16% free 10505K/12423K, paused 13ms+3ms, total 40ms
D/dalvikvm( 4372): GC_CONCURRENT freed 426K, 15% free 9771K/11463K, paused 14ms+7ms, total 74ms
D/SHOW_CM ( 2797): Scantimer timeout--
D/SHOW_CM ( 2797): New SCAN:0
D/SHOW_CM ( 2797): SCAN_EVENT
D/SHOW_CM ( 2797): OFFTIMER:9999:1369315262,513
D/SHOW_CM ( 2797): AutoConn Mode is enabled, so do not for default autoconnection
D/SHOW_CM ( 2797): SCAN_SEL:-1,0,0,3
D/SHOW_CM ( 2797): Scan req disabled for AutoConn
D/dalvikvm( 4372): GC_CONCURRENT freed 426K, 15% free 9771K/11463K, paused 2ms+2ms, total 22ms
D/dalvikvm( 4372): GC_CONCURRENT freed 426K, 15% free 9771K/11463K, paused 3ms+2ms, total 24ms
D/SHOW_CM ( 2797): Scantimer timeout--
D/SHOW_CM ( 2797): New SCAN:0
D/SHOW_CM ( 2797): SCAN_EVENT
D/SHOW_CM ( 2797): OFFTIMER:9999:1369315262,523
D/SHOW_CM ( 2797): AutoConn Mode is enabled, so do not for default autoconnection
D/SHOW_CM ( 2797): SCAN_SEL:-1,0,0,3
D/SHOW_CM ( 2797): Scan req disabled for AutoConn
D/dalvikvm( 4372): GC_CONCURRENT freed 426K, 15% free 9771K/11463K, paused 13ms+2ms, total 40ms
D/dalvikvm( 2369): GC_CONCURRENT freed 401K, 16% free 10505K/12423K, paused 19ms+3ms, total 72ms
D/dalvikvm( 4372): GC_CONCURRENT freed 426K, 15% free 9771K/11463K, paused 12ms+8ms, total 76ms
D/dalvikvm( 2130): GC_CONCURRENT freed 1953K, 29% free 27532K/38279K, paused 36ms+7ms, total 229ms
D/dalvikvm( 4372): GC_CONCURRENT freed 426K, 15% free 9771K/11463K, paused 15ms+2ms, total 38ms
E/Watchdog( 2130): !@Sync 280
D/dalvikvm( 4372): GC_CONCURRENT freed 426K, 15% free 9771K/11463K, paused 2ms+8ms, total 41ms
D/ClockAlarmWidgetService( 4357): [ClockAlarmWidgetService] onReceive: action = android.intent.action.TIME_TICK
D/dalvikvm( 2369): GC_CONCURRENT freed 401K, 16% free 10505K/12423K, paused 3ms+3ms, total 26ms
D/dalvikvm( 4372): GC_CONCURRENT freed 426K, 15% free 9771K/11463K, paused 2ms+2ms, total 24ms
D/dalvikvm( 4372): GC_CONCURRENT freed 426K, 15% free 9771K/11463K, paused 10ms+2ms, total 29ms
D/dalvikvm( 4372): GC_CONCURRENT freed 426K, 15% free 9771K/11463K, paused 15ms+2ms, total 42ms
D/dalvikvm( 2369): GC_CONCURRENT freed 400K, 16% free 10505K/12423K, paused 14ms+3ms, total 42ms
D/dalvikvm( 4372): GC_CONCURRENT freed 426K, 15% free 9771K/11463K, paused 14ms+8ms, total 75ms
D/dalvikvm( 2130): GC_CONCURRENT freed 1974K, 29% free 27535K/38279K, paused 34ms+8ms, total 254ms
D/dalvikvm( 4372): GC_CONCURRENT freed 426K, 15% free 9771K/11463K, paused 7ms+2ms, total 35ms
D/dalvikvm( 4372): GC_CONCURRENT freed 426K, 15% free 9771K/11463K, paused 14ms+2ms, total 33ms
E/Watchdog( 2130): !@Sync 281
D/dalvikvm( 2369): GC_CONCURRENT freed 401K, 16% free 10505K/12423K, paused 13ms+3ms, total 41ms
D/dalvikvm( 4372): GC_CONCURRENT freed 426K, 15% free 9771K/11463K, paused 14ms+8ms, total 77ms
D/dalvikvm( 4372): GC_CONCURRENT freed 426K, 15% free 9771K/11463K, paused 13ms+18ms, total 96ms
D/dalvikvm( 4372): GC_CONCURRENT freed 426K, 15% free 9771K/11463K, paused 7ms+8ms, total 80ms
D/dalvikvm( 2130): GC_CONCURRENT freed 1945K, 29% free 27530K/38279K, paused 36ms+7ms, total 257ms
D/dalvikvm( 4372): GC_CONCURRENT freed 426K, 15% free 9771K/11463K, paused 21ms+7ms, total 47ms
D/dalvikvm( 2369): GC_CONCURRENT freed 400K, 16% free 10505K/12423K, paused 44ms+5ms, total 84ms
D/dalvikvm(31759): GC_CONCURRENT freed 1929K, 43% free 21999K/38279K, paused 25ms+4ms, total 66ms
D/dalvikvm( 4372): GC_CONCURRENT freed 426K, 15% free 9771K/11463K, paused 3ms+2ms, total 24ms
D/dalvikvm( 4372): GC_CONCURRENT freed 425K, 15% free 9771K/11463K, paused 12ms+2ms, total 31ms
D/dalvikvm( 4372): GC_CONCURRENT freed 426K, 15% free 9771K/11463K, paused 13ms+2ms, total 31ms
E/Watchdog( 2130): !@Sync 282
D/dalvikvm( 2369): GC_CONCURRENT freed 401K, 16% free 10505K/12423K, paused 14ms+3ms, total 41ms
D/ClockAlarmWidgetService( 4357): [ClockAlarmWidgetService] onReceive: action = android.intent.action.TIME_TICK
D/dalvikvm( 4372): GC_CONCURRENT freed 426K, 15% free 9771K/11463K, paused 15ms+2ms, total 49ms
D/dalvikvm( 4372): GC_CONCURRENT freed 426K, 15% free 9771K/11463K, paused 20ms+2ms, total 64ms
D/dalvikvm( 2130): GC_CONCURRENT freed 1932K, 29% free 27542K/38279K, paused 38ms+8ms, total 244ms
D/dalvikvm( 4372): GC_CONCURRENT freed 426K, 15% free 9771K/11463K, paused 7ms+2ms, total 36ms
D/dalvikvm( 2369): GC_CONCURRENT freed 401K, 16% free 10505K/12423K, paused 17ms+3ms, total 44ms
D/dalvikvm( 4372): GC_CONCURRENT freed 426K, 15% free 9771K/11463K, paused 2ms+2ms, total 22ms
D/dalvikvm( 4372): GC_CONCURRENT freed 426K, 15% free 9771K/11463K, paused 11ms+2ms, total 61ms
D/dalvikvm( 4372): GC_CONCURRENT freed 426K, 15% free 9771K/11463K, paused 15ms+2ms, total 58ms
D/dalvikvm( 2369): GC_CONCURRENT freed 401K, 16% free 10505K/12423K, paused 17ms+3ms, total 39ms
E/Watchdog( 2130): !@Sync 283
D/dalvikvm( 4372): GC_CONCURRENT freed 426K, 15% free 9771K/11463K, paused 14ms+10ms, total 81ms
D/dalvikvm( 2130): GC_CONCURRENT freed 1934K, 29% free 27530K/38279K, paused 51ms+7ms, total 192ms
D/dalvikvm( 4372): GC_CONCURRENT freed 425K, 15% free 9771K/11463K, paused 3ms+2ms, total 24ms
D/dalvikvm( 4372): GC_CONCURRENT freed 426K, 15% free 9771K/11463K, paused 12ms+8ms, total 36ms
D/dalvikvm( 8509): WAIT_FOR_CONCURRENT_GC blocked 0ms
D/dalvikvm( 8509): GC_CONCURRENT freed 161K, 12% free 9742K/11015K, paused 19ms+2ms, total 37ms
D/dalvikvm( 8509): WAIT_FOR_CONCURRENT_GC blocked 18ms
