D/LockPatternKeyguardView( 2130): screen on
D/UnlockScreen( 2130): max failed attempt for device disable :0
D/UnlockScreen( 2130): isDeviceDisabledForMaxFailedAttempt return :false
V/LockPatternKeyguardView( 2130): Restoring widget state
I/AudioHardwareYamaha( 1849): AudioHardware::setParameters(keyValuePairs="screen_state=on")
I/TvoutService_Java( 2130): TvoutService Action : android.intent.action.SCREEN_ON
V/LockPatternKeyguardView( 2130): *** dispatchDraw() time: 41909954
I/NfcService( 2444): NativeNfcBrcmPowerMode; setPowerMode(android.intent.action.SCREEN_ON)
I/power   ( 2130): *** acquire_dvfs_lock : lockType : 1  freq : 1200000 
D/lights  ( 2130): LCD : 1 +
D/lights  ( 2130): LCD : 1 -
D/lights  ( 2130): LCD : 2 +
D/lights  ( 2130): LCD : 2 -
D/lights  ( 2130): LCD : 1 +
D/lights  ( 2130): LCD : 1 -
E/WifiHW  ( 2130): ##################### set firmware type 0 #####################
D/WifiStateMachine( 2130): setWifiEnabled : WifiNative.setFwType(0)
D/WifiNative( 2130): callSECApiBoolean - ID [2]
I/TwDVFSBroadcastReceiver( 2274): onScreenOnIntent
D/lights  ( 2130): LCD : 12 +
D/lights  ( 2130): LCD : 12 -
D/InputReader( 2130): Input event: value=0
W/WindowManager( 2130): ignore screen on : false
D/lights  ( 2130): LCD : 25 +
D/lights  ( 2130): LCD : 25 -
D/lights  ( 2130): LCD : 35 +
D/lights  ( 2130): LCD : 35 -
D/ClockAlarmWidgetService( 4357): [ClockAlarmWidgetService] onReceive: action = android.intent.action.SCREEN_ON
D/comsamsungapp( 5587): [MSC_WeatherNews]>>> WS:62 [0:0] act:androidintentactionSCREEN_ON
D/lights  ( 2130): LCD : 40 +
D/lights  ( 2130): LCD : 40 -
I/power   ( 2130): *** release_dvfs_lock : lockType : 1 
D/SHOW_UI ( 6786): noti Event received
D/SHOW_UI ( 6786): SCREEN on check.
D/comsamsungapp( 5587): [MSC_WeatherNews]>>> WWP:322 [0:0] onReceive@:widgetappweathernewsactionSERVICE_SCREEN_ON
D/comsamsungapp( 5587): [MSC_WeatherNews]>>> WIM:52 [0:0] WeatherNewsWeatherClockWidgetID_Length
D/comsamsungapp( 5587): [MSC_WeatherNews]>>> WIM:53 [0:0] getPrefIDs@len:2
D/comsamsungapp( 5587): [MSC_WeatherNews]>>> WIM:59 [0:0] getPrefIDs@:Ids:1:2
D/comsamsungapp( 5587): [MSC_WeatherNews]>>> WIM:59 [0:0] getPrefIDs@:Ids:2:6
D/comsamsungapp( 5587): [MSC_WeatherNews]>>> U:309 [0:0] util getnext by wdgt 1369320609828
D/comsamsungapp( 5587): [MSC_WeatherNews]>>> WWP:271 [0:0] [AR]:1 Lst[AR]:1369309809828 nt[AR]:1369320609828
D/dalvikvm( 5587): GC_CONCURRENT freed 556K, 16% free 9635K/11335K, paused 1ms+2ms, total 25ms
I/dalvikvm( 7593): Turning on JNI app bug workarounds for target SDK version 8...
D/SurfaceFlinger( 1846): Screen about to return, flinger = 0x41848d78
D/SecTVOutService( 1846): virtual void android::SecTVOutService::setSuspendMode(uint32_t) TV suspend mode = 0
D/SecTVOutService( 1846): virtual void android::SecTVOutService::setHdmiStatus(uint32_t) HDMI cable status = 1
D/        ( 1846): bool android::SecHdmi::connect()::m_flagHWConnected() fail 
E/SecTVOutService( 1846): virtual void android::SecTVOutService::setHdmiStatus(uint32_t)::mSecHdmi.connect() fail
W/SignalStrength( 2252): getGsmLevel=4
W/SignalStrength( 2252): getLevel=4 (SignalStrength: 99 -1 -1 -1 -1 -1 -1 -1 -1 -1 -1 -1 gsm|lte 4)
I/WifiService( 2130): Booster FLAG : 1
I/WifiService( 2130): mBoosterFLAG : 1
I/WifiService( 2130): current booster mode : FullMode
E/NetworkNotificationUI( 2403): onDataConnectionStateChanged-S:2 T:8
D/NetworkNotificationUI( 2403): notify3gWarning mDataState = 2 mPrevDataState = 2 mIsWifiConnected = false m3gwarningPopup = false
E/NetworkNotificationUI( 2403): updateWifistate : networkState = DISCONNECTED
E/NetworkNotificationUI( 2403): notify3gWarning updateWifistate() = false
E/NetworkNotificationUI( 2403): updateWifistate : networkState = DISCONNECTED
D/PhoneApp( 2403): mReceiver: ACTION_ANY_DATA_CONNECTION_STATE_CHANGED
D/NotificationMgr( 2403): hideDataDisconnectedRoaming()...
D/StatusChecker( 7423): onReceive : android.intent.action.SERVICE_STATE
D/StatusChecker( 7423): Service state changed : 0
D/WindowManager( 2130): mUnSetIgnorePWR
I/InputReader( 2130): Touch event's action is 0x0 (deviceType=0) [pCnt=1, s=0.959 ]
I/InputDispatcher( 2130): Delivering touch to current input target: action: 0x0
I/InputDispatcher( 2130): Delivering touch to current input target: action: 0x0
I/InputDispatcher( 2130): Delivering touch to current input target: action: 0x0
D/KeyguardViewMediator( 2130): pokeWakelock(2000)
V/LockPatternKeyguardView( 2130): *** dispatchDraw() time: 41910665
D/KeyguardViewMediator( 2130): pokeWakelock(2000)
D/dalvikvm( 4372): GC_CONCURRENT freed 464K, 15% free 9772K/11463K, paused 4ms+2ms, total 57ms
D/KeyguardViewMediator( 2130): pokeWakelock(7000)
D/KeyguardViewMediator( 2130): pokeWakelock(7000)
D/dalvikvm( 2130): GC_CONCURRENT freed 1921K, 18% free 31401K/38279K, paused 35ms+16ms, total 265ms
D/KeyguardViewMediator( 2130): pokeWakelock(7000)
I/InputReader( 2130): Touch event's action is 0x1 (deviceType=0) [pCnt=1, s=]
I/InputDispatcher( 2130): Delivering touch to current input target: action: 0x1
I/InputDispatcher( 2130): Delivering touch to current input target: action: 0x1
I/InputDispatcher( 2130): Delivering touch to current input target: action: 0x1
D/KeyguardViewMediator( 2130): keyguardDone(true)
I/keystore( 1852): uid: 1000 action: p -> 1 state: 1 -> 1 retry: 4
V/LockPatternKeyguardView( 2130): *** dispatchDraw() time: 41911458
D/KeyguardViewMediator( 2130): handleKeyguardDone
D/KeyguardViewMediator( 2130): handleHide
I/power   ( 2130): *** acquire_dvfs_lock : lockType : 1  freq : 1000000 
D/KeyguardViewMediator( 2130): setHidden false
D/KeyguardViewMediator( 2130): setHidden false
D/KeyguardViewMediator( 2130): adjustUserActivityLocked mShowing: false mHidden: false
D/KeyguardViewMediator( 2130): adjustStatusBarLocked: mShowing=false mHidden=false isSecure=true --> flags=0x0
D/KeyguardViewMediator( 2130): setHidden false
E/KeyguardViewMediator( 2130): 3. Lockscreen unlock
E/KeyguardViewMediator( 2130): Phone is boot completed. so can broadcast
E/KeyguardViewMediator( 2130): Phone is boot completed. so can broadcast
I/TwDVFSBroadcastReceiver( 2274): onLockScreenOffIntent
I/NfcService( 2444): NativeNfcBrcmPowerMode; setPowerMode(android.intent.action.USER_PRESENT)
D/WindowManager( 2130): PhoneWindowManager: focusChangedLw
D/KeyguardViewMediator( 2130): setHidden false
D/LockPatternKeyguardView( 2130): unfocused
D/WindowManager( 2130): PhoneWindowManager: focusChangedLw
D/KeyguardViewMediator( 2130): setHidden false
V/PhoneStatusBar( 2252): setLightsOn(true)
D/KeyguardViewMediator( 2130): setHidden false
E/MTPRx   ( 7614): In MtpReceiverandroid.intent.action.USER_PRESENT
E/MTPRx   ( 7614): check value of boot_completed is1
E/MTPRx   ( 7614): check booting is completed_sys.boot_completed
E/MTPRx   ( 7614): Sd-Card path/storage/extSdCard
E/MTPRx   ( 7614): Status for mount/Unmount :removed
E/MTPRx   ( 7614): SDcard is not available
E/MTPRx   ( 7614): The value of first_boot is  1
E/MTPRx   ( 7614): [ 662] The value of first_boot is  1NORMAL SEQUENCE 
I/dalvikvm( 7627): Turning on JNI app bug workarounds for target SDK version 5...
V/GCMBroadcastReceiver( 7363): onReceive: android.intent.action.USER_PRESENT
V/GCMBroadcastReceiver( 7363): GCM IntentService class: com.nhn.android.search.NPushIntentService
V/GCMBaseIntentService( 7363): Acquiring wakelock
V/GCMBaseIntentService( 7363): Intent service name: GCMIntentService-DynamicSenderIds-5
I/PhoneUsageService( 4228): onStartCommand 20 a 1
V/GCMBaseIntentService( 7363): Releasing wakelock
V/GCMBroadcastReceiver( 7389): onReceive: android.intent.action.USER_PRESENT
V/GCMBroadcastReceiver( 7389): GCM IntentService class: com.nhn.android.band.NPushIntentService
V/GCMBaseIntentService( 7389): Acquiring wakelock
V/GCMBaseIntentService( 7389): Intent service name: GCMIntentService-DynamicSenderIds-5
V/GCMBaseIntentService( 7389): Releasing wakelock
D/WallpaperWidget( 2130): cleanUp()
D/KeyguardViewMediator( 2130): setHidden false
D/KeyguardViewMediator( 2130): setHidden false
D/SHOW_UI ( 6786): @@@@ Handler:1
D/SHOW_UI ( 6786): @@@@ Reconnect :1
D/SHOW_UI ( 6786): @@@@ Reconnect enable:SCANNING
D/SHOW_UI ( 6786): @@@@ Reconnect start
D/SHOW_CM ( 2797): reassociate for cont-connect
D/SHOW_CM ( 2797): Setting scan request:0, 0
E/WifiNative-wlan0( 2130): disableNetwork:  res  true
E/WifiConfigStore( 2130): disableNetwork:  netId  -3 ret   true
E/WifiStateMachine( 2130): syncDisableNetwork:  netId  -3  result:  true
D/SHOW_CM ( 2797): AUTO CONN MODE Startup
D/SHOW_CM ( 2797): Setting scan request:0, 0
D/SHOW_CM ( 2797): AutoConnectTime Changed:15,1
D/SHOW_CM ( 2797): SCANNING setted
D/SHOW_CM ( 2797): Setting scan request:1, 0
D/KeyguardViewMediator( 2130): setHidden false
I/SurfaceFlinger( 1846): id=259 Removed Leyguard idx=4 MapSz=3
I/SurfaceFlinger( 1846): id=259 Removed Leyguard idx=-2 MapSz=3
D/KeyguardViewMediator( 2130): setHidden false
I/power   ( 2130): *** release_dvfs_lock : lockType : 1 
D/InputReader( 2130): Input event: value=1
D/RestrictionPolicy( 2130): isHomeKeyEnabled :true
D/RestrictionPolicy( 2130): isHomeKeyEnabled :true
D/RestrictionPolicy( 2130): isHomeKeyEnabled :true
W/SignalStrength( 2252): getGsmLevel=4
W/SignalStrength( 2252): getLevel=4 (SignalStrength: 99 -1 -1 -1 -1 -1 -1 -1 -1 -1 -1 -1 gsm|lte 4)
I/WifiService( 2130): Booster FLAG : 1
I/WifiService( 2130): mBoosterFLAG : 1
I/WifiService( 2130): current booster mode : FullMode
D/RestrictionPolicy( 2130): isHomeKeyEnabled :true
D/SHOW_CM ( 2797): SCANNING setted
D/SHOW_CM ( 2797): Setting scan request:1, 0
D/RestrictionPolicy( 2130): isHomeKeyEnabled :true
D/StatusChecker( 7423): onReceive : android.intent.action.SERVICE_STATE
D/StatusChecker( 7423): Service state changed : 0
E/NetworkNotificationUI( 2403): onDataConnectionStateChanged-S:2 T:15
D/NetworkNotificationUI( 2403): notify3gWarning mDataState = 2 mPrevDataState = 2 mIsWifiConnected = false m3gwarningPopup = false
E/NetworkNotificationUI( 2403): updateWifistate : networkState = DISCONNECTED
E/NetworkNotificationUI( 2403): notify3gWarning updateWifistate() = false
E/NetworkNotificationUI( 2403): updateWifistate : networkState = DISCONNECTED
D/PhoneApp( 2403): mReceiver: ACTION_ANY_DATA_CONNECTION_STATE_CHANGED
D/NotificationMgr( 2403): hideDataDisconnectedRoaming()...
W/WindowManager( 2130): interceptKeyBeforeDispatching with IVoIPInterface 
D/RestrictionPolicy( 2130): isHomeKeyEnabled :true
D/RestrictionPolicy( 2130): isHomeKeyEnabled :true
D/RestrictionPolicy( 2130): isHomeKeyEnabled :true
D/dalvikvm( 2252): GC_FOR_ALLOC freed 1629K, 21% free 15145K/19079K, paused 43ms, total 43ms
I/dalvikvm-heap( 2252): Grow heap (frag case) to 16.081MB for 214528-byte allocation
D/RestrictionPolicy( 2130): isHomeKeyEnabled :true
D/dalvikvm( 2252): GC_FOR_ALLOC freed 5K, 21% free 15349K/19335K, paused 36ms, total 36ms
D/InputReader( 2130): Input event: value=0
D/RestrictionPolicy( 2130): isHomeKeyEnabled :true
D/dalvikvm( 2252): GC_FOR_ALLOC freed 50K, 21% free 15347K/19335K, paused 29ms, total 29ms
I/dalvikvm-heap( 2252): Grow heap (frag case) to 16.278MB for 214528-byte allocation
D/dalvikvm( 2252): GC_FOR_ALLOC freed 1K, 21% free 15554K/19591K, paused 24ms, total 24ms
D/dalvikvm( 2252): GC_FOR_ALLOC freed 28K, 21% free 15573K/19591K, paused 34ms, total 34ms
I/dalvikvm-heap( 2252): Grow heap (frag case) to 16.500MB for 214528-byte allocation
D/dalvikvm( 2252): GC_FOR_ALLOC freed <1K, 21% free 15783K/19847K, paused 24ms, total 24ms
D/dalvikvm( 2252): GC_FOR_ALLOC freed 50K, 21% free 15824K/19847K, paused 34ms, total 34ms
I/dalvikvm-heap( 2252): Grow heap (frag case) to 16.745MB for 214528-byte allocation
D/dalvikvm( 2252): GC_FOR_ALLOC freed <1K, 21% free 16034K/20103K, paused 25ms, total 25ms
I/SurfaceFlinger( 1846): id=261(3) createSurf 0x4186e744 (480x800),1 flag=0, SecentsPane
D/WindowManager( 2130): PhoneWindowManager: focusChangedLw
D/KeyguardViewMediator( 2130): setHidden false
D/dalvikvm( 2252): GC_FOR_ALLOC freed 78K, 19% free 16285K/20103K, paused 34ms, total 35ms
I/dalvikvm-heap( 2252): Grow heap (frag case) to 17.195MB for 214528-byte allocation
D/dalvikvm( 2252): GC_FOR_ALLOC freed 2K, 19% free 16493K/20359K, paused 36ms, total 36ms
D/KeyguardViewMediator( 2130): setHidden false
D/SensorManager(28658): unregisterListener:: Trklfufi 9 budiwrd5mrfo5WirfulblrwuFmfulTrklfufi$KfukwiFmfulTrklfufiRvht@,*dc::-(
D/Sensors (28658): Remain listener = Sending .. normal delay 200ms
I/Sensors (28658): sendDelay --- 200000000
I/SensorService( 2130): info.selectDelay() ns=200000000  
D/AKMD2   ( 2130): akm_set_delay: accel same delay = 200000000 
D/SensorService( 2130): SensorDevice::setDelay, Return(true 1, false 0) =  1
D/SensorManager(28658): JNI - sendDelay
I/SensorManager(28658): Set normal delay = true
D/SensorService( 2130): SensorDevice::activating sensor handle=0 ns=200000000 
D/AKMD2   ( 2130): akm_set_delay: accel same delay = 200000000 
D/KeyguardViewMediator( 2130): setHidden false
D/KeyguardViewMediator( 2130): setHidden false
D/SHOW_CM ( 2797): SCANNING setted
D/SHOW_CM ( 2797): Setting scan request:1, 0
I/InputReader( 2130): Touch event's action is 0x0 (deviceType=0) [pCnt=1, s=0.960 ]
I/InputDispatcher( 2130): Delivering touch to current input target: action: 0x0
I/InputDispatcher( 2130): Delivering touch to current input target: action: 0x0
I/InputDispatcher( 2130): Delivering touch to current input target: action: 0x0
D/SHOW_CM ( 2797): SCANNING setted
D/SHOW_CM ( 2797): Setting scan request:1, 0
D/dalvikvm( 4372): GC_CONCURRENT freed 488K, 15% free 9772K/11463K, paused 3ms+2ms, total 38ms
I/InputReader( 2130): Touch event's action is 0x1 (deviceType=0) [pCnt=1, s=]
I/InputDispatcher( 2130): Delivering touch to current input target: action: 0x1
I/InputDispatcher( 2130): Delivering touch to current input target: action: 0x1
I/InputDispatcher( 2130): Delivering touch to current input target: action: 0x1
D/KeyguardViewMediator( 2130): setHidden false
D/KeyguardViewMediator( 2130): setHidden false
I/ClipboardServiceEx( 2130): Send intent for dismiss clipboard dialog inside hideCurrentInputLocked() !
D/SHOW_CM ( 2797): New SCAN:1
D/SHOW_CM ( 2797): SCAN_EVENT
D/SHOW_CM ( 2797): OFFTIMER:9999:1369315262,3
D/SHOW_CM ( 2797): AutoConn Mode is enabled, so do not for default autoconnection
D/SHOW_CM ( 2797): SCAN_SEL:-1,0,1,3
D/SHOW_CM ( 2797): Scan req disabled for AutoConn
D/Tethering( 2130): interfaceLinkStateChanged wlan0, true
D/Tethering( 2130): interfaceStatusChanged wlan0, true
I/power   ( 2130): *** acquire_dvfs_lock : lockType : 1  freq : 1000000 
I/SurfaceFlinger( 1846): id=262(43) createSurf (480x800),-1 flag=30004, GreezeSurfa
I/InputReader( 2130): Reconfiguring input devices.  changes=0x00000004
I/InputReader( 2130): Device reconfigured: id=2, name='sec_touchscreen', surface size is now 480x800, mode is 1
I/SurfaceFlinger( 1846): Orientation 0=>1
D/PhoneApp( 2403): updateProximitySensorMode: lock already released.
D/KeyguardViewMediator( 2130): setHidden false
D/KeyguardViewMediator( 2130): setHidden false
D/KeyguardViewMediator( 2130): setHidden false
D/dalvikvm( 2369): GC_CONCURRENT freed 474K, 16% free 10498K/12423K, paused 6ms+44ms, total 143ms
D/dalvikvm( 2369): WAIT_FOR_CONCURRENT_GC blocked 52ms
D/dalvikvm(31759): GC_FOR_ALLOC freed 2938K, 43% free 21882K/38279K, paused 49ms, total 49ms
I/dalvikvm-heap(31759): Grow heap (frag case) to 25.214MB for 2895064-byte allocation
D/dalvikvm(31759): GC_CONCURRENT freed <1K, 36% free 24708K/38279K, paused 12ms+2ms, total 39ms
D/dalvikvm(31759): WAIT_FOR_CONCURRENT_GC blocked 24ms
I/SurfaceFlinger( 1846): id=263(6) createSurf 0x41881d74 (800x480),2 flag=400, TCVActivity
D/ClockAlarmWidgetService( 4357): [ClockAlarmWidgetService] onReceive: action = android.intent.action.CONFIGURATION_CHANGED
D/KeyguardViewMediator( 2130): setHidden false
D/KeyguardViewMediator( 2130): setHidden false
D/KeyguardViewMediator( 2130): setHidden false
I/SurfaceFlinger( 1846): id=261 Removed SecentsPane idx=6 MapSz=4
D/KeyguardViewMediator( 2130): setHidden false
I/SurfaceFlinger( 1846): id=261 Removed SecentsPane idx=-2 MapSz=4
D/WindowManager( 2130): PhoneWindowManager: focusChangedLw
D/KeyguardViewMediator( 2130): setHidden false
D/KeyguardViewMediator( 2130): setHidden false
I/power   ( 2130): *** release_dvfs_lock : lockType : 1 
D/KeyguardViewMediator( 2130): setHidden false
I/SurfaceFlinger( 1846): id=264(44) createSurf (960x800),-1 flag=20000, ClackSurfac
I/SurfaceFlinger( 1846): id=265(45) createSurf (480x1600),-1 flag=20000, ClackSurfac
I/SurfaceFlinger( 1846): id=266(46) createSurf (960x800),-1 flag=20000, ClackSurfac
I/SurfaceFlinger( 1846): id=267(47) createSurf (480x1600),-1 flag=20000, ClackSurfac
D/lights  ( 2130): button : 2 +
D/lights  ( 2130): button : 2 -
E/lights  ( 2130): write_int failed to open /sys/class/leds/keyboard-backlight/brightness
V/PhoneStatusBar( 2252): setLightsOn(true)
D/KeyguardViewMediator( 2130): setHidden false
I/ClipboardServiceEx( 2130): Send intent for dismiss clipboard dialog inside hideCurrentInputLocked() !
D/dalvikvm( 4228): GC_CONCURRENT freed 372K, 15% free 9715K/11335K, paused 1ms+2ms, total 207ms
D/KeyguardViewMediator( 2130): setHidden false
I/ActivityThread( 7661): Pub com.android.calendar: com.android.providers.calendar.CalendarProvider2
I/CalendarProvider2( 7661): CalendarProvider2.onCreate() called
I/SurfaceFlinger( 1846): id=258 Removed DhatRoomAct idx=0 MapSz=3
D/KeyguardViewMediator( 2130): setHidden false
I/SurfaceFlinger( 1846): id=258 Removed DhatRoomAct idx=-2 MapSz=3
W/IInputConnectionWrapper(28658): clearMetaKeyStates on inactive InputConnection
W/IInputConnectionWrapper(28658): clearMetaKeyStates on inactive InputConnection
W/IInputConnectionWrapper(28658): clearMetaKeyStates on inactive InputConnection
W/IInputConnectionWrapper(28658): clearMetaKeyStates on inactive InputConnection
W/IInputConnectionWrapper(28658): clearMetaKeyStates on inactive InputConnection
W/IInputConnectionWrapper(28658): clearMetaKeyStates on inactive InputConnection
W/IInputConnectionWrapper(28658): showStatusIcon on inactive InputConnection
W/IInputConnectionWrapper(28658): showStatusIcon on inactive InputConnection
D/KeyguardViewMediator( 2130): setHidden false
D/dalvikvm(  622): GC_FOR_ALLOC freed 511K, 19% free 9809K/11975K, paused 15ms, total 15ms
D/dalvikvm(  622): GC_CONCURRENT freed 127K, 16% free 10118K/11975K, paused 2ms+2ms, total 18ms
I/SurfaceFlinger( 1846): id=262 Removed GreezeSurfa idx=5 MapSz=3
I/SurfaceFlinger( 1846): id=264 Removed ClackSurfac idx=5 MapSz=3
I/SurfaceFlinger( 1846): id=262 Removed GreezeSurfa idx=-2 MapSz=3
I/SurfaceFlinger( 1846): id=265 Removed ClackSurfac idx=5 MapSz=3
I/SurfaceFlinger( 1846): id=264 Removed ClackSurfac idx=-2 MapSz=3
I/SurfaceFlinger( 1846): id=266 Removed ClackSurfac idx=5 MapSz=3
I/SurfaceFlinger( 1846): id=265 Removed ClackSurfac idx=-2 MapSz=3
I/SurfaceFlinger( 1846): id=267 Removed ClackSurfac idx=5 MapSz=3
I/SurfaceFlinger( 1846): id=266 Removed ClackSurfac idx=-2 MapSz=3
I/SurfaceFlinger( 1846): id=267 Removed ClackSurfac idx=-2 MapSz=3
D/KeyguardViewMediator( 2130): setHidden false
D/KeyguardViewMediator( 2130): setHidden false
I/CalendarProvider2( 7661): Sending notification intent: Intent { act=android.intent.action.PROVIDER_CHANGED dat=content://com.android.calendar }
D/CalendarAppWidgetProvider( 7680): onReceive.isWidgetInstanceCreated: false, getAppWidgetIds length: 0
I/Process ( 7680): Sending signal. PID: 7680 SIG: 9
D/dalvikvm( 1847): WAIT_FOR_CONCURRENT_GC blocked 0ms
D/dalvikvm( 1847): GC_EXPLICIT freed 39K, 13% free 9398K/10755K, paused 3ms+2ms, total 27ms
D/dalvikvm( 1847): WAIT_FOR_CONCURRENT_GC blocked 0ms
D/dalvikvm( 1847): GC_EXPLICIT freed <1K, 13% free 9398K/10755K, paused 2ms+3ms, total 27ms
D/dalvikvm( 1847): WAIT_FOR_CONCURRENT_GC blocked 0ms
D/dalvikvm( 1847): GC_EXPLICIT freed <1K, 13% free 9398K/10755K, paused 2ms+3ms, total 25ms
D/CalendarWidget( 7693): isWidgetInstanceCreated: false, AppWidgetIds length: 0
I/Process ( 7693): Sending signal. PID: 7693 SIG: 9
I/InputReader( 2130): Touch event's action is 0x0 (deviceType=0) [pCnt=1, s=0.961 ]
I/InputDispatcher( 2130): Delivering touch to current input target: action: 0x0
I/InputDispatcher( 2130): Delivering touch to current input target: action: 0x0
I/InputDispatcher( 2130): Delivering touch to current input target: action: 0x0
D/dalvikvm( 2130): GC_CONCURRENT freed 4640K, 25% free 28733K/38279K, paused 15ms+14ms, total 272ms
D/dalvikvm( 7705): GC_CONCURRENT freed 171K, 12% free 9694K/11015K, paused 17ms+30ms, total 81ms
D/dalvikvm( 2130): WAIT_FOR_CONCURRENT_GC blocked 0ms
I/InputReader( 2130): Touch event's action is 0x1 (deviceType=0) [pCnt=1, s=]
I/InputDispatcher( 2130): Delivering touch to current input target: action: 0x1
I/InputDispatcher( 2130): Delivering touch to current input target: action: 0x1
I/InputDispatcher( 2130): Delivering touch to current input target: action: 0x1
D/dalvikvm( 2130): GC_EXPLICIT freed 1515K, 29% free 27544K/38279K, paused 4ms+8ms, total 133ms
D/KeyguardViewMediator( 2130): handleTimeout
I/InputReader( 2130): Touch event's action is 0x0 (deviceType=0) [pCnt=1, s=0.962 ]
I/InputDispatcher( 2130): Delivering touch to current input target: action: 0x0
I/InputDispatcher( 2130): Delivering touch to current input target: action: 0x0
I/InputDispatcher( 2130): Delivering touch to current input target: action: 0x0
D/dalvikvm( 4372): GC_CONCURRENT freed 460K, 15% free 9773K/11463K, paused 3ms+3ms, total 35ms
W/fb4a(:<default>):ImmutableBundle( 7329): Unsupported value type in bundle for key fb4a_new with value {"new_version":"154780","min_version":"148914","new_version_url":"https://m.facebook.com/mobile_builds?build_number=154780&no_fw=1","new_version_notes":"","everstore_handle":"FuuCCQA5cQwCBxEkAFAANnxuPwYAAAA:"}
W/fb4a(:<default>):ImmutableBundle( 7329): Unsupported value type in bundle for key fb4a_master_new with value {"new_version":130613,"new_version_url":"https://m.facebook.com/mobile_builds?build_number=130613&no_fw=1"}
I/InputReader( 2130): Touch event's action is 0x1 (deviceType=0) [pCnt=1, s=]
I/InputDispatcher( 2130): Delivering touch to current input target: action: 0x1
I/InputDispatcher( 2130): Delivering touch to current input target: action: 0x1
I/InputDispatcher( 2130): Delivering touch to current input target: action: 0x1
D/dalvikvm( 7329): GC_CONCURRENT freed 1667K, 18% free 14757K/17863K, paused 21ms+17ms, total 109ms
D/dalvikvm( 7486): GC_CONCURRENT freed 462K, 13% free 11385K/12999K, paused 2ms+14ms, total 57ms
D/SHOW_CM ( 2797): New SCAN:1
D/SHOW_CM ( 2797): SCAN_EVENT
D/SHOW_CM ( 2797): OFFTIMER:9999:1369315262,7
D/SHOW_CM ( 2797): AutoConn Mode is enabled, so do not for default autoconnection
D/SHOW_CM ( 2797): SCAN_SEL:-1,0,0,3
D/SHOW_CM ( 2797): Scan req disabled for AutoConn
D/Tethering( 2130): interfaceLinkStateChanged wlan0, true
D/Tethering( 2130): interfaceStatusChanged wlan0, true
D/dalvikvm( 2369): GC_CONCURRENT freed 391K, 16% free 10506K/12423K, paused 25ms+4ms, total 49ms
D/dalvikvm( 4372): GC_CONCURRENT freed 414K, 15% free 9773K/11463K, paused 2ms+2ms, total 25ms
W/SignalStrength( 2252): getGsmLevel=4
W/SignalStrength( 2252): getLevel=4 (SignalStrength: 99 -1 -1 -1 -1 -1 -1 -1 -1 -1 -1 -1 gsm|lte 4)
D/StatusChecker( 7423): onReceive : android.intent.action.SERVICE_STATE
D/StatusChecker( 7423): Service state changed : 0
I/WifiService( 2130): Booster FLAG : 1
I/WifiService( 2130): mBoosterFLAG : 1
I/WifiService( 2130): current booster mode : FullMode
E/NetworkNotificationUI( 2403): onDataConnectionStateChanged-S:2 T:3
D/NetworkNotificationUI( 2403): notify3gWarning mDataState = 2 mPrevDataState = 2 mIsWifiConnected = false m3gwarningPopup = false
E/NetworkNotificationUI( 2403): updateWifistate : networkState = DISCONNECTED
E/NetworkNotificationUI( 2403): notify3gWarning updateWifistate() = false
E/NetworkNotificationUI( 2403): updateWifistate : networkState = DISCONNECTED
D/PhoneApp( 2403): mReceiver: ACTION_ANY_DATA_CONNECTION_STATE_CHANGED
D/NotificationMgr( 2403): hideDataDisconnectedRoaming()...
D/dalvikvm( 4372): GC_CONCURRENT freed 428K, 15% free 9771K/11463K, paused 14ms+2ms, total 57ms
D/SHOW_CM ( 2797): AUTO CONN MODE Startup
D/SHOW_CM ( 2797): Setting scan request:0, 0
D/SHOW_CM ( 2797): AutoConnectTime Changed:15,2
I/InputReader( 2130): Touch event's action is 0x0 (deviceType=0) [pCnt=1, s=0.963 ]
I/InputDispatcher( 2130): Delivering touch to current input target: action: 0x0
I/InputDispatcher( 2130): Delivering touch to current input target: action: 0x0
I/InputDispatcher( 2130): Delivering touch to current input target: action: 0x0
I/InputReader( 2130): Touch event's action is 0x1 (deviceType=0) [pCnt=1, s=]
I/InputDispatcher( 2130): Delivering touch to current input target: action: 0x1
I/InputDispatcher( 2130): Delivering touch to current input target: action: 0x1
I/InputDispatcher( 2130): Delivering touch to current input target: action: 0x1
D/dalvikvm( 4372): GC_CONCURRENT freed 406K, 15% free 9773K/11463K, paused 14ms+2ms, total 67ms
D/SHOW_CM ( 2797): Scantimer timeout--
D/SHOW_CM ( 2797): New SCAN:0
D/SHOW_CM ( 2797): SCAN_EVENT
D/SHOW_CM ( 2797): OFFTIMER:9999:1369315262,17
D/SHOW_CM ( 2797): AutoConn Mode is enabled, so do not for default autoconnection
D/SHOW_CM ( 2797): SCAN_SEL:-1,0,0,3
D/SHOW_CM ( 2797): Scan req disabled for AutoConn
D/SHOW_CM ( 2797): New SCAN:1
D/SHOW_CM ( 2797): SCAN_EVENT
D/SHOW_CM ( 2797): OFFTIMER:9999:1369315262,18
D/SHOW_CM ( 2797): AutoConn Mode is enabled, so do not for default autoconnection
D/SHOW_CM ( 2797): SCAN_SEL:-1,0,0,3
D/SHOW_CM ( 2797): Scan req disabled for AutoConn
D/Tethering( 2130): interfaceLinkStateChanged wlan0, true
D/Tethering( 2130): interfaceStatusChanged wlan0, true
I/InputReader( 2130): Touch event's action is 0x0 (deviceType=0) [pCnt=1, s=0.964 ]
I/InputDispatcher( 2130): Delivering touch to current input target: action: 0x0
I/InputDispatcher( 2130): Delivering touch to current input target: action: 0x0
I/InputDispatcher( 2130): Delivering touch to current input target: action: 0x0
D/dalvikvm( 4372): GC_CONCURRENT freed 415K, 15% free 9774K/11463K, paused 11ms+2ms, total 26ms
I/InputReader( 2130): Touch event's action is 0x1 (deviceType=0) [pCnt=1, s=]
I/InputDispatcher( 2130): Delivering touch to current input target: action: 0x1
I/InputDispatcher( 2130): Delivering touch to current input target: action: 0x1
I/InputDispatcher( 2130): Delivering touch to current input target: action: 0x1
D/dalvikvm( 2369): GC_CONCURRENT freed 402K, 16% free 10505K/12423K, paused 25ms+6ms, total 100ms
D/dalvikvm( 4372): GC_CONCURRENT freed 443K, 15% free 9771K/11463K, paused 2ms+2ms, total 30ms
I/InputReader( 2130): Touch event's action is 0x0 (deviceType=0) [pCnt=1, s=0.965 ]
I/InputDispatcher( 2130): Delivering touch to current input target: action: 0x0
I/InputDispatcher( 2130): Delivering touch to current input target: action: 0x0
I/InputDispatcher( 2130): Delivering touch to current input target: action: 0x0
E/Watchdog( 2130): !@Sync 263
I/InputReader( 2130): Touch event's action is 0x1 (deviceType=0) [pCnt=1, s=]
I/InputDispatcher( 2130): Delivering touch to current input target: action: 0x1
I/InputDispatcher( 2130): Delivering touch to current input target: action: 0x1
I/InputDispatcher( 2130): Delivering touch to current input target: action: 0x1
D/dalvikvm( 2130): GC_CONCURRENT freed 1945K, 29% free 27553K/38279K, paused 29ms+12ms, total 378ms
D/dalvikvm( 4372): GC_CONCURRENT freed 443K, 15% free 9774K/11463K, paused 29ms+2ms, total 88ms
D/SHOW_CM ( 2797): Scantimer timeout--
D/SHOW_CM ( 2797): New SCAN:0
D/SHOW_CM ( 2797): SCAN_EVENT
D/SHOW_CM ( 2797): OFFTIMER:9999:1369315262,28
D/SHOW_CM ( 2797): AutoConn Mode is enabled, so do not for default autoconnection
D/SHOW_CM ( 2797): SCAN_SEL:-1,0,0,3
D/SHOW_CM ( 2797): Scan req disabled for AutoConn
D/SHOW_CM ( 2797): AUTO CONN MODE Startup
D/SHOW_CM ( 2797): Setting scan request:0, 0
D/SHOW_CM ( 2797): AutoConnectTime Changed:30,3
I/InputReader( 2130): Touch event's action is 0x0 (deviceType=0) [pCnt=1, s=0.966 ]
I/InputDispatcher( 2130): Delivering touch to current input target: action: 0x0
I/InputDispatcher( 2130): Delivering touch to current input target: action: 0x0
I/InputDispatcher( 2130): Delivering touch to current input target: action: 0x0
I/InputReader( 2130): Touch event's action is 0x1 (deviceType=0) [pCnt=1, s=]
I/InputDispatcher( 2130): Delivering touch to current input target: action: 0x1
I/InputDispatcher( 2130): Delivering touch to current input target: action: 0x1
I/InputDispatcher( 2130): Delivering touch to current input target: action: 0x1
D/dalvikvm( 4372): GC_CONCURRENT freed 412K, 15% free 9774K/11463K, paused 1ms+1ms, total 15ms
D/SHOW_CM ( 2797): New SCAN:1
D/SHOW_CM ( 2797): SCAN_EVENT
D/SHOW_CM ( 2797): OFFTIMER:9999:1369315262,33
D/SHOW_CM ( 2797): AutoConn Mode is enabled, so do not for default autoconnection
D/SHOW_CM ( 2797): SCAN_SEL:-1,0,0,3
D/Tethering( 2130): interfaceLinkStateChanged wlan0, true
D/Tethering( 2130): interfaceStatusChanged wlan0, true
D/SHOW_CM ( 2797): Scan req disabled for AutoConn
D/dalvikvm( 4372): GC_CONCURRENT freed 428K, 15% free 9771K/11463K, paused 4ms+3ms, total 35ms
D/dalvikvm( 2369): GC_CONCURRENT freed 401K, 16% free 10505K/12423K, paused 14ms+3ms, total 40ms
D/dalvikvm( 4372): GC_CONCURRENT freed 426K, 15% free 9771K/11463K, paused 7ms+8ms, total 72ms
I/InputReader( 2130): Touch event's action is 0x0 (deviceType=0) [pCnt=1, s=0.967 ]
I/InputDispatcher( 2130): Delivering touch to current input target: action: 0x0
I/InputDispatcher( 2130): Delivering touch to current input target: action: 0x0
I/InputDispatcher( 2130): Delivering touch to current input target: action: 0x0
I/InputReader( 2130): Touch event's action is 0x1 (deviceType=0) [pCnt=1, s=]
I/InputDispatcher( 2130): Delivering touch to current input target: action: 0x1
I/InputDispatcher( 2130): Delivering touch to current input target: action: 0x1
I/InputDispatcher( 2130): Delivering touch to current input target: action: 0x1
D/SHOW_CM ( 2797): Scantimer timeout--
D/SHOW_CM ( 2797): New SCAN:0
D/SHOW_CM ( 2797): SCAN_EVENT
D/SHOW_CM ( 2797): OFFTIMER:9999:1369315262,43
D/SHOW_CM ( 2797): AutoConn Mode is enabled, so do not for default autoconnection
D/SHOW_CM ( 2797): SCAN_SEL:-1,0,0,3
D/SHOW_CM ( 2797): Scan req disabled for AutoConn
D/dalvikvm( 4372): GC_CONCURRENT freed 466K, 15% free 9774K/11463K, paused 6ms+3ms, total 66ms
D/dalvikvm( 4372): GC_CONCURRENT freed 428K, 15% free 9771K/11463K, paused 14ms+2ms, total 60ms
I/InputReader( 2130): Touch event's action is 0x0 (deviceType=0) [pCnt=1, s=0.968 ]
I/InputDispatcher( 2130): Delivering touch to current input target: action: 0x0
I/InputDispatcher( 2130): Delivering touch to current input target: action: 0x0
I/InputDispatcher( 2130): Delivering touch to current input target: action: 0x0
I/InputReader( 2130): Touch event's action is 0x1 (deviceType=0) [pCnt=1, s=]
I/InputDispatcher( 2130): Delivering touch to current input target: action: 0x1
I/InputDispatcher( 2130): Delivering touch to current input target: action: 0x1
I/InputDispatcher( 2130): Delivering touch to current input target: action: 0x1
D/dalvikvm( 4372): GC_CONCURRENT freed 367K, 15% free 9790K/11463K, paused 11ms+2ms, total 25ms
I/InputReader( 2130): Touch event's action is 0x0 (deviceType=0) [pCnt=1, s=0.969 ]
I/InputDispatcher( 2130): Delivering touch to current input target: action: 0x0
I/InputDispatcher( 2130): Delivering touch to current input target: action: 0x0
I/InputDispatcher( 2130): Delivering touch to current input target: action: 0x0
D/dalvikvm( 2369): GC_CONCURRENT freed 401K, 16% free 10505K/12423K, paused 2ms+2ms, total 40ms
I/InputReader( 2130): Touch event's action is 0x1 (deviceType=0) [pCnt=1, s=]
I/InputDispatcher( 2130): Delivering touch to current input target: action: 0x1
I/InputDispatcher( 2130): Delivering touch to current input target: action: 0x1
I/InputDispatcher( 2130): Delivering touch to current input target: action: 0x1
D/dalvikvm( 2130): GC_CONCURRENT freed 1996K, 29% free 27540K/38279K, paused 4ms+8ms, total 166ms
I/InputReader( 2130): Touch event's action is 0x0 (deviceType=0) [pCnt=1, s=0.970 ]
I/InputDispatcher( 2130): Delivering touch to current input target: action: 0x0
I/InputDispatcher( 2130): Delivering touch to current input target: action: 0x0
I/InputDispatcher( 2130): Delivering touch to current input target: action: 0x0
I/InputReader( 2130): Touch event's action is 0x1 (deviceType=0) [pCnt=1, s=]
I/InputDispatcher( 2130): Delivering touch to current input target: action: 0x1
I/InputDispatcher( 2130): Delivering touch to current input target: action: 0x1
I/InputDispatcher( 2130): Delivering touch to current input target: action: 0x1
D/dalvikvm(31759): GC_FOR_ALLOC freed 9674K, 58% free 16279K/38279K, paused 87ms, total 87ms
I/dalvikvm-heap(31759): Grow heap (frag case) to 22.555MB for 5843724-byte allocation
D/dalvikvm(31759): GC_FOR_ALLOC freed 1K, 43% free 21985K/38279K, paused 46ms, total 46ms
D/dalvikvm(31759): GC_CONCURRENT freed 22K, 43% free 21964K/38279K, paused 12ms+11ms, total 76ms
D/dalvikvm(31759): GC_FOR_ALLOC freed 32K, 43% free 21931K/38279K, paused 31ms, total 31ms
I/dalvikvm-heap(31759): Grow heap (frag case) to 25.287MB for 2919808-byte allocation
D/dalvikvm(31759): GC_CONCURRENT freed <1K, 36% free 24783K/38279K, paused 12ms+2ms, total 34ms
D/dalvikvm(31759): WAIT_FOR_CONCURRENT_GC blocked 16ms
D/dalvikvm( 4372): GC_CONCURRENT freed 397K, 15% free 9788K/11463K, paused 18ms+2ms, total 41ms
D/SHOW_CM ( 2797): Scantimer timeout--
D/SHOW_CM ( 2797): New SCAN:0
D/SHOW_CM ( 2797): SCAN_EVENT
D/SHOW_CM ( 2797): OFFTIMER:9999:1369315262,53
D/SHOW_CM ( 2797): AutoConn Mode is enabled, so do not for default autoconnection
D/SHOW_CM ( 2797): SCAN_SEL:-1,0,0,3
D/SHOW_CM ( 2797): Scan req disabled for AutoConn
I/InputReader( 2130): Touch event's action is 0x0 (deviceType=0) [pCnt=1, s=0.971 ]
I/InputDispatcher( 2130): Delivering touch to current input target: action: 0x0
I/InputDispatcher( 2130): Delivering touch to current input target: action: 0x0
I/InputDispatcher( 2130): Delivering touch to current input target: action: 0x0
I/InputReader( 2130): Touch event's action is 0x1 (deviceType=0) [pCnt=1, s=]
I/InputDispatcher( 2130): Delivering touch to current input target: action: 0x1
I/InputDispatcher( 2130): Delivering touch to current input target: action: 0x1
I/InputDispatcher( 2130): Delivering touch to current input target: action: 0x1
E/Watchdog( 2130): !@Sync 264
I/InputReader( 2130): Touch event's action is 0x0 (deviceType=0) [pCnt=1, s=0.972 ]
I/InputDispatcher( 2130): Delivering touch to current input target: action: 0x0
I/InputDispatcher( 2130): Delivering touch to current input target: action: 0x0
I/InputDispatcher( 2130): Delivering touch to current input target: action: 0x0
I/InputReader( 2130): Touch event's action is 0x1 (deviceType=0) [pCnt=1, s=]
I/InputDispatcher( 2130): Delivering touch to current input target: action: 0x1
I/InputDispatcher( 2130): Delivering touch to current input target: action: 0x1
I/InputDispatcher( 2130): Delivering touch to current input target: action: 0x1
D/dalvikvm( 4372): GC_CONCURRENT freed 479K, 15% free 9774K/11463K, paused 7ms+3ms, total 47ms
D/ClockAlarmWidgetService( 4357): [ClockAlarmWidgetService] onReceive: action = android.intent.action.TIME_TICK
D/SHOW_CM ( 2797): AUTO CONN MODE Startup
D/SHOW_CM ( 2797): Setting scan request:0, 0
D/SHOW_CM ( 2797): AutoConnectTime Changed:30,4
D/dalvikvm( 4372): GC_CONCURRENT freed 429K, 15% free 9771K/11463K, paused 2ms+2ms, total 24ms
D/SHOW_CM ( 2797): Scantimer timeout--
D/SHOW_CM ( 2797): New SCAN:0
D/SHOW_CM ( 2797): SCAN_EVENT
D/SHOW_CM ( 2797): OFFTIMER:9999:1369315262,63
D/SHOW_CM ( 2797): AutoConn Mode is enabled, so do not for default autoconnection
D/SHOW_CM ( 2797): SCAN_SEL:-1,0,0,3
D/SHOW_CM ( 2797): Scan req disabled for AutoConn
D/SHOW_CM ( 2797): New SCAN:1
D/SHOW_CM ( 2797): SCAN_EVENT
D/Tethering( 2130): interfaceLinkStateChanged wlan0, true
D/Tethering( 2130): interfaceStatusChanged wlan0, true
D/SHOW_CM ( 2797): OFFTIMER:9999:1369315262,63
D/SHOW_CM ( 2797): AutoConn Mode is enabled, so do not for default autoconnection
D/SHOW_CM ( 2797): SCAN_SEL:-1,0,0,3
D/SHOW_CM ( 2797): Scan req disabled for AutoConn
D/dalvikvm( 4372): GC_CONCURRENT freed 426K, 15% free 9771K/11463K, paused 2ms+7ms, total 35ms
D/dalvikvm( 2369): GC_CONCURRENT freed 401K, 16% free 10505K/12423K, paused 14ms+6ms, total 62ms
D/dalvikvm( 4372): GC_CONCURRENT freed 426K, 15% free 9771K/11463K, paused 9ms+3ms, total 35ms
I/EventLogService( 2504): Aggregate from 1369313532834 (log), 1369313532834 (data)
D/dalvikvm( 2130): GC_CONCURRENT freed 1923K, 28% free 27561K/38279K, paused 40ms+8ms, total 251ms
D/SHOW_CM ( 2797): Scantimer timeout--
D/SHOW_CM ( 2797): New SCAN:0
D/SHOW_CM ( 2797): SCAN_EVENT
D/SHOW_CM ( 2797): OFFTIMER:9999:1369315262,73
D/SHOW_CM ( 2797): AutoConn Mode is enabled, so do not for default autoconnection
D/SHOW_CM ( 2797): SCAN_SEL:-1,0,0,3
D/SHOW_CM ( 2797): Scan req disabled for AutoConn
D/dalvikvm( 4372): GC_CONCURRENT freed 426K, 15% free 9771K/11463K, paused 15ms+3ms, total 57ms
I/InputReader( 2130): Touch event's action is 0x0 (deviceType=0) [pCnt=1, s=0.973 ]
I/InputDispatcher( 2130): Delivering touch to current input target: action: 0x0
I/InputDispatcher( 2130): Delivering touch to current input target: action: 0x0
I/InputDispatcher( 2130): Delivering touch to current input target: action: 0x0
I/InputReader( 2130): Touch event's action is 0x1 (deviceType=0) [pCnt=1, s=]
I/InputDispatcher( 2130): Delivering touch to current input target: action: 0x1
I/InputDispatcher( 2130): Delivering touch to current input target: action: 0x1
I/InputDispatcher( 2130): Delivering touch to current input target: action: 0x1
D/dalvikvm(31759): GC_FOR_ALLOC freed 3328K, 43% free 21965K/38279K, paused 69ms, total 71ms
I/dalvikvm-heap(31759): Grow heap (frag case) to 25.320MB for 2919808-byte allocation
D/dalvikvm(31759): GC_FOR_ALLOC freed <1K, 36% free 24816K/38279K, paused 38ms, total 38ms
D/dalvikvm(31759): GC_CONCURRENT freed 10K, 36% free 24808K/38279K, paused 12ms+3ms, total 75ms
D/dalvikvm( 4372): GC_CONCURRENT freed 410K, 15% free 9796K/11463K, paused 29ms+2ms, total 48ms
D/dalvikvm( 2369): GC_CONCURRENT freed 401K, 16% free 10505K/12423K, paused 18ms+3ms, total 47ms
D/dalvikvm( 4372): GC_CONCURRENT freed 450K, 15% free 9771K/11463K, paused 14ms+2ms, total 51ms
D/SHOW_CM ( 2797): Scantimer timeout--
D/SHOW_CM ( 2797): SCAN_EVENT
D/SHOW_CM ( 2797): OFFTIMER:9999:1369315262,83
D/SHOW_CM ( 2797): AutoConn Mode is enabled, so do not for default autoconnection
D/SHOW_CM ( 2797): SCAN_SEL:-1,0,0,3
D/SHOW_CM ( 2797): New SCAN:0
D/SHOW_CM ( 2797): Scan req disabled for AutoConn
E/Watchdog( 2130): !@Sync 265
D/dalvikvm( 4372): GC_CONCURRENT freed 426K, 15% free 9771K/11463K, paused 14ms+2ms, total 39ms
D/SHOW_CM ( 2797): AUTO CONN MODE Startup
D/SHOW_CM ( 2797): Setting scan request:0, 0
D/SHOW_CM ( 2797): AutoConnectTime Changed:60,5
D/dalvikvm( 4372): GC_CONCURRENT freed 426K, 15% free 9771K/11463K, paused 13ms+2ms, total 38ms
D/SHOW_CM ( 2797): Scantimer timeout--
D/SHOW_CM ( 2797): New SCAN:0
D/SHOW_CM ( 2797): SCAN_EVENT
D/SHOW_CM ( 2797): OFFTIMER:9999:1369315262,93
D/SHOW_CM ( 2797): AutoConn Mode is enabled, so do not for default autoconnection
D/SHOW_CM ( 2797): SCAN_SEL:-1,0,0,3
D/SHOW_CM ( 2797): Scan req disabled for AutoConn
D/SHOW_CM ( 2797): New SCAN:1
D/SHOW_CM ( 2797): SCAN_EVENT
D/Tethering( 2130): interfaceLinkStateChanged wlan0, true
D/Tethering( 2130): interfaceStatusChanged wlan0, true
D/SHOW_CM ( 2797): OFFTIMER:9999:1369315262,93
D/SHOW_CM ( 2797): AutoConn Mode is enabled, so do not for default autoconnection
D/SHOW_CM ( 2797): SCAN_SEL:-1,0,0,3
D/SHOW_CM ( 2797): Scan req disabled for AutoConn
D/dalvikvm( 2369): GC_CONCURRENT freed 401K, 16% free 10505K/12423K, paused 14ms+3ms, total 40ms
D/dalvikvm( 4372): GC_CONCURRENT freed 426K, 15% free 9771K/11463K, paused 4ms+2ms, total 26ms
D/dalvikvm( 2130): GC_CONCURRENT freed 1973K, 29% free 27534K/38279K, paused 41ms+8ms, total 250ms
D/dalvikvm( 4372): GC_CONCURRENT freed 426K, 15% free 9771K/11463K, paused 14ms+2ms, total 45ms
D/SHOW_CM ( 2797): Scantimer timeout--
D/SHOW_CM ( 2797): New SCAN:0
D/SHOW_CM ( 2797): OFFTIMER:9999:1369315262,103
D/SHOW_CM ( 2797): AutoConn Mode is enabled, so do not for default autoconnection
D/SHOW_CM ( 2797): SCAN_SEL:-1,0,0,3
D/SHOW_CM ( 2797): SCAN_EVENT
D/SHOW_CM ( 2797): Scan req disabled for AutoConn
D/dalvikvm( 4372): GC_CONCURRENT freed 426K, 15% free 9771K/11463K, paused 13ms+2ms, total 31ms
D/dalvikvm( 2369): GC_CONCURRENT freed 401K, 16% free 10505K/12423K, paused 14ms+3ms, total 41ms
D/dalvikvm( 4372): GC_CONCURRENT freed 426K, 15% free 9771K/11463K, paused 13ms+2ms, total 32ms
D/SHOW_CM ( 2797): Scantimer timeout--
D/SHOW_CM ( 2797): New SCAN:0
D/SHOW_CM ( 2797): SCAN_EVENT
D/SHOW_CM ( 2797): OFFTIMER:9999:1369315262,113
D/SHOW_CM ( 2797): AutoConn Mode is enabled, so do not for default autoconnection
D/SHOW_CM ( 2797): SCAN_SEL:-1,0,0,3
D/SHOW_CM ( 2797): Scan req disabled for AutoConn
D/dalvikvm( 4372): GC_CONCURRENT freed 426K, 15% free 9771K/11463K, paused 2ms+2ms, total 23ms
E/Watchdog( 2130): !@Sync 266
D/ClockAlarmWidgetService( 4357): [ClockAlarmWidgetService] onReceive: action = android.intent.action.TIME_TICK
D/dalvikvm( 4372): GC_CONCURRENT freed 426K, 15% free 9771K/11463K, paused 3ms+2ms, total 32ms
D/dalvikvm( 2130): GC_CONCURRENT freed 1912K, 29% free 27546K/38279K, paused 42ms+7ms, total 211ms
D/dalvikvm( 2369): GC_CONCURRENT freed 401K, 16% free 10505K/12423K, paused 10ms+11ms, total 88ms
D/dalvikvm( 4372): GC_CONCURRENT freed 426K, 15% free 9771K/11463K, paused 15ms+2ms, total 70ms
D/SHOW_CM ( 2797): Scantimer timeout--
D/SHOW_CM ( 2797): New SCAN:0
D/SHOW_CM ( 2797): SCAN_EVENT
D/SHOW_CM ( 2797): OFFTIMER:9999:1369315262,123
D/SHOW_CM ( 2797): AutoConn Mode is enabled, so do not for default autoconnection
D/SHOW_CM ( 2797): SCAN_SEL:-1,0,0,3
D/SHOW_CM ( 2797): Scan req disabled for AutoConn
D/dalvikvm( 4372): GC_CONCURRENT freed 426K, 15% free 9771K/11463K, paused 7ms+2ms, total 25ms
W/SignalStrength( 2252): getGsmLevel=4
W/SignalStrength( 2252): getLevel=4 (SignalStrength: 99 -1 -1 -1 -1 -1 -1 -1 -1 -1 -1 -1 gsm|lte 4)
I/WifiService( 2130): Booster FLAG : 1
I/WifiService( 2130): mBoosterFLAG : 1
I/WifiService( 2130): current booster mode : FullMode
D/StatusChecker( 7423): onReceive : android.intent.action.SERVICE_STATE
D/StatusChecker( 7423): Service state changed : 0
E/NetworkNotificationUI( 2403): onDataConnectionStateChanged-S:2 T:15
D/NetworkNotificationUI( 2403): notify3gWarning mDataState = 2 mPrevDataState = 2 mIsWifiConnected = false m3gwarningPopup = false
E/NetworkNotificationUI( 2403): updateWifistate : networkState = DISCONNECTED
E/NetworkNotificationUI( 2403): notify3gWarning updateWifistate() = false
E/NetworkNotificationUI( 2403): updateWifistate : networkState = DISCONNECTED
D/PhoneApp( 2403): mReceiver: ACTION_ANY_DATA_CONNECTION_STATE_CHANGED
D/NotificationMgr( 2403): hideDataDisconnectedRoaming()...
D/dalvikvm( 4372): GC_CONCURRENT freed 426K, 15% free 9771K/11463K, paused 15ms+2ms, total 43ms
W/SignalStrength( 2252): getGsmLevel=4
W/SignalStrength( 2252): getLevel=4 (SignalStrength: 99 -1 -1 -1 -1 -1 -1 -1 -1 -1 -1 -1 gsm|lte 4)
I/WifiService( 2130): Booster FLAG : 1
I/WifiService( 2130): mBoosterFLAG : 1
I/WifiService( 2130): current booster mode : FullMode
D/StatusChecker( 7423): onReceive : android.intent.action.SERVICE_STATE
D/StatusChecker( 7423): Service state changed : 0
E/NetworkNotificationUI( 2403): onDataConnectionStateChanged-S:2 T:3
D/NetworkNotificationUI( 2403): notify3gWarning mDataState = 2 mPrevDataState = 2 mIsWifiConnected = false m3gwarningPopup = false
E/NetworkNotificationUI( 2403): updateWifistate : networkState = DISCONNECTED
E/NetworkNotificationUI( 2403): notify3gWarning updateWifistate() = false
E/NetworkNotificationUI( 2403): updateWifistate : networkState = DISCONNECTED
D/PhoneApp( 2403): mReceiver: ACTION_ANY_DATA_CONNECTION_STATE_CHANGED
D/NotificationMgr( 2403): hideDataDisconnectedRoaming()...
D/SHOW_CM ( 2797): Scantimer timeout--
D/SHOW_CM ( 2797): New SCAN:0
D/SHOW_CM ( 2797): SCAN_EVENT
D/SHOW_CM ( 2797): OFFTIMER:9999:1369315262,133
D/SHOW_CM ( 2797): AutoConn Mode is enabled, so do not for default autoconnection
D/SHOW_CM ( 2797): SCAN_SEL:-1,0,0,3
D/SHOW_CM ( 2797): Scan req disabled for AutoConn
D/dalvikvm( 4372): GC_CONCURRENT freed 426K, 15% free 9771K/11463K, paused 7ms+2ms, total 47ms
I/PhoneUsageService( 4228): onReceive 
D/ApplicationPolicy( 2130): isStatusBarNotificationAllowed: packageName = demo.galmoori.datausage
D/dalvikvm( 2369): GC_CONCURRENT freed 401K, 16% free 10505K/12423K, paused 32ms+3ms, total 67ms
D/dalvikvm( 4372): GC_CONCURRENT freed 426K, 15% free 9771K/11463K, paused 13ms+2ms, total 41ms
D/dalvikvm( 2130): GC_CONCURRENT freed 1991K, 29% free 27553K/38279K, paused 40ms+8ms, total 235ms
D/SHOW_CM ( 2797): Scantimer timeout--
D/SHOW_CM ( 2797): New SCAN:0
D/SHOW_CM ( 2797): SCAN_EVENT
D/SHOW_CM ( 2797): OFFTIMER:9999:1369315262,143
D/SHOW_CM ( 2797): AutoConn Mode is enabled, so do not for default autoconnection
D/SHOW_CM ( 2797): SCAN_SEL:-1,0,0,3
D/SHOW_CM ( 2797): Scan req disabled for AutoConn
D/dalvikvm( 4372): GC_CONCURRENT freed 426K, 15% free 9771K/11463K, paused 2ms+2ms, total 23ms
E/Watchdog( 2130): !@Sync 267
D/dalvikvm( 4372): GC_CONCURRENT freed 426K, 15% free 9771K/11463K, paused 7ms+2ms, total 25ms
D/SHOW_CM ( 2797): AUTO CONN MODE Startup
D/SHOW_CM ( 2797): Setting scan request:0, 0
D/SHOW_CM ( 2797): AutoConnectTime Changed:60,6
D/dalvikvm( 2369): GC_CONCURRENT freed 401K, 16% free 10505K/12423K, paused 13ms+3ms, total 40ms
D/SHOW_CM ( 2797): Scantimer timeout--
D/SHOW_CM ( 2797): New SCAN:0
D/SHOW_CM ( 2797): OFFTIMER:9999:1369315262,153
D/SHOW_CM ( 2797): AutoConn Mode is enabled, so do not for default autoconnection
D/SHOW_CM ( 2797): SCAN_SEL:-1,0,0,3
D/SHOW_CM ( 2797): SCAN_EVENT
D/SHOW_CM ( 2797): Scan req disabled for AutoConn
D/SHOW_CM ( 2797): New SCAN:1
D/SHOW_CM ( 2797): SCAN_EVENT
D/SHOW_CM ( 2797): OFFTIMER:9999:1369315262,153
D/SHOW_CM ( 2797): AutoConn Mode is enabled, so do not for default autoconnection
D/SHOW_CM ( 2797): SCAN_SEL:-1,0,0,3
D/Tethering( 2130): interfaceLinkStateChanged wlan0, true
D/Tethering( 2130): interfaceStatusChanged wlan0, true
D/SHOW_CM ( 2797): Scan req disabled for AutoConn
D/dalvikvm( 4372): GC_CONCURRENT freed 426K, 15% free 9771K/11463K, paused 2ms+2ms, total 21ms
D/dalvikvm( 4372): GC_CONCURRENT freed 426K, 15% free 9771K/11463K, paused 4ms+2ms, total 25ms
D/dalvikvm(31759): GC_CONCURRENT freed 4734K, 43% free 21999K/38279K, paused 35ms+4ms, total 134ms
D/dalvikvm( 4372): GC_CONCURRENT freed 426K, 15% free 9771K/11463K, paused 14ms+2ms, total 64ms
D/SHOW_CM ( 2797): Scantimer timeout--
D/SHOW_CM ( 2797): New SCAN:0
D/SHOW_CM ( 2797): SCAN_EVENT
D/SHOW_CM ( 2797): OFFTIMER:9999:1369315262,163
D/SHOW_CM ( 2797): AutoConn Mode is enabled, so do not for default autoconnection
D/SHOW_CM ( 2797): SCAN_SEL:-1,0,0,3
D/SHOW_CM ( 2797): Scan req disabled for AutoConn
D/dalvikvm( 2130): GC_CONCURRENT freed 1968K, 29% free 27540K/38279K, paused 35ms+7ms, total 195ms
D/dalvikvm( 2369): GC_CONCURRENT freed 401K, 16% free 10505K/12423K, paused 28ms+4ms, total 74ms
D/dalvikvm( 4372): GC_CONCURRENT freed 426K, 15% free 9771K/11463K, paused 16ms+2ms, total 50ms
D/dalvikvm( 4372): GC_CONCURRENT freed 426K, 15% free 9771K/11463K, paused 19ms+2ms, total 60ms
D/SHOW_CM ( 2797): Scantimer timeout--
D/SHOW_CM ( 2797): New SCAN:0
D/SHOW_CM ( 2797): SCAN_EVENT
D/SHOW_CM ( 2797): OFFTIMER:9999:1369315262,173
D/SHOW_CM ( 2797): AutoConn Mode is enabled, so do not for default autoconnection
D/SHOW_CM ( 2797): SCAN_SEL:-1,0,0,3
D/SHOW_CM ( 2797): Scan req disabled for AutoConn
E/Watchdog( 2130): !@Sync 268
D/dalvikvm( 4372): GC_CONCURRENT freed 426K, 15% free 9771K/11463K, paused 13ms+2ms, total 40ms
D/ClockAlarmWidgetService( 4357): [ClockAlarmWidgetService] onReceive: action = android.intent.action.TIME_TICK
D/dalvikvm( 4372): GC_CONCURRENT freed 426K, 15% free 9771K/11463K, paused 24ms+2ms, total 58ms
D/dalvikvm( 2369): GC_CONCURRENT freed 400K, 16% free 10505K/12423K, paused 41ms+3ms, total 85ms
I/ActivityThread( 7956): Pub com.wssyncmldm.ContentProvider: com.smldm.db.sql.XDMDbContentProvider
I/DBG_DM  ( 7956): [][Line:67][onCreate] 
I/DBG_DM  ( 7956): [v5_1211_2_1][Line:714][xdmGetCheckWifiOnlyModel] isWifiOnly : false
I/DBG_DM  ( 7956): [v5_1211_2_1][Line:729][xdmGetCheckDataOnly] Voice : true
I/DBG_DM  ( 7956): [v5_1211_2_1][Line:730][xdmGetCheckDataOnly] SMS : true
I/DBG_DM  ( 7956): [v5_1211_2_1][Line:737][xdmGetCheckDataOnly] isDataOnly : false
I/DBG_DM  ( 7956): [v5_1211_2_1][Line:31][xdmInitialize] UYqn6vq3qTH35L66pR9dB6ZrOQhtHCYbjdszx6nYrjFYzeVOvvlPUzE67GnQVups
I/DBG_DM  ( 7956): [v5_1211_2_1][Line:32][xdmInitialize] AgVOOqV7UpXFblBk29Ld3aZrOQhtHCYbjdszx6nYrjFYzeVOvvlPUzE67GnQVups
I/DBG_DM  ( 7956): [v5_1211_2_1][Line:33][xdmInitialize] AgVOOqV7UpXFblBk29Ld3WQvEpsHE7t6/Nl1XTy+HilJTAKQBHXXIrZAqqe5iIKy
