D/dalvikvm( 2369): GC_CONCURRENT freed 401K, 16% free 10505K/12423K, paused 38ms+18ms, total 84ms
D/dalvikvm( 4372): GC_CONCURRENT freed 426K, 15% free 9771K/11463K, paused 2ms+2ms, total 31ms
D/dalvikvm(31759): GC_CONCURRENT freed 1930K, 43% free 21999K/38279K, paused 35ms+4ms, total 100ms
D/dalvikvm( 4372): GC_CONCURRENT freed 426K, 15% free 9771K/11463K, paused 11ms+3ms, total 30ms
D/dalvikvm( 4372): GC_CONCURRENT freed 426K, 15% free 9771K/11463K, paused 8ms+2ms, total 27ms
D/dalvikvm( 4372): GC_CONCURRENT freed 426K, 15% free 9771K/11463K, paused 2ms+3ms, total 30ms
D/dalvikvm( 2369): GC_CONCURRENT freed 400K, 16% free 10505K/12423K, paused 27ms+3ms, total 63ms
D/dalvikvm( 2130): GC_CONCURRENT freed 1982K, 29% free 27536K/38279K, paused 42ms+8ms, total 214ms
D/dalvikvm( 4372): GC_CONCURRENT freed 426K, 15% free 9771K/11463K, paused 12ms+2ms, total 36ms
E/Watchdog( 2130): !@Sync 322
D/dalvikvm( 4372): GC_CONCURRENT freed 426K, 15% free 9771K/11463K, paused 12ms+2ms, total 31ms
D/ClockAlarmWidgetService( 8840): [ClockAlarmWidgetService] onReceive: action = android.intent.action.TIME_TICK
D/dalvikvm( 4372): GC_CONCURRENT freed 426K, 15% free 9771K/11463K, paused 14ms+2ms, total 48ms
D/dalvikvm( 2369): GC_CONCURRENT freed 401K, 16% free 10505K/12423K, paused 32ms+4ms, total 55ms
D/dalvikvm( 4372): GC_CONCURRENT freed 426K, 15% free 9771K/11463K, paused 8ms+2ms, total 30ms
D/dalvikvm( 4372): GC_CONCURRENT freed 426K, 15% free 9771K/11463K, paused 9ms+2ms, total 27ms
D/dalvikvm( 4372): GC_CONCURRENT freed 426K, 15% free 9771K/11463K, paused 2ms+2ms, total 40ms
D/dalvikvm( 2130): GC_CONCURRENT freed 1994K, 29% free 27536K/38279K, paused 37ms+8ms, total 224ms
D/dalvikvm( 2369): GC_CONCURRENT freed 401K, 16% free 10505K/12423K, paused 32ms+3ms, total 97ms
D/dalvikvm( 4372): GC_CONCURRENT freed 426K, 15% free 9771K/11463K, paused 13ms+7ms, total 69ms
D/dalvikvm( 4372): GC_CONCURRENT freed 426K, 15% free 9771K/11463K, paused 13ms+2ms, total 62ms
E/Watchdog( 2130): !@Sync 323
D/dalvikvm( 4372): GC_CONCURRENT freed 426K, 15% free 9771K/11463K, paused 7ms+2ms, total 65ms
D/dalvikvm(  500): GC_CONCURRENT freed 1449K, 12% free 22328K/25223K, paused 13ms+11ms, total 68ms
D/dalvikvm( 2369): GC_CONCURRENT freed 401K, 16% free 10505K/12423K, paused 20ms+3ms, total 45ms
D/dalvikvm( 4372): GC_CONCURRENT freed 425K, 15% free 9771K/11463K, paused 10ms+3ms, total 28ms
D/SHOW_CM ( 2797): AUTO CONN MODE Startup
D/SHOW_CM ( 2797): Setting scan request:0, 0
D/SHOW_CM ( 2797): AutoConnectTime Changed:300,14
D/dalvikvm( 4372): GC_CONCURRENT freed 426K, 15% free 9771K/11463K, paused 15ms+2ms, total 34ms
D/SHOW_CM ( 2797): New SCAN:1
D/SHOW_CM ( 2797): SCAN_EVENT
D/SHOW_CM ( 2797): OFFTIMER:9999:1369315262,1833
D/SHOW_CM ( 2797): AutoConn Mode is enabled, so do not for default autoconnection
D/SHOW_CM ( 2797): SCAN_SEL:-1,0,0,3
D/SHOW_CM ( 2797): Scan req disabled for AutoConn
D/Tethering( 2130): interfaceLinkStateChanged wlan0, true
D/Tethering( 2130): interfaceStatusChanged wlan0, true
D/dalvikvm( 2130): GC_CONCURRENT freed 1927K, 29% free 27531K/38279K, paused 43ms+8ms, total 180ms
D/dalvikvm( 4372): GC_CONCURRENT freed 425K, 15% free 9771K/11463K, paused 8ms+3ms, total 26ms
D/dalvikvm( 4372): GC_CONCURRENT freed 426K, 15% free 9771K/11463K, paused 3ms+2ms, total 46ms
D/dalvikvm( 2369): GC_CONCURRENT freed 401K, 16% free 10505K/12423K, paused 28ms+4ms, total 78ms
D/SHOW_CM ( 2797): Scantimer timeout--
D/SHOW_CM ( 2797): New SCAN:0
D/SHOW_CM ( 2797): SCAN_EVENT
D/SHOW_CM ( 2797): OFFTIMER:9999:1369315262,1843
D/SHOW_CM ( 2797): AutoConn Mode is enabled, so do not for default autoconnection
D/SHOW_CM ( 2797): SCAN_SEL:-1,0,0,3
D/SHOW_CM ( 2797): Scan req disabled for AutoConn
D/dalvikvm( 4372): GC_CONCURRENT freed 426K, 15% free 9771K/11463K, paused 19ms+2ms, total 59ms
D/dalvikvm( 4372): GC_CONCURRENT freed 426K, 15% free 9771K/11463K, paused 14ms+2ms, total 41ms
E/Watchdog( 2130): !@Sync 324
D/SHOW_CM ( 2797): Scantimer timeout--
D/SHOW_CM ( 2797): New SCAN:0
D/SHOW_CM ( 2797): SCAN_EVENT
D/SHOW_CM ( 2797): OFFTIMER:9999:1369315262,1853
D/SHOW_CM ( 2797): AutoConn Mode is enabled, so do not for default autoconnection
D/SHOW_CM ( 2797): SCAN_SEL:-1,0,0,3
D/SHOW_CM ( 2797): Scan req disabled for AutoConn
D/ClockAlarmWidgetService( 8840): [ClockAlarmWidgetService] onReceive: action = android.intent.action.TIME_TICK
D/dalvikvm( 4372): GC_CONCURRENT freed 426K, 15% free 9771K/11463K, paused 14ms+2ms, total 69ms
D/dalvikvm( 2369): GC_CONCURRENT freed 401K, 16% free 10505K/12423K, paused 42ms+3ms, total 88ms
D/dalvikvm(31759): GC_CONCURRENT freed 1928K, 43% free 21999K/38279K, paused 35ms+4ms, total 129ms
D/dalvikvm( 2130): GC_CONCURRENT freed 1988K, 29% free 27533K/38279K, paused 35ms+8ms, total 217ms
D/dalvikvm( 4372): GC_CONCURRENT freed 426K, 15% free 9771K/11463K, paused 14ms+7ms, total 86ms
D/SHOW_CM ( 2797): Scantimer timeout--
D/SHOW_CM ( 2797): New SCAN:0
D/SHOW_CM ( 2797): SCAN_EVENT
D/SHOW_CM ( 2797): OFFTIMER:9999:1369315262,1863
D/SHOW_CM ( 2797): AutoConn Mode is enabled, so do not for default autoconnection
D/SHOW_CM ( 2797): SCAN_SEL:-1,0,0,3
D/SHOW_CM ( 2797): Scan req disabled for AutoConn
D/dalvikvm( 4372): GC_CONCURRENT freed 426K, 15% free 9771K/11463K, paused 15ms+5ms, total 78ms
I/EventLogService( 2504): Aggregate from 1369315333232 (log), 1369315333232 (data)
D/dalvikvm( 4372): GC_CONCURRENT freed 425K, 15% free 9771K/11463K, paused 19ms+8ms, total 79ms
D/dalvikvm( 2369): GC_CONCURRENT freed 400K, 16% free 10505K/12423K, paused 11ms+4ms, total 51ms
D/dalvikvm( 4372): GC_CONCURRENT freed 426K, 15% free 9771K/11463K, paused 10ms+2ms, total 30ms
D/SHOW_CM ( 2797): Scantimer timeout--
D/SHOW_CM ( 2797): New SCAN:0
D/SHOW_CM ( 2797): SCAN_EVENT
D/SHOW_CM ( 2797): OFFTIMER:9999:1369315262,1873
D/SHOW_CM ( 2797): AutoConn Mode is enabled, so do not for default autoconnection
D/SHOW_CM ( 2797): SCAN_SEL:-1,0,0,3
D/SHOW_CM ( 2797): Scan req disabled for AutoConn
D/dalvikvm( 4372): GC_CONCURRENT freed 426K, 15% free 9771K/11463K, paused 7ms+2ms, total 65ms
E/Watchdog( 2130): !@Sync 325
D/dalvikvm( 4372): GC_CONCURRENT freed 426K, 15% free 9771K/11463K, paused 21ms+2ms, total 61ms
D/dalvikvm( 2130): GC_CONCURRENT freed 2017K, 29% free 27525K/38279K, paused 61ms+8ms, total 271ms
D/SHOW_CM ( 2797): Scantimer timeout--
D/SHOW_CM ( 2797): New SCAN:0
D/SHOW_CM ( 2797): SCAN_EVENT
D/SHOW_CM ( 2797): OFFTIMER:9999:1369315262,1883
D/SHOW_CM ( 2797): AutoConn Mode is enabled, so do not for default autoconnection
D/SHOW_CM ( 2797): SCAN_SEL:-1,0,0,3
D/SHOW_CM ( 2797): Scan req disabled for AutoConn
D/dalvikvm( 2369): GC_CONCURRENT freed 401K, 16% free 10505K/12423K, paused 21ms+12ms, total 104ms
D/dalvikvm( 4372): GC_CONCURRENT freed 426K, 15% free 9771K/11463K, paused 8ms+2ms, total 43ms
D/dalvikvm( 4372): GC_CONCURRENT freed 426K, 15% free 9771K/11463K, paused 7ms+2ms, total 36ms
D/SHOW_CM ( 2797): Scantimer timeout--
D/SHOW_CM ( 2797): New SCAN:0
D/SHOW_CM ( 2797): SCAN_EVENT
D/SHOW_CM ( 2797): OFFTIMER:9999:1369315262,1893
D/SHOW_CM ( 2797): AutoConn Mode is enabled, so do not for default autoconnection
D/SHOW_CM ( 2797): SCAN_SEL:-1,0,0,3
D/SHOW_CM ( 2797): Scan req disabled for AutoConn
D/dalvikvm( 4372): GC_CONCURRENT freed 426K, 15% free 9771K/11463K, paused 10ms+3ms, total 28ms
D/dalvikvm( 4372): GC_CONCURRENT freed 426K, 15% free 9771K/11463K, paused 2ms+2ms, total 30ms
D/dalvikvm( 2369): GC_CONCURRENT freed 400K, 16% free 10505K/12423K, paused 17ms+4ms, total 65ms
D/SHOW_CM ( 2797): Scantimer timeout--
D/SHOW_CM ( 2797): New SCAN:0
D/SHOW_CM ( 2797): SCAN_EVENT
D/SHOW_CM ( 2797): OFFTIMER:9999:1369315262,1903
D/SHOW_CM ( 2797): AutoConn Mode is enabled, so do not for default autoconnection
D/SHOW_CM ( 2797): SCAN_SEL:-1,0,0,3
D/SHOW_CM ( 2797): Scan req disabled for AutoConn
D/dalvikvm( 4372): GC_CONCURRENT freed 426K, 15% free 9771K/11463K, paused 12ms+2ms, total 46ms
D/dalvikvm( 2130): GC_CONCURRENT freed 1936K, 29% free 27525K/38279K, paused 39ms+7ms, total 204ms
D/dalvikvm( 4372): GC_CONCURRENT freed 426K, 15% free 9771K/11463K, paused 10ms+3ms, total 28ms
E/Watchdog( 2130): !@Sync 326
D/dalvikvm( 4372): GC_CONCURRENT freed 426K, 15% free 9771K/11463K, paused 9ms+2ms, total 27ms
D/dalvikvm( 2369): GC_CONCURRENT freed 401K, 16% free 10505K/12423K, paused 3ms+3ms, total 30ms
D/ClockAlarmWidgetService( 8840): [ClockAlarmWidgetService] onReceive: action = android.intent.action.TIME_TICK
D/dalvikvm( 4372): GC_CONCURRENT freed 426K, 15% free 9771K/11463K, paused 14ms+7ms, total 76ms
D/dalvikvm( 4372): GC_CONCURRENT freed 426K, 15% free 9771K/11463K, paused 14ms+5ms, total 75ms
D/dalvikvm( 4372): GC_CONCURRENT freed 426K, 15% free 9771K/11463K, paused 7ms+3ms, total 30ms
D/dalvikvm( 2369): GC_CONCURRENT freed 400K, 16% free 10505K/12423K, paused 18ms+3ms, total 45ms
D/dalvikvm( 4372): GC_CONCURRENT freed 426K, 15% free 9771K/11463K, paused 2ms+2ms, total 23ms
D/dalvikvm( 2130): GC_CONCURRENT freed 1976K, 29% free 27526K/38279K, paused 35ms+8ms, total 268ms
I/PhoneUsageService( 4228): onReceive 
D/ApplicationPolicy( 2130): isStatusBarNotificationAllowed: packageName = demo.galmoori.datausage
D/dalvikvm( 4372): GC_CONCURRENT freed 426K, 15% free 9771K/11463K, paused 4ms+2ms, total 24ms
D/dalvikvm( 4372): GC_CONCURRENT freed 426K, 15% free 9771K/11463K, paused 10ms+2ms, total 29ms
D/dalvikvm(31759): GC_CONCURRENT freed 1929K, 43% free 21999K/38279K, paused 30ms+4ms, total 71ms
E/Watchdog( 2130): !@Sync 327
D/dalvikvm( 2369): GC_CONCURRENT freed 401K, 16% free 10505K/12423K, paused 13ms+3ms, total 39ms
D/dalvikvm( 4372): GC_CONCURRENT freed 426K, 15% free 9771K/11463K, paused 15ms+8ms, total 79ms
D/dalvikvm( 4372): GC_CONCURRENT freed 426K, 15% free 9771K/11463K, paused 12ms+2ms, total 30ms
D/dalvikvm( 4372): GC_CONCURRENT freed 426K, 15% free 9771K/11463K, paused 14ms+8ms, total 78ms
D/dalvikvm( 2130): GC_CONCURRENT freed 1943K, 29% free 27529K/38279K, paused 40ms+10ms, total 251ms
D/dalvikvm( 4372): GC_CONCURRENT freed 426K, 15% free 9771K/11463K, paused 2ms+2ms, total 39ms
D/dalvikvm( 2369): GC_CONCURRENT freed 400K, 16% free 10505K/12423K, paused 21ms+3ms, total 60ms
D/dalvikvm( 4372): GC_CONCURRENT freed 426K, 15% free 9771K/11463K, paused 14ms+2ms, total 34ms
D/dalvikvm( 4372): GC_CONCURRENT freed 426K, 15% free 9771K/11463K, paused 12ms+2ms, total 30ms
D/dalvikvm( 4372): GC_CONCURRENT freed 426K, 15% free 9771K/11463K, paused 13ms+3ms, total 39ms
D/dalvikvm( 2369): GC_CONCURRENT freed 401K, 16% free 10505K/12423K, paused 13ms+3ms, total 40ms
E/Watchdog( 2130): !@Sync 328
D/ClockAlarmWidgetService( 8840): [ClockAlarmWidgetService] onReceive: action = android.intent.action.TIME_TICK
D/dalvikvm( 4372): GC_CONCURRENT freed 426K, 15% free 9771K/11463K, paused 14ms+2ms, total 47ms
D/dalvikvm( 4372): GC_CONCURRENT freed 426K, 15% free 9771K/11463K, paused 2ms+2ms, total 33ms
D/dalvikvm( 2130): GC_CONCURRENT freed 1993K, 29% free 27528K/38279K, paused 40ms+8ms, total 239ms
D/dalvikvm( 4372): GC_CONCURRENT freed 426K, 15% free 9771K/11463K, paused 13ms+10ms, total 74ms
D/dalvikvm( 2369): GC_CONCURRENT freed 401K, 16% free 10505K/12423K, paused 11ms+3ms, total 88ms
D/dalvikvm( 4372): GC_CONCURRENT freed 426K, 15% free 9771K/11463K, paused 14ms+2ms, total 64ms
W/SignalStrength( 2252): getGsmLevel=4
W/SignalStrength( 2252): getLevel=4 (SignalStrength: 99 -1 -1 -1 -1 -1 -1 -1 -1 -1 -1 -1 gsm|lte 4)
D/StatusChecker( 7423): onReceive : android.intent.action.SERVICE_STATE
D/StatusChecker( 7423): Service state changed : 0
I/WifiService( 2130): Booster FLAG : 1
I/WifiService( 2130): mBoosterFLAG : 1
I/WifiService( 2130): current booster mode : FullMode
E/NetworkNotificationUI( 2403): onDataConnectionStateChanged-S:2 T:15
D/NetworkNotificationUI( 2403): notify3gWarning mDataState = 2 mPrevDataState = 2 mIsWifiConnected = false m3gwarningPopup = false
E/NetworkNotificationUI( 2403): updateWifistate : networkState = DISCONNECTED
E/NetworkNotificationUI( 2403): notify3gWarning updateWifistate() = false
E/NetworkNotificationUI( 2403): updateWifistate : networkState = DISCONNECTED
D/PhoneApp( 2403): mReceiver: ACTION_ANY_DATA_CONNECTION_STATE_CHANGED
D/NotificationMgr( 2403): hideDataDisconnectedRoaming()...
D/dalvikvm( 4372): GC_CONCURRENT freed 426K, 15% free 9771K/11463K, paused 4ms+2ms, total 24ms
W/SignalStrength( 2252): getGsmLevel=4
W/SignalStrength( 2252): getLevel=4 (SignalStrength: 99 -1 -1 -1 -1 -1 -1 -1 -1 -1 -1 -1 gsm|lte 4)
I/WifiService( 2130): Booster FLAG : 1
I/WifiService( 2130): mBoosterFLAG : 1
I/WifiService( 2130): current booster mode : FullMode
D/StatusChecker( 7423): onReceive : android.intent.action.SERVICE_STATE
D/StatusChecker( 7423): Service state changed : 0
E/NetworkNotificationUI( 2403): onDataConnectionStateChanged-S:2 T:3
D/NetworkNotificationUI( 2403): notify3gWarning mDataState = 2 mPrevDataState = 2 mIsWifiConnected = false m3gwarningPopup = false
E/NetworkNotificationUI( 2403): updateWifistate : networkState = DISCONNECTED
E/NetworkNotificationUI( 2403): notify3gWarning updateWifistate() = false
E/NetworkNotificationUI( 2403): updateWifistate : networkState = DISCONNECTED
D/PhoneApp( 2403): mReceiver: ACTION_ANY_DATA_CONNECTION_STATE_CHANGED
D/NotificationMgr( 2403): hideDataDisconnectedRoaming()...
D/dalvikvm( 4372): GC_CONCURRENT freed 426K, 15% free 9771K/11463K, paused 12ms+9ms, total 72ms
D/dalvikvm( 2369): GC_CONCURRENT freed 401K, 16% free 10505K/12423K, paused 43ms+8ms, total 81ms
D/dalvikvm( 2130): GC_CONCURRENT freed 1971K, 29% free 27538K/38279K, paused 43ms+8ms, total 275ms
D/dalvikvm( 4372): GC_CONCURRENT freed 426K, 15% free 9771K/11463K, paused 8ms+2ms, total 26ms
E/Watchdog( 2130): !@Sync 329
D/dalvikvm( 4372): GC_CONCURRENT freed 426K, 15% free 9771K/11463K, paused 4ms+2ms, total 36ms
D/dalvikvm( 4372): GC_CONCURRENT freed 426K, 15% free 9771K/11463K, paused 4ms+2ms, total 25ms
D/dalvikvm( 4372): GC_CONCURRENT freed 426K, 15% free 9771K/11463K, paused 3ms+2ms, total 41ms
D/dalvikvm( 2369): GC_CONCURRENT freed 401K, 16% free 10505K/12423K, paused 27ms+4ms, total 65ms
D/dalvikvm( 4372): GC_CONCURRENT freed 426K, 15% free 9771K/11463K, paused 12ms+2ms, total 30ms
D/dalvikvm( 4372): GC_CONCURRENT freed 426K, 15% free 9771K/11463K, paused 8ms+2ms, total 29ms
D/dalvikvm( 2130): GC_CONCURRENT freed 1958K, 29% free 27518K/38279K, paused 36ms+7ms, total 187ms
D/dalvikvm(31759): GC_CONCURRENT freed 1929K, 43% free 21999K/38279K, paused 30ms+4ms, total 72ms
D/dalvikvm( 4372): GC_CONCURRENT freed 426K, 15% free 9771K/11463K, paused 2ms+2ms, total 22ms
D/dalvikvm( 2369): GC_CONCURRENT freed 401K, 16% free 10505K/12423K, paused 13ms+3ms, total 40ms
E/Watchdog( 2130): !@Sync 330
D/dalvikvm( 4372): GC_CONCURRENT freed 426K, 15% free 9771K/11463K, paused 13ms+7ms, total 77ms
D/ClockAlarmWidgetService( 8840): [ClockAlarmWidgetService] onReceive: action = android.intent.action.TIME_TICK
D/dalvikvm( 4372): GC_CONCURRENT freed 426K, 15% free 9771K/11463K, paused 15ms+2ms, total 48ms
D/dalvikvm( 4372): GC_CONCURRENT freed 426K, 15% free 9771K/11463K, paused 21ms+2ms, total 52ms
D/dalvikvm( 2369): GC_CONCURRENT freed 401K, 16% free 10505K/12423K, paused 32ms+3ms, total 85ms
D/dalvikvm( 4372): GC_CONCURRENT freed 426K, 15% free 9771K/11463K, paused 14ms+2ms, total 58ms
D/dalvikvm( 2130): GC_CONCURRENT freed 1986K, 29% free 27526K/38279K, paused 34ms+7ms, total 232ms
D/dalvikvm( 4372): GC_CONCURRENT freed 426K, 15% free 9771K/11463K, paused 11ms+8ms, total 74ms
D/dalvikvm( 4372): GC_CONCURRENT freed 426K, 15% free 9771K/11463K, paused 7ms+2ms, total 26ms
D/dalvikvm( 2369): GC_CONCURRENT freed 401K, 16% free 10505K/12423K, paused 3ms+4ms, total 30ms
D/dalvikvm( 4372): GC_CONCURRENT freed 426K, 15% free 9771K/11463K, paused 2ms+2ms, total 23ms
E/Watchdog( 2130): !@Sync 331
D/dalvikvm( 4372): GC_CONCURRENT freed 426K, 15% free 9771K/11463K, paused 13ms+2ms, total 31ms
D/dalvikvm( 4372): GC_CONCURRENT freed 426K, 15% free 9771K/11463K, paused 12ms+2ms, total 30ms
D/dalvikvm( 2369): GC_CONCURRENT freed 401K, 16% free 10505K/12423K, paused 14ms+4ms, total 60ms
D/dalvikvm( 4372): GC_CONCURRENT freed 425K, 15% free 9771K/11463K, paused 13ms+3ms, total 41ms
D/dalvikvm( 2130): GC_CONCURRENT freed 1933K, 29% free 27519K/38279K, paused 45ms+7ms, total 248ms
W/SignalStrength( 2252): getGsmLevel=4
W/SignalStrength( 2252): getLevel=4 (SignalStrength: 99 -1 -1 -1 -1 -1 -1 -1 -1 -1 -1 -1 gsm|lte 4)
D/StatusChecker( 7423): onReceive : android.intent.action.SERVICE_STATE
D/StatusChecker( 7423): Service state changed : 0
I/WifiService( 2130): Booster FLAG : 1
I/WifiService( 2130): mBoosterFLAG : 1
I/WifiService( 2130): current booster mode : FullMode
E/NetworkNotificationUI( 2403): onDataConnectionStateChanged-S:2 T:15
D/NetworkNotificationUI( 2403): notify3gWarning mDataState = 2 mPrevDataState = 2 mIsWifiConnected = false m3gwarningPopup = false
E/NetworkNotificationUI( 2403): updateWifistate : networkState = DISCONNECTED
E/NetworkNotificationUI( 2403): notify3gWarning updateWifistate() = false
E/NetworkNotificationUI( 2403): updateWifistate : networkState = DISCONNECTED
D/PhoneApp( 2403): mReceiver: ACTION_ANY_DATA_CONNECTION_STATE_CHANGED
D/NotificationMgr( 2403): hideDataDisconnectedRoaming()...
D/dalvikvm( 2252): GC_CONCURRENT freed 3089K, 25% free 15330K/20359K, paused 2ms+12ms, total 144ms
D/dalvikvm( 4372): GC_CONCURRENT freed 425K, 15% free 9771K/11463K, paused 21ms+7ms, total 87ms
W/SignalStrength( 2252): getGsmLevel=4
W/SignalStrength( 2252): getLevel=4 (SignalStrength: 99 -1 -1 -1 -1 -1 -1 -1 -1 -1 -1 -1 gsm|lte 4)
I/WifiService( 2130): Booster FLAG : 1
I/WifiService( 2130): mBoosterFLAG : 1
I/WifiService( 2130): current booster mode : FullMode
D/StatusChecker( 7423): onReceive : android.intent.action.SERVICE_STATE
D/StatusChecker( 7423): Service state changed : 0
E/NetworkNotificationUI( 2403): onDataConnectionStateChanged-S:2 T:3
D/NetworkNotificationUI( 2403): notify3gWarning mDataState = 2 mPrevDataState = 2 mIsWifiConnected = false m3gwarningPopup = false
E/NetworkNotificationUI( 2403): updateWifistate : networkState = DISCONNECTED
E/NetworkNotificationUI( 2403): notify3gWarning updateWifistate() = false
E/NetworkNotificationUI( 2403): updateWifistate : networkState = DISCONNECTED
D/PhoneApp( 2403): mReceiver: ACTION_ANY_DATA_CONNECTION_STATE_CHANGED
D/NotificationMgr( 2403): hideDataDisconnectedRoaming()...
D/dalvikvm( 4372): GC_CONCURRENT freed 426K, 15% free 9771K/11463K, paused 7ms+2ms, total 32ms
D/dalvikvm( 4372): GC_CONCURRENT freed 426K, 15% free 9771K/11463K, paused 4ms+2ms, total 25ms
D/dalvikvm( 2369): GC_CONCURRENT freed 401K, 16% free 10505K/12423K, paused 13ms+3ms, total 40ms
D/dalvikvm( 4372): GC_CONCURRENT freed 426K, 15% free 9771K/11463K, paused 14ms+2ms, total 56ms
E/Watchdog( 2130): !@Sync 332
D/ClockAlarmWidgetService( 8840): [ClockAlarmWidgetService] onReceive: action = android.intent.action.TIME_TICK
D/dalvikvm( 4372): GC_CONCURRENT freed 425K, 15% free 9771K/11463K, paused 2ms+2ms, total 38ms
D/dalvikvm( 2130): GC_CONCURRENT freed 1978K, 29% free 27541K/38279K, paused 27ms+8ms, total 196ms
D/dalvikvm( 4372): GC_CONCURRENT freed 426K, 15% free 9771K/11463K, paused 13ms+7ms, total 70ms
D/dalvikvm( 2369): GC_CONCURRENT freed 401K, 16% free 10505K/12423K, paused 31ms+6ms, total 95ms
D/MDnsDS  ( 1837): MDnsSdListener::Monitor poll timed out
D/MDnsDS  ( 1837): Going to poll with pollCount 1
D/dalvikvm( 4372): GC_CONCURRENT freed 426K, 15% free 9771K/11463K, paused 14ms+2ms, total 69ms
D/dalvikvm( 4372): GC_CONCURRENT freed 426K, 15% free 9771K/11463K, paused 14ms+2ms, total 67ms
D/dalvikvm( 4372): GC_CONCURRENT freed 426K, 15% free 9771K/11463K, paused 14ms+2ms, total 56ms
D/dalvikvm(31759): GC_CONCURRENT freed 1929K, 43% free 21999K/38279K, paused 31ms+4ms, total 122ms
D/dalvikvm( 2369): GC_CONCURRENT freed 401K, 16% free 10505K/12423K, paused 36ms+3ms, total 61ms
D/dalvikvm( 4372): GC_CONCURRENT freed 426K, 15% free 9771K/11463K, paused 4ms+2ms, total 25ms
D/dalvikvm( 2130): GC_CONCURRENT freed 1939K, 29% free 27522K/38279K, paused 45ms+8ms, total 183ms
D/dalvikvm( 4372): GC_CONCURRENT freed 425K, 15% free 9771K/11463K, paused 9ms+8ms, total 81ms
E/Watchdog( 2130): !@Sync 333
D/dalvikvm( 4372): GC_CONCURRENT freed 426K, 15% free 9771K/11463K, paused 13ms+2ms, total 32ms
D/dalvikvm( 7593): GC_CONCURRENT freed 452K, 15% free 9483K/11079K, paused 17ms+8ms, total 133ms
D/dalvikvm( 4372): GC_CONCURRENT freed 426K, 15% free 9771K/11463K, paused 18ms+2ms, total 99ms
D/dalvikvm( 2369): GC_CONCURRENT freed 401K, 16% free 10505K/12423K, paused 35ms+4ms, total 135ms
D/SHOW_CM ( 2797): AUTO CONN MODE Startup
D/SHOW_CM ( 2797): Setting scan request:0, 0
D/SHOW_CM ( 2797): AutoConnectTime Changed:300,15
D/dalvikvm( 4372): GC_CONCURRENT freed 426K, 15% free 9771K/11463K, paused 7ms+6ms, total 75ms
D/SHOW_CM ( 2797): New SCAN:1
D/SHOW_CM ( 2797): SCAN_EVENT
D/SHOW_CM ( 2797): OFFTIMER:9999:1369315262,2133
D/SHOW_CM ( 2797): AutoConn Mode is enabled, so do not for default autoconnection
D/SHOW_CM ( 2797): SCAN_SEL:-1,0,0,3
D/SHOW_CM ( 2797): Scan req disabled for AutoConn
D/Tethering( 2130): interfaceLinkStateChanged wlan0, true
D/Tethering( 2130): interfaceStatusChanged wlan0, true
D/dalvikvm( 4372): GC_CONCURRENT freed 426K, 15% free 9771K/11463K, paused 14ms+2ms, total 75ms
D/dalvikvm( 4372): GC_CONCURRENT freed 425K, 15% free 9771K/11463K, paused 15ms+2ms, total 66ms
D/dalvikvm( 2130): GC_CONCURRENT freed 1944K, 29% free 27526K/38279K, paused 43ms+8ms, total 248ms
D/dalvikvm( 2369): GC_CONCURRENT freed 401K, 16% free 10505K/12423K, paused 28ms+3ms, total 53ms
D/SHOW_CM ( 2797): Scantimer timeout--
D/SHOW_CM ( 2797): New SCAN:0
D/SHOW_CM ( 2797): SCAN_EVENT
D/SHOW_CM ( 2797): OFFTIMER:9999:1369315262,2143
D/SHOW_CM ( 2797): AutoConn Mode is enabled, so do not for default autoconnection
D/SHOW_CM ( 2797): SCAN_SEL:-1,0,0,3
D/SHOW_CM ( 2797): Scan req disabled for AutoConn
D/dalvikvm( 4372): GC_CONCURRENT freed 426K, 15% free 9771K/11463K, paused 9ms+2ms, total 27ms
D/dalvikvm( 4372): GC_CONCURRENT freed 426K, 15% free 9771K/11463K, paused 11ms+2ms, total 29ms
E/Watchdog( 2130): !@Sync 334
D/ClockAlarmWidgetService( 8840): [ClockAlarmWidgetService] onReceive: action = android.intent.action.TIME_TICK
D/SHOW_CM ( 2797): Scantimer timeout--
D/SHOW_CM ( 2797): New SCAN:0
D/SHOW_CM ( 2797): SCAN_EVENT
D/SHOW_CM ( 2797): OFFTIMER:9999:1369315262,2153
D/SHOW_CM ( 2797): AutoConn Mode is enabled, so do not for default autoconnection
D/SHOW_CM ( 2797): SCAN_SEL:-1,0,0,3
D/SHOW_CM ( 2797): Scan req disabled for AutoConn
D/dalvikvm( 4372): GC_CONCURRENT freed 426K, 15% free 9771K/11463K, paused 14ms+2ms, total 45ms
D/dalvikvm( 2369): GC_CONCURRENT freed 401K, 16% free 10505K/12423K, paused 32ms+4ms, total 55ms
D/dalvikvm( 4372): GC_CONCURRENT freed 426K, 15% free 9771K/11463K, paused 9ms+2ms, total 29ms
D/SHOW_CM ( 2797): Scantimer timeout--
D/SHOW_CM ( 2797): New SCAN:0
D/SHOW_CM ( 2797): SCAN_EVENT
D/SHOW_CM ( 2797): OFFTIMER:9999:1369315262,2163
D/SHOW_CM ( 2797): AutoConn Mode is enabled, so do not for default autoconnection
D/SHOW_CM ( 2797): SCAN_SEL:-1,0,0,3
D/SHOW_CM ( 2797): Scan req disabled for AutoConn
D/dalvikvm( 4372): GC_CONCURRENT freed 426K, 15% free 9771K/11463K, paused 12ms+2ms, total 31ms
D/dalvikvm( 2130): GC_CONCURRENT freed 1990K, 29% free 27527K/38279K, paused 36ms+8ms, total 271ms
D/dalvikvm( 4372): GC_CONCURRENT freed 426K, 15% free 9771K/11463K, paused 7ms+8ms, total 73ms
D/dalvikvm( 2369): GC_CONCURRENT freed 401K, 16% free 10505K/12423K, paused 24ms+4ms, total 47ms
D/dalvikvm( 4372): GC_CONCURRENT freed 426K, 15% free 9771K/11463K, paused 6ms+2ms, total 25ms
D/SHOW_CM ( 2797): Scantimer timeout--
D/SHOW_CM ( 2797): New SCAN:0
D/SHOW_CM ( 2797): SCAN_EVENT
D/SHOW_CM ( 2797): OFFTIMER:9999:1369315262,2173
D/SHOW_CM ( 2797): AutoConn Mode is enabled, so do not for default autoconnection
D/SHOW_CM ( 2797): SCAN_SEL:-1,0,0,3
D/SHOW_CM ( 2797): Scan req disabled for AutoConn
D/dalvikvm( 4372): GC_CONCURRENT freed 426K, 15% free 9771K/11463K, paused 10ms+2ms, total 29ms
D/dalvikvm( 2403): GC_CONCURRENT freed 1968K, 20% free 16475K/20423K, paused 15ms+20ms, total 164ms
E/Watchdog( 2130): !@Sync 335
D/dalvikvm( 4372): GC_CONCURRENT freed 425K, 15% free 9771K/11463K, paused 9ms+2ms, total 27ms
D/SHOW_CM ( 2797): Scantimer timeout--
D/SHOW_CM ( 2797): New SCAN:0
D/SHOW_CM ( 2797): SCAN_EVENT
D/SHOW_CM ( 2797): OFFTIMER:9999:1369315262,2183
D/SHOW_CM ( 2797): AutoConn Mode is enabled, so do not for default autoconnection
D/SHOW_CM ( 2797): SCAN_SEL:-1,0,0,3
D/SHOW_CM ( 2797): Scan req disabled for AutoConn
D/dalvikvm(10592): GC_CONCURRENT freed 180K, 12% free 9723K/11015K, paused 19ms+2ms, total 42ms
D/dalvikvm(10592): WAIT_FOR_CONCURRENT_GC blocked 23ms
D/dalvikvm(10592): GC_CONCURRENT freed 157K, 12% free 10119K/11399K, paused 12ms+12ms, total 50ms
D/dalvikvm(10592): WAIT_FOR_CONCURRENT_GC blocked 2ms
D/dalvikvm(  622): GC_CONCURRENT freed 321K, 17% free 9953K/11975K, paused 12ms+2ms, total 31ms
I/ActivityThread(10592): Pub com.google.android.apps.babel.content.EsProvider: com.google.android.apps.babel.content.EsProvider
D/dalvikvm(10592): GC_CONCURRENT freed 324K, 13% free 10332K/11783K, paused 12ms+2ms, total 35ms
D/dalvikvm(10592): WAIT_FOR_CONCURRENT_GC blocked 6ms
D/dalvikvm(10592): WAIT_FOR_CONCURRENT_GC blocked 7ms
D/dalvikvm(10592): WAIT_FOR_CONCURRENT_GC blocked 9ms
D/dalvikvm( 7661): WAIT_FOR_CONCURRENT_GC blocked 0ms
D/dalvikvm( 7661): GC_EXPLICIT freed 149K, 13% free 9569K/10951K, paused 2ms+2ms, total 44ms
D/dalvikvm(  622): GC_CONCURRENT freed 135K, 15% free 10203K/11975K, paused 12ms+1ms, total 34ms
D/dalvikvm(10592): GC_CONCURRENT freed 377K, 14% free 10360K/11911K, paused 11ms+2ms, total 30ms
I/dalvikvm( 2504): Jit: resizing JitTable from 4096 to 8192
D/dalvikvm( 2130): WAIT_FOR_CONCURRENT_GC blocked 0ms
D/dalvikvm( 2130): GC_EXPLICIT freed 1887K, 29% free 27552K/38279K, paused 4ms+9ms, total 121ms
D/dalvikvm( 2504): WAIT_FOR_CONCURRENT_GC blocked 0ms
D/dalvikvm( 2504): GC_EXPLICIT freed 188K, 13% free 10882K/12487K, paused 2ms+5ms, total 39ms
I/WifiService( 2130): Booster FLAG : 1
I/WifiService( 2130): mBoosterFLAG : 1
I/WifiService( 2130): current booster mode : FullMode
W/SignalStrength( 2252): getGsmLevel=4
W/SignalStrength( 2252): getLevel=4 (SignalStrength: 99 -1 -1 -1 -1 -1 -1 -1 -1 -1 -1 -1 gsm|lte 4)
D/StatusChecker( 7423): onReceive : android.intent.action.SERVICE_STATE
D/StatusChecker( 7423): Service state changed : 0
E/NetworkNotificationUI( 2403): onDataConnectionStateChanged-S:2 T:15
D/NetworkNotificationUI( 2403): notify3gWarning mDataState = 2 mPrevDataState = 2 mIsWifiConnected = false m3gwarningPopup = false
E/NetworkNotificationUI( 2403): updateWifistate : networkState = DISCONNECTED
E/NetworkNotificationUI( 2403): notify3gWarning updateWifistate() = false
E/NetworkNotificationUI( 2403): updateWifistate : networkState = DISCONNECTED
D/PhoneApp( 2403): mReceiver: ACTION_ANY_DATA_CONNECTION_STATE_CHANGED
D/NotificationMgr( 2403): hideDataDisconnectedRoaming()...
D/dalvikvm( 4372): GC_CONCURRENT freed 426K, 15% free 9771K/11463K, paused 7ms+7ms, total 110ms
D/dalvikvm( 2369): GC_CONCURRENT freed 401K, 16% free 10505K/12423K, paused 23ms+12ms, total 145ms
W/SignalStrength( 2252): getGsmLevel=4
W/SignalStrength( 2252): getLevel=4 (SignalStrength: 99 -1 -1 -1 -1 -1 -1 -1 -1 -1 -1 -1 gsm|lte 4)
I/WifiService( 2130): Booster FLAG : 1
I/WifiService( 2130): mBoosterFLAG : 1
I/WifiService( 2130): current booster mode : FullMode
E/NetworkNotificationUI( 2403): onDataConnectionStateChanged-S:2 T:3
D/NetworkNotificationUI( 2403): notify3gWarning mDataState = 2 mPrevDataState = 2 mIsWifiConnected = false m3gwarningPopup = false
E/NetworkNotificationUI( 2403): updateWifistate : networkState = DISCONNECTED
E/NetworkNotificationUI( 2403): notify3gWarning updateWifistate() = false
E/NetworkNotificationUI( 2403): updateWifistate : networkState = DISCONNECTED
D/StatusChecker( 7423): onReceive : android.intent.action.SERVICE_STATE
D/StatusChecker( 7423): Service state changed : 0
D/PhoneApp( 2403): mReceiver: ACTION_ANY_DATA_CONNECTION_STATE_CHANGED
D/NotificationMgr( 2403): hideDataDisconnectedRoaming()...
D/dalvikvm( 4372): GC_CONCURRENT freed 426K, 15% free 9771K/11463K, paused 15ms+1ms, total 75ms
D/SHOW_CM ( 2797): Scantimer timeout--
D/SHOW_CM ( 2797): New SCAN:0
D/SHOW_CM ( 2797): SCAN_EVENT
D/SHOW_CM ( 2797): OFFTIMER:9999:1369315262,2193
D/SHOW_CM ( 2797): AutoConn Mode is enabled, so do not for default autoconnection
D/SHOW_CM ( 2797): SCAN_SEL:-1,0,0,3
D/SHOW_CM ( 2797): Scan req disabled for AutoConn
D/dalvikvm( 4372): GC_CONCURRENT freed 426K, 15% free 9771K/11463K, paused 2ms+2ms, total 23ms
D/dalvikvm(31759): GC_CONCURRENT freed 1929K, 43% free 21999K/38279K, paused 30ms+4ms, total 122ms
D/dalvikvm( 4372): GC_CONCURRENT freed 426K, 15% free 9771K/11463K, paused 15ms+2ms, total 71ms
D/dalvikvm( 2369): GC_CONCURRENT freed 401K, 16% free 10505K/12423K, paused 33ms+3ms, total 79ms
D/dalvikvm( 4372): GC_CONCURRENT freed 426K, 15% free 9771K/11463K, paused 17ms+2ms, total 43ms
D/dalvikvm( 2130): GC_CONCURRENT freed 1944K, 29% free 27540K/38279K, paused 37ms+8ms, total 218ms
D/SHOW_CM ( 2797): Scantimer timeout--
D/SHOW_CM ( 2797): New SCAN:0
D/SHOW_CM ( 2797): SCAN_EVENT
D/SHOW_CM ( 2797): OFFTIMER:9999:1369315262,2203
D/SHOW_CM ( 2797): AutoConn Mode is enabled, so do not for default autoconnection
D/SHOW_CM ( 2797): SCAN_SEL:-1,0,0,3
D/SHOW_CM ( 2797): Scan req disabled for AutoConn
D/dalvikvm( 4372): GC_CONCURRENT freed 426K, 15% free 9771K/11463K, paused 7ms+2ms, total 29ms
E/Watchdog( 2130): !@Sync 336
D/dalvikvm( 4372): GC_CONCURRENT freed 426K, 15% free 9771K/11463K, paused 4ms+2ms, total 30ms
D/ClockAlarmWidgetService( 8840): [ClockAlarmWidgetService] onReceive: action = android.intent.action.TIME_TICK
D/dalvikvm( 2369): GC_CONCURRENT freed 401K, 16% free 10505K/12423K, paused 14ms+3ms, total 41ms
D/dalvikvm( 4372): GC_CONCURRENT freed 426K, 15% free 9771K/11463K, paused 13ms+7ms, total 73ms
D/dalvikvm( 4372): GC_CONCURRENT freed 426K, 15% free 9771K/11463K, paused 13ms+7ms, total 74ms
D/dalvikvm( 4372): GC_CONCURRENT freed 426K, 15% free 9771K/11463K, paused 8ms+9ms, total 80ms
D/dalvikvm( 2130): GC_CONCURRENT freed 1990K, 29% free 27530K/38279K, paused 42ms+7ms, total 261ms
D/dalvikvm( 2369): GC_CONCURRENT freed 401K, 16% free 10505K/12423K, paused 31ms+3ms, total 57ms
D/dalvikvm( 4372): GC_CONCURRENT freed 426K, 15% free 9771K/11463K, paused 13ms+2ms, total 31ms
D/dalvikvm( 4372): GC_CONCURRENT freed 426K, 15% free 9771K/11463K, paused 6ms+3ms, total 38ms
D/dalvikvm( 4372): GC_CONCURRENT freed 426K, 15% free 9771K/11463K, paused 16ms+2ms, total 62ms
E/Watchdog( 2130): !@Sync 337
D/dalvikvm( 4372): GC_CONCURRENT freed 426K, 15% free 9771K/11463K, paused 2ms+1ms, total 37ms
D/dalvikvm( 2369): GC_CONCURRENT freed 401K, 16% free 10505K/12423K, paused 76ms+3ms, total 109ms
D/dalvikvm( 4372): GC_CONCURRENT freed 426K, 15% free 9771K/11463K, paused 14ms+2ms, total 34ms
D/dalvikvm( 4372): GC_CONCURRENT freed 426K, 15% free 9771K/11463K, paused 7ms+12ms, total 80ms
D/dalvikvm( 2130): GC_CONCURRENT freed 1947K, 29% free 27525K/38279K, paused 39ms+8ms, total 275ms
D/dalvikvm( 4372): GC_CONCURRENT freed 426K, 15% free 9771K/11463K, paused 14ms+2ms, total 59ms
D/dalvikvm( 2369): GC_CONCURRENT freed 401K, 16% free 10505K/12423K, paused 34ms+3ms, total 68ms
D/dalvikvm( 4372): GC_CONCURRENT freed 426K, 15% free 9771K/11463K, paused 15ms+2ms, total 36ms
D/dalvikvm( 4372): GC_CONCURRENT freed 426K, 15% free 9771K/11463K, paused 13ms+2ms, total 37ms
D/dalvikvm( 4372): GC_CONCURRENT freed 426K, 15% free 9771K/11463K, paused 16ms+2ms, total 35ms
E/Watchdog( 2130): !@Sync 338
D/dalvikvm( 2369): GC_CONCURRENT freed 401K, 16% free 10505K/12423K, paused 14ms+4ms, total 42ms
D/ClockAlarmWidgetService( 8840): [ClockAlarmWidgetService] onReceive: action = android.intent.action.TIME_TICK
D/dalvikvm( 4372): GC_CONCURRENT freed 425K, 15% free 9771K/11463K, paused 12ms+2ms, total 31ms
D/dalvikvm( 2130): GC_CONCURRENT freed 1915K, 29% free 27533K/38279K, paused 46ms+8ms, total 248ms
D/dalvikvm( 4372): GC_CONCURRENT freed 426K, 15% free 9771K/11463K, paused 14ms+2ms, total 59ms
D/dalvikvm(31759): GC_CONCURRENT freed 1928K, 43% free 21999K/38279K, paused 36ms+4ms, total 86ms
D/dalvikvm( 4372): GC_CONCURRENT freed 426K, 15% free 9771K/11463K, paused 8ms+2ms, total 27ms
D/dalvikvm( 2369): GC_CONCURRENT freed 401K, 16% free 10505K/12423K, paused 13ms+4ms, total 40ms
D/dalvikvm( 4372): GC_CONCURRENT freed 426K, 15% free 9771K/11463K, paused 15ms+8ms, total 81ms
D/dalvikvm( 4372): GC_CONCURRENT freed 426K, 15% free 9771K/11463K, paused 13ms+8ms, total 74ms
D/dalvikvm( 4372): GC_CONCURRENT freed 426K, 15% free 9771K/11463K, paused 6ms+8ms, total 74ms
D/dalvikvm( 2130): GC_CONCURRENT freed 1933K, 29% free 27521K/38279K, paused 38ms+7ms, total 241ms
D/dalvikvm( 2369): GC_CONCURRENT freed 401K, 16% free 10505K/12423K, paused 13ms+3ms, total 50ms
D/dalvikvm( 4372): GC_CONCURRENT freed 425K, 15% free 9771K/11463K, paused 13ms+2ms, total 64ms
E/Watchdog( 2130): !@Sync 339
D/dalvikvm( 4372): GC_CONCURRENT freed 426K, 15% free 9771K/11463K, paused 14ms+2ms, total 40ms
D/dalvikvm( 4372): GC_CONCURRENT freed 426K, 15% free 9771K/11463K, paused 14ms+2ms, total 34ms
D/dalvikvm( 4372): GC_CONCURRENT freed 426K, 15% free 9771K/11463K, paused 13ms+2ms, total 31ms
D/dalvikvm( 2369): GC_CONCURRENT freed 401K, 16% free 10505K/12423K, paused 14ms+3ms, total 40ms
D/dalvikvm( 4372): GC_CONCURRENT freed 426K, 15% free 9771K/11463K, paused 4ms+2ms, total 25ms
I/InputReader( 2130): Touch event's action is 0x0 (deviceType=0) [pCnt=1, s=0.974 ]
I/InputDispatcher( 2130): Delivering touch to current input target: action: 0x0
I/InputDispatcher( 2130): Delivering touch to current input target: action: 0x0
I/InputDispatcher( 2130): Delivering touch to current input target: action: 0x0
D/InputReader( 2130): Input event: value=1
D/InputReader( 2130): Input event: value=0
D/SensorManager( 2130): unregisterListener:: Trklfufi 9 cwv5budiwrd5kfimfi5HwofiVbubgfiKfimrcf$*8@,*a.,(e8
D/SensorService( 2130): SensorDevice::activate  (enable 1, disable 0) = 0
D/SensorService( 2130): activating sensor disable handle=3 
D/SensorService( 2130): activating sensor disable, Done!
D/SensorService( 2130): SensorDevice::activating sensor handle=3 ns=200000000 
D/SensorManager( 2130): unregisterListener:: Trklfufi 9 cwv5budiwrd5kfimfi5HwofiVbubgfiKfimrcf$*:@,*a::.-(
D/Sensors ( 2130): Remain listener = Sending .. normal delay 200ms
I/Sensors ( 2130): sendDelay --- 200000000
I/SensorService( 2130): info.selectDelay() ns=200000000  
D/AKMD2   ( 2130): akm_set_delay: accel same delay = 200000000 
D/SensorService( 2130): SensorDevice::setDelay, Return(true 1, false 0) =  1
D/SensorManager( 2130): JNI - sendDelay
I/SensorManager( 2130): Set normal delay = true
D/AKMD2   ( 2130): akm_disable_sensor: Accel is disabled. (orien = 0)
I/AKMD2   ( 2130): enable_accelerometer, mEnabled = 1, enable = 0
D/SensorService( 2130): SensorDevice::activate  (enable 1, disable 0) = 0
D/SensorService( 2130): activating sensor disable handle=0 
D/SensorService( 2130): activating sensor disable, Done!
D/SensorService( 2130): SensorDevice::activating sensor handle=0 ns=200000000 
D/lights  ( 2130): button : 2 +
D/lights  ( 2130): button : 2 -
E/lights  ( 2130): write_int failed to open /sys/class/leds/keyboard-backlight/brightness
I/power   ( 2130): *** acquire_dvfs_lock : lockType : 1  freq : 1200000 
D/SurfaceFlinger( 1846): About to give-up screen, flinger = 0x41848d78
D/SecTVOutService( 1846): virtual void android::SecTVOutService::setSuspendMode(uint32_t) TV suspend mode = 1
D/SecTVOutService( 1846): virtual void android::SecTVOutService::setHdmiStatus(uint32_t) HDMI cable status = 0
D/lights  ( 2130): LCD : 36 +
D/lights  ( 2130): LCD : 36 -
D/WindowManager( 2130): mSetIgnore
D/KeyguardViewMediator( 2130): onScreenTurnedOff(2)
D/InputManager-JNI( 2130): [interceptMotionBeforeQueuing] isScreenOn = false
I/InputDispatcher( 2130): Delivering touch to current input target: action: 0x3
I/InputDispatcher( 2130): Delivering touch to current input target: action: 0x3
I/InputDispatcher( 2130): Delivering touch to current input target: action: 0x3
D/InputManager-JNI( 2130): [interceptMotionBeforeQueuing] isScreenOn = false
D/lights  ( 2130): LCD : 35 +
D/lights  ( 2130): LCD : 35 -
D/SamsungLockScreenProperties( 2130): Not factory mode
D/SamsungLockScreenProperties( 2130): Not factory mode. isFactoryMode() returend false
D/KeyguardViewMediator( 2130): doKeyguard: showing the lock screen
D/lights  ( 2130): LCD : 34 +
D/lights  ( 2130): LCD : 34 -
D/KeyguardViewMediator( 2130): KeyguardGetAudioService.dismissVolumePanel() run
D/VolumePanel( 2130): call forceTimeout
D/KeyguardViewMediator( 2130): showLocked
D/KeyguardViewMediator( 2130): handleShow
D/lights  ( 2130): LCD : 33 +
D/lights  ( 2130): LCD : 33 -
D/LockPatternKeyguardView( 2130): phone state: 0
V/LockPatternKeyguardView( 2130): Set visibility on com.android.internal.policy.impl.LockPatternKeyguardView$4@42dab9a0 to 8388608
E/LockPatternKeyguardView( 2130): mIsVoiceUnlockOn=false
D/LockPatternKeyguardView( 2130): mIsTalkbackDrvModeOn=false
D/LockPatternUtils( 2130): isPcwEnable = 10
D/InputManager-JNI( 2130): [interceptMotionBeforeQueuing] isScreenOn = false
D/lights  ( 2130): LCD : 32 +
D/lights  ( 2130): LCD : 32 -
D/LockPatternUtils( 2130): isPcwEnable = 10
D/lights  ( 2130): LCD : 31 +
D/lights  ( 2130): LCD : 31 -
D/lights  ( 2130): LCD : 30 +
D/lights  ( 2130): LCD : 30 -
D/InputManager-JNI( 2130): [interceptMotionBeforeQueuing] isScreenOn = false
D/lights  ( 2130): LCD : 29 +
D/lights  ( 2130): LCD : 29 -
D/InputManager-JNI( 2130): [interceptMotionBeforeQueuing] isScreenOn = false
D/LockPatternUtils( 2130): isPcwEnable = 10
D/LockPatternKeyguardView( 2130): createUnlockScreenFor(Pattern): mEnableFallback=false
D/UnlockScreen( 2130): landscape mode
D/lights  ( 2130): LCD : 28 +
D/lights  ( 2130): LCD : 28 -
D/InputManager-JNI( 2130): [interceptMotionBeforeQueuing] isScreenOn = false
D/InputManager-JNI( 2130): [interceptMotionBeforeQueuing] isScreenOn = false
D/lights  ( 2130): LCD : 20 +
D/lights  ( 2130): LCD : 20 -
D/InputManager-JNI( 2130): [interceptMotionBeforeQueuing] isScreenOn = false
D/lights  ( 2130): LCD : 14 +
D/lights  ( 2130): LCD : 14 -
D/InputManager-JNI( 2130): [interceptMotionBeforeQueuing] isScreenOn = false
D/lights  ( 2130): LCD : 11 +
D/lights  ( 2130): LCD : 11 -
D/lights  ( 2130): LCD : 8 +
D/lights  ( 2130): LCD : 8 -
D/InputManager-JNI( 2130): [interceptMotionBeforeQueuing] isScreenOn = false
D/lights  ( 2130): LCD : 4 +
D/lights  ( 2130): LCD : 4 -
D/InputManager-JNI( 2130): [interceptMotionBeforeQueuing] isScreenOn = false
D/lights  ( 2130): LCD : 1 +
D/lights  ( 2130): LCD : 1 -
D/InputManager-JNI( 2130): [interceptMotionBeforeQueuing] isScreenOn = false
D/lights  ( 2130): LCD : 0 +
D/lights  ( 2130): LCD : 0 -
I/InputReader( 2130): Touch event's action is 0x1 (deviceType=0) [pCnt=1, s=]
D/InputManager-JNI( 2130): [interceptMotionBeforeQueuing] isScreenOn = false
D/dalvikvm( 2130): GC_CONCURRENT freed 1711K, 28% free 27857K/38279K, paused 32ms+8ms, total 186ms
D/dalvikvm( 2130): WAIT_FOR_CONCURRENT_GC blocked 131ms
D/dalvikvm( 2130): WAIT_FOR_CONCURRENT_GC blocked 114ms
D/dalvikvm( 2130): WAIT_FOR_CONCURRENT_GC blocked 124ms
D/dalvikvm( 2130): WAIT_FOR_CONCURRENT_GC blocked 111ms
D/dalvikvm( 2130): WAIT_FOR_CONCURRENT_GC blocked 32ms
I/power   ( 2130): *** release_dvfs_lock : lockType : 1 
V/TransportControlView( 2130): Create TCV com.android.internal.widget.TransportControlView@41f0bd80
I/ApplicationUsage( 2130): handleMessage : MSG_UPDATE_USAGE_DB
I/ApplicationUsage( 2130): Updating Usage Statistics in DB @ 1369317588513
D/dalvikvm( 4372): GC_CONCURRENT freed 401K, 15% free 9767K/11463K, paused 5ms+2ms, total 22ms
D/ClockWidget( 2130): refreshTime()
D/ClockWidget( 2130): TTS Message = 오후 10시59분입니다, 5월 23일 목요일
D/ClockWidget( 2130): refreshTime()
D/ClockWidget( 2130): TTS Message = 오후 10시59분입니다, 5월 23일 목요일
D/UnlockScreen( 2130): max failed attempt for device disable :0
D/UnlockScreen( 2130): isDeviceDisabledForMaxFailedAttempt return :false
I/AudioHardwareYamaha( 1849): AudioHardware::setParameters(keyValuePairs="screen_state=off")
D/LockPatternUtils( 2130): isPcwEnable = 10
D/LockPatternUtils( 2130): isPcwEnable = 10
D/LockPatternUtils( 2130): isPcwEnable = 10
W/IInputConnectionWrapper(31759): clearMetaKeyStates on inactive InputConnection
W/IInputConnectionWrapper(31759): clearMetaKeyStates on inactive InputConnection
W/IInputConnectionWrapper(31759): clearMetaKeyStates on inactive InputConnection
W/IInputConnectionWrapper(31759): clearMetaKeyStates on inactive InputConnection
W/IInputConnectionWrapper(31759): clearMetaKeyStates on inactive InputConnection
W/IInputConnectionWrapper(31759): clearMetaKeyStates on inactive InputConnection
D/PointerInterceptView( 2130): Receive COLLAPSED
D/dalvikvm( 1847): WAIT_FOR_CONCURRENT_GC blocked 0ms
D/dalvikvm( 1847): GC_EXPLICIT freed 40K, 13% free 9398K/10755K, paused 2ms+2ms, total 25ms
D/dalvikvm( 1847): WAIT_FOR_CONCURRENT_GC blocked 0ms
D/dalvikvm( 1847): GC_EXPLICIT freed <1K, 13% free 9398K/10755K, paused 2ms+1ms, total 19ms
D/dalvikvm( 1847): WAIT_FOR_CONCURRENT_GC blocked 0ms
D/dalvikvm( 1847): GC_EXPLICIT freed <1K, 13% free 9398K/10755K, paused 1ms+1ms, total 19ms
D/dalvikvm( 2130): GC_FOR_ALLOC freed 257K, 25% free 28910K/38279K, paused 118ms, total 119ms
I/dalvikvm-heap( 2130): Grow heap (frag case) to 31.764MB for 2560016-byte allocation
D/dalvikvm( 2130): GC_CONCURRENT freed 7K, 18% free 31402K/38279K, paused 14ms+7ms, total 113ms
D/dalvikvm( 2130): WAIT_FOR_CONCURRENT_GC blocked 99ms
D/dalvikvm( 2130): WAIT_FOR_CONCURRENT_GC blocked 99ms
D/dalvikvm( 2130): WAIT_FOR_CONCURRENT_GC blocked 102ms
D/dalvikvm( 2130): WAIT_FOR_CONCURRENT_GC blocked 102ms
I/NfcService( 2444): NativeNfcBrcmPowerMode; setPowerMode(android.intent.action.SCREEN_OFF)
D/dalvikvm( 2130): WAIT_FOR_CONCURRENT_GC blocked 31ms
D/LockPatternKeyguardView( 2130): max failed attempt for device disable :0
D/LockPatternUtils( 2130): isPcwEnable = 10
D/LockPatternKeyguardView( 2130): reportFailedPatternAttempt: #0 (enableFallback=false)
D/ClockWidget( 2130): refreshTime()
D/ClockWidget( 2130): TTS Message = 오후 10시59분입니다, 5월 23일 목요일
D/dalvikvm(10783): WAIT_FOR_CONCURRENT_GC blocked 0ms
D/UnlockScreen( 2130): max failed attempt for device disable :0
D/UnlockScreen( 2130): isDeviceDisabledForMaxFailedAttempt return :false
D/ApplicationPolicy( 2130): isStatusBarNotificationAllowed: packageName = com.goodmooddroid.gesturecontrol
V/KeyguardViewManager( 2130): KGVM: Set visibility on com.android.internal.policy.impl.KeyguardViewManager$KeyguardViewHost@4247c4e0 to 6291464
D/KeyguardViewMediator( 2130): adjustUserActivityLocked mShowing: true mHidden: false
D/ApplicationPolicy( 2130): isStatusBarNotificationAllowed: packageName = com.goodmooddroid.gesturecontrol
D/KeyguardViewMediator( 2130): adjustStatusBarLocked: mShowing=true mHidden=false isSecure=true --> flags=0x1290000
E/KeyguardViewMediator( 2130): 2. Lockscreen lock
E/KeyguardViewMediator( 2130): Phone is boot completed. so can broadcast
I/Choreographer( 2130): Skipped 39 frames!  The application may be doing too much work on its main thread.
I/SurfaceFlinger( 1846): id=268(31) createSurf 0x418632dc (480x762),1 flag=0, Leyguard
D/WindowManager( 2130): PhoneWindowManager: focusChangedLw
D/Launcher.Workspace(  500): exitWidgetResizeMode State: NORMAL, newDragStarted: false
I/SurfaceFlinger( 1846): id=269(48) createSurf (480x800),-1 flag=30004, GreezeSurfa
I/InputReader( 2130): Reconfiguring input devices.  changes=0x00000004
I/InputReader( 2130): Device reconfigured: id=2, name='sec_touchscreen', surface size is now 480x800, mode is 1
I/SurfaceFlinger( 1846): Orientation 1=>0
D/comsamsungapp( 5587): [MSC_WeatherNews]>>> WS:62 [0:0] act:androidintentactionSCREEN_OFF
D/PhoneApp( 2403): updateProximitySensorMode: lock already released.
D/KeyguardViewMediator( 2130): setHidden false
D/KeyguardViewMediator( 2130): setHidden false
V/LockPatternKeyguardView( 2130): Saving widget state
V/LockPatternKeyguardView( 2130): recreating lockscreen because config changed
V/LockPatternKeyguardView( 2130): recreateMe()
D/dalvikvm(10783): GC_CONCURRENT freed 187K, 12% free 9716K/11015K, paused 15ms+5ms, total 74ms
D/dalvikvm(10783): WAIT_FOR_CONCURRENT_GC blocked 18ms
D/KeyguardViewMediator( 2130): adjustStatusBarLocked: mShowing=true mHidden=false isSecure=true --> flags=0x1290000
V/LockPatternKeyguardView( 2130): Set visibility on com.android.internal.policy.impl.LockPatternKeyguardView$4@42dab9a0 to 8388608
I/ActivityThread(10783): Pub com.android.settings.reverb.params: com.android.settings.autohaptic.ReverbContentProvider
V/LockPatternKeyguardView( 2130): View com.android.internal.widget.TransportControlView@41f0bd80 requested hide transports
D/WindowManager( 2130): mUnSetIgnore, show = false
D/LockPatternKeyguardView( 2130): focused
D/dalvikvm( 2369): GC_CONCURRENT freed 478K, 16% free 10530K/12423K, paused 2ms+9ms, total 52ms
D/UnlockScreen( 2130): max failed attempt for device disable :0
D/UnlockScreen( 2130): isDeviceDisabledForMaxFailedAttempt return :false
I/ActivityThread(10783): Pub com.android.settings.personalvibration.PersonalVibrationProvider: com.android.settings.personalvibration.PersonalVibrationProvider
D/KeyguardViewMediator( 2130): setHidden false
D/LockPatternUtils( 2130): isPcwEnable = 10
D/KeyguardViewMediator( 2130): setHidden false
D/LockPatternUtils( 2130): isPcwEnable = 10
D/KeyguardViewMediator( 2130): setHidden false
D/DateTimeIntentReceiver(10783): COLLAPSED is received, dialog_state : false
D/ClockAlarmWidgetService( 8840): [ClockAlarmWidgetService] onReceive: action = android.intent.action.CONFIGURATION_CHANGED
D/LockPatternUtils( 2130): isPcwEnable = 10
D/LockPatternUtils( 2130): isPcwEnable = 10
D/dalvikvm(31759): GC_FOR_ALLOC freed 1019K, 43% free 21974K/38279K, paused 67ms, total 69ms
D/LockPatternKeyguardView( 2130): createUnlockScreenFor(Pattern): mEnableFallback=true
I/dalvikvm-heap(31759): Grow heap (frag case) to 25.329MB for 2919808-byte allocation
D/KeyguardViewMediator( 2130): setHidden false
D/SHOW_UI (10025): noti Event received
D/SHOW_UI (10025): SCREEN off check.
V/TransportControlView( 2130): Create TCV com.android.internal.widget.TransportControlView@422d3b00
D/dalvikvm(31759): GC_FOR_ALLOC freed <1K, 36% free 24825K/38279K, paused 62ms, total 62ms
D/ClockWidget( 2130): refreshTime()
D/ClockWidget( 2130): TTS Message = 오후 10시59분입니다, 5월 23일 목요일
D/ClockWidget( 2130): refreshTime()
D/KeyguardViewMediator( 2130): setHidden false
D/ClockWidget( 2130): TTS Message = 오후 10시59분입니다, 5월 23일 목요일
D/UnlockScreen( 2130): max failed attempt for device disable :0
D/UnlockScreen( 2130): isDeviceDisabledForMaxFailedAttempt return :false
D/LockPatternUtils( 2130): isPcwEnable = 10
W/IInputConnectionWrapper(31759): showStatusIcon on inactive InputConnection
D/KeyguardViewMediator( 2130): setHidden false
D/LockPatternUtils( 2130): isPcwEnable = 10
D/LockPatternUtils( 2130): isPcwEnable = 10
W/IInputConnectionWrapper(31759): clearMetaKeyStates on inactive InputConnection
W/IInputConnectionWrapper(31759): clearMetaKeyStates on inactive InputConnection
W/IInputConnectionWrapper(31759): clearMetaKeyStates on inactive InputConnection
W/IInputConnectionWrapper(31759): clearMetaKeyStates on inactive InputConnection
W/IInputConnectionWrapper(31759): clearMetaKeyStates on inactive InputConnection
W/IInputConnectionWrapper(31759): clearMetaKeyStates on inactive InputConnection
W/IInputConnectionWrapper(31759): showStatusIcon on inactive InputConnection
D/dalvikvm(31759): GC_CONCURRENT freed 2872K, 43% free 21958K/38279K, paused 11ms+5ms, total 63ms
D/ClockWidget( 2130): refreshTime()
D/ClockWidget( 2130): TTS Message = 오후 10시59분입니다, 5월 23일 목요일
D/MultiSimUtils( 2130): getCurrentVoiceCall = 0
D/MultiSimUtils( 2130): getCurrentVoiceCall = 0
D/MultiSimUtils( 2130): isChangedVoiceCall oldstate = 0, new = 0
D/MultiSimUtils( 2130): getCurrentVoiceCall = 0
V/LockPatternKeyguardView( 2130): Restoring widget state
D/KeyguardViewMediator( 2130): setHidden false
D/KeyguardViewMediator( 2130): setHidden false
D/KeyguardViewMediator( 2130): adjustStatusBarLocked: mShowing=true mHidden=false isSecure=true --> flags=0x1290000
V/LockPatternKeyguardView( 2130): Set visibility on com.android.internal.policy.impl.LockPatternKeyguardView$4@42dab9a0 to 8388608
D/KeyguardViewMediator( 2130): adjustStatusBarLocked: mShowing=true mHidden=false isSecure=true --> flags=0x1290000
V/LockPatternKeyguardView( 2130): Set visibility on com.android.internal.policy.impl.LockPatternKeyguardView$4@42dab9a0 to 8388608
V/LockPatternKeyguardView( 2130): View com.android.internal.widget.TransportControlView@422d3b00 requested hide transports
V/LockPatternKeyguardView( 2130): *** dispatchDraw() time: 44239044
D/KeyguardViewMediator( 2130): setHidden false
D/KeyguardViewMediator( 2130): setHidden false
D/KeyguardViewMediator( 2130): setHidden false
D/KeyguardViewMediator( 2130): setHidden false
I/SurfaceFlinger( 1846): id=270(49) createSurf (1600x480),-1 flag=20000, ClackSurfac
