D/KeyguardViewMediator( 2130): adjustStatusBarLocked: mShowing=true mHidden=false isSecure=true --> flags=0x1290000
E/KeyguardViewMediator( 2130): 2. Lockscreen lock
E/KeyguardViewMediator( 2130): Phone is boot completed. so can broadcast
I/Choreographer( 2130): Skipped 44 frames!  The application may be doing too much work on its main thread.
D/android.widget.GridLayout( 2130): vertical constraints: y4-y0>=0, y1-y0>=132, y2-y1>=0, y3-y2>=29, y4-y3>=0, y5-y4>=480, y6-y5>=29, y7-y6>=0, y8-y7>=70, y8-y0<=480 are inconsistent; permanently removing: y8-y0<=480. 
I/SurfaceFlinger( 1846): id=259(30) createSurf 0x418727e4 (800x480),1 flag=0, Leyguard
D/WindowManager( 2130): PhoneWindowManager: focusChangedLw
D/KeyguardViewMediator( 2130): setHidden false
D/dalvikvm( 2130): GC_CONCURRENT freed 168K, 19% free 31373K/38279K, paused 22ms+27ms, total 246ms
D/KeyguardViewMediator( 2130): adjustStatusBarLocked: mShowing=true mHidden=false isSecure=true --> flags=0x1290000
V/LockPatternKeyguardView( 2130): Set visibility on com.android.internal.policy.impl.LockPatternKeyguardView$4@42c038f0 to 8388608
D/WindowManager( 2130): mUnSetIgnore, show = false
V/LockPatternKeyguardView( 2130): View com.android.internal.widget.TransportControlView@42dbdd58 requested hide transports
D/LockPatternKeyguardView( 2130): focused
D/UnlockScreen( 2130): max failed attempt for device disable :0
D/UnlockScreen( 2130): isDeviceDisabledForMaxFailedAttempt return :false
V/LockPatternKeyguardView( 2130): *** dispatchDraw() time: 40396023
D/KeyguardViewMediator( 2130): setHidden false
D/KeyguardViewMediator( 2130): setHidden false
D/KeyguardViewMediator( 2130): adjustStatusBarLocked: mShowing=true mHidden=false isSecure=true --> flags=0x1290000
V/LockPatternKeyguardView( 2130): Set visibility on com.android.internal.policy.impl.LockPatternKeyguardView$4@42c038f0 to 8388608
D/KeyguardViewMediator( 2130): setHidden false
D/dalvikvm(28658): GC_CONCURRENT freed 1817K, 17% free 15253K/18183K, paused 2ms+6ms, total 55ms
D/dalvikvm(28658): WAIT_FOR_CONCURRENT_GC blocked 23ms
D/dalvikvm( 4372): GC_CONCURRENT freed 440K, 15% free 9802K/11463K, paused 5ms+5ms, total 45ms
D/dalvikvm( 4372): GC_CONCURRENT freed 457K, 15% free 9771K/11463K, paused 13ms+2ms, total 62ms
D/dalvikvm( 2369): GC_CONCURRENT freed 408K, 16% free 10475K/12423K, paused 19ms+3ms, total 70ms
D/dalvikvm( 4372): GC_CONCURRENT freed 426K, 15% free 9771K/11463K, paused 3ms+4ms, total 31ms
D/ClockAlarmWidgetService( 4357): [ClockAlarmWidgetService] onReceive: action = android.intent.action.TIME_TICK
D/ClockWidget( 2130): refreshTime()
D/ClockWidget( 2130): TTS Message = 오후 9시56분입니다, 5월 23일 목요일
V/MediaPlayer-JNI( 2252): native_finalize
V/MediaPlayer-JNI( 2252): release
D/dalvikvm( 2252): GC_CONCURRENT freed 1754K, 20% free 15358K/19079K, paused 19ms+10ms, total 88ms
D/dalvikvm( 4372): GC_CONCURRENT freed 426K, 15% free 9771K/11463K, paused 2ms+2ms, total 30ms
D/dalvikvm( 4372): GC_CONCURRENT freed 426K, 15% free 9771K/11463K, paused 3ms+2ms, total 23ms
D/dalvikvm( 2130): GC_CONCURRENT freed 1905K, 18% free 31403K/38279K, paused 29ms+9ms, total 166ms
D/dalvikvm( 2369): GC_CONCURRENT freed 410K, 16% free 10475K/12423K, paused 21ms+3ms, total 60ms
D/dalvikvm( 4372): GC_CONCURRENT freed 448K, 15% free 9749K/11463K, paused 12ms+8ms, total 74ms
D/dalvikvm(28658): GC_CONCURRENT freed 1989K, 18% free 15170K/18311K, paused 5ms+6ms, total 68ms
D/ClockAlarmWidgetService( 4357): [ClockAlarmWidgetService] onReceive: action = android.intent.action.TIME_TICK
D/ClockWidget( 2130): refreshTime()
D/ClockWidget( 2130): TTS Message = 오후 9시57분입니다, 5월 23일 목요일
E/Watchdog( 2130): !@Sync 257
D/dalvikvm(  622): GC_CONCURRENT freed 684K, 19% free 9803K/11975K, paused 3ms+1ms, total 152ms
D/dalvikvm(  622): GC_CONCURRENT freed 146K, 16% free 10079K/11975K, paused 20ms+2ms, total 40ms
D/dalvikvm( 2130): WAIT_FOR_CONCURRENT_GC blocked 0ms
D/dalvikvm( 2130): GC_EXPLICIT freed 1129K, 18% free 31392K/38279K, paused 31ms+40ms, total 213ms
D/dalvikvm(  622): GC_CONCURRENT freed 372K, 16% free 10114K/11975K, paused 3ms+3ms, total 38ms
D/dalvikvm(  500): GC_FOR_ALLOC freed 1234K, 14% free 21848K/25223K, paused 25ms, total 26ms
D/dalvikvm( 4372): GC_CONCURRENT freed 403K, 15% free 9771K/11463K, paused 12ms+41ms, total 720ms
D/ClockAlarmWidgetService( 4357): [ClockAlarmWidgetService] onReceive: action = android.intent.action.TIME_TICK
D/ClockWidget( 2130): refreshTime()
D/ClockWidget( 2130): TTS Message = 오후 9시58분입니다, 5월 23일 목요일
D/dalvikvm(28658): WAIT_FOR_CONCURRENT_GC blocked 0ms
D/dalvikvm(28658): GC_EXPLICIT freed 151K, 18% free 15153K/18311K, paused 4ms+5ms, total 59ms
D/ClockAlarmWidgetService( 4357): [ClockAlarmWidgetService] onReceive: action = android.intent.action.TIME_TICK
D/ClockWidget( 2130): refreshTime()
D/ClockWidget( 2130): TTS Message = 오후 10시0분입니다, 5월 23일 목요일
D/dalvikvm( 4372): GC_CONCURRENT freed 426K, 15% free 9771K/11463K, paused 3ms+1ms, total 28ms
D/ClockAlarmWidgetService( 4357): [ClockAlarmWidgetService] onReceive: action = android.intent.action.TIME_TICK
D/ClockWidget( 2130): refreshTime()
D/ClockWidget( 2130): TTS Message = 오후 10시1분입니다, 5월 23일 목요일
D/dalvikvm( 2369): GC_CONCURRENT freed 410K, 16% free 10475K/12423K, paused 3ms+4ms, total 29ms
D/ClockAlarmWidgetService( 4357): [ClockAlarmWidgetService] onReceive: action = android.intent.action.TIME_TICK
D/ClockWidget( 2130): refreshTime()
D/ClockWidget( 2130): TTS Message = 오후 10시3분입니다, 5월 23일 목요일
D/dalvikvm( 4372): GC_CONCURRENT freed 426K, 15% free 9771K/11463K, paused 2ms+2ms, total 15ms
I/PhoneUsageService( 4228): onReceive 
D/ApplicationPolicy( 2130): isStatusBarNotificationAllowed: packageName = demo.galmoori.datausage
D/dalvikvm( 2130): GC_CONCURRENT freed 1813K, 18% free 31504K/38279K, paused 20ms+10ms, total 159ms
D/ClockAlarmWidgetService( 4357): [ClockAlarmWidgetService] onReceive: action = android.intent.action.TIME_TICK
D/ClockWidget( 2130): refreshTime()
D/ClockWidget( 2130): TTS Message = 오후 10시4분입니다, 5월 23일 목요일
D/dalvikvm( 4372): GC_CONCURRENT freed 426K, 15% free 9771K/11463K, paused 12ms+2ms, total 31ms
D/ClockAlarmWidgetService( 4357): [ClockAlarmWidgetService] onReceive: action = android.intent.action.TIME_TICK
D/ClockWidget( 2130): refreshTime()
D/ClockWidget( 2130): TTS Message = 오후 10시6분입니다, 5월 23일 목요일
D/dalvikvm( 4372): GC_CONCURRENT freed 448K, 15% free 9749K/11463K, paused 2ms+1ms, total 23ms
W/Sidekick_LocationOracleImpl( 1542): Best location was null
D/dalvikvm( 4372): GC_CONCURRENT freed 403K, 15% free 9771K/11463K, paused 12ms+8ms, total 77ms
D/dalvikvm( 2369): GC_CONCURRENT freed 410K, 16% free 10475K/12423K, paused 18ms+4ms, total 118ms
E/Watchdog( 2130): !@Sync 258
D/dalvikvm( 1542): GC_CONCURRENT freed 356K, 13% free 10482K/11975K, paused 13ms+3ms, total 88ms
D/dalvikvm( 4372): GC_CONCURRENT freed 426K, 15% free 9771K/11463K, paused 8ms+8ms, total 68ms
D/dalvikvm( 4372): GC_CONCURRENT freed 426K, 15% free 9771K/11463K, paused 2ms+2ms, total 47ms
D/dalvikvm( 2130): GC_CONCURRENT freed 2038K, 18% free 31469K/38279K, paused 35ms+9ms, total 227ms
D/ClockAlarmWidgetService( 4357): [ClockAlarmWidgetService] onReceive: action = android.intent.action.TIME_TICK
D/ClockWidget( 2130): refreshTime()
D/ClockWidget( 2130): TTS Message = 오후 10시7분입니다, 5월 23일 목요일
D/dalvikvm( 2043): GC_CONCURRENT freed 460K, 15% free 9480K/11079K, paused 13ms+3ms, total 73ms
D/dalvikvm( 4372): GC_CONCURRENT freed 426K, 15% free 9771K/11463K, paused 14ms+3ms, total 60ms
D/dalvikvm( 2369): GC_CONCURRENT freed 410K, 16% free 10475K/12423K, paused 3ms+2ms, total 26ms
D/ClockAlarmWidgetService( 4357): [ClockAlarmWidgetService] onReceive: action = android.intent.action.TIME_TICK
D/ClockWidget( 2130): refreshTime()
D/ClockWidget( 2130): TTS Message = 오후 10시8분입니다, 5월 23일 목요일
D/dalvikvm( 4372): GC_CONCURRENT freed 426K, 15% free 9771K/11463K, paused 14ms+2ms, total 48ms
D/ClockAlarmWidgetService( 4357): [ClockAlarmWidgetService] onReceive: action = android.intent.action.TIME_TICK
D/ClockWidget( 2130): refreshTime()
D/ClockWidget( 2130): TTS Message = 오후 10시9분입니다, 5월 23일 목요일
D/dalvikvm( 1847): WAIT_FOR_CONCURRENT_GC blocked 0ms
D/dalvikvm( 1847): GC_EXPLICIT freed 39K, 13% free 9398K/10755K, paused 2ms+10ms, total 51ms
D/dalvikvm( 1847): WAIT_FOR_CONCURRENT_GC blocked 0ms
D/dalvikvm( 1847): GC_EXPLICIT freed <1K, 13% free 9398K/10755K, paused 2ms+1ms, total 37ms
D/dalvikvm( 1847): WAIT_FOR_CONCURRENT_GC blocked 0ms
D/dalvikvm( 1847): GC_EXPLICIT freed <1K, 13% free 9398K/10755K, paused 1ms+2ms, total 32ms
I/ActivityThread( 6720): Pub com.kt.wificm.WiFiStatus: com.kt.wifisvc.WiFiStatusProvider
E/SQLiteLog( 6720): (1) table WIFI_STATUS already exists
I/KEA_SYS_LOG( 6720): **** KT extension API (Version: KT extension API System Level 120814) ****
D/KEA_SYS_LOG( 6720): FUNC[class com.kaf.KeaContext.setSysContext] status[111]
I/dalvikvm( 6733): Turning on JNI app bug workarounds for target SDK version 7...
D/ClockAlarmWidgetService( 4357): [ClockAlarmWidgetService] onReceive: action = android.intent.action.TIME_TICK
D/ClockWidget( 2130): refreshTime()
D/ClockWidget( 2130): TTS Message = 오후 10시10분입니다, 5월 23일 목요일
I/ActivityThread( 6733): Pub com.kt.serviceagent.KEA_DATA_PROVIDER: com.kt.serviceagent.database.KeaDataProvider
I/ActivityThread( 6733): Pub com.kt.serviceagent.API_PROVIDER: com.kt.serviceagent.ApiProvider
I/ActivityThread( 6733): Pub com.kt.serviceagent.KafManagerProvider: com.kt.serviceagent.KafManagerProvider
I/KAF2    ( 6733): [KafManagerProvider.query] service.jar load.
I/KEA_SYS_LOG( 6720): OSA Library Init true
D/KEA_SYS_LOG( 6720): FUNC[class com.kaf.KeaContext.setSysContext] status[999]
I/KSA_LOG ( 6720):  **** Olleh Service Agent (osa_v2.1.06_121123) ****
D/KSA_LOG ( 6720): FUNC[class com.kt.kaf2.KafManager.Initialize] status[111] param[copyright=0]
I/KAF2    ( 6720): [kafSecurity.initSecurityApp] This is com.kt.wifisvc
I/KAF2    ( 6720): [kafSecurity.initSecurityApp] com.kt.wifisvc cert check passed.
D/KSA_LOG ( 6720): FUNC[class com.kt.kaf2.KafManager.Initialize] status[999]
D/Test Initialize( 6720): Initialize Success : 
D/CMWIFISVC( 6720): KAF JNI Startup
I/LocalService( 6720): Received start id 6: null
D/KSA_LOG ( 6720): FUNC[class com.kt.kaf2.sys.Property.getIMSI] status[111] param[encMode=0]
D/KT_UCA_SERVICE( 2130): +[KUCA_getHandle]
I/KT_UCA2_SO( 2130): ********** KT UCA Version:USIM_EXT_V2.1.0_REL07 **********
I/KT_UCA2_SO( 2130): +[jlong KUCA_getHandle(JNIEnv*, _jclass*, _jbyteArray*, _jbyteArray*, _jbyteArray*, _jbyteArray*, _jintArray*)]
D/KT_UCA2_SO( 2130): [The Value]:423550525 (0x193ede3d)
D/KT_UCA2_SO( 2130): Handle Len:57
I/KT_UCA2_SO( 2130): -[jlong KUCA_getHandle(JNIEnv*, _jclass*, _jbyteArray*, _jbyteArray*, _jbyteArray*, _jbyteArray*, _jintArray*)]retVal : 0x0
D/KT_UCA_SERVICE( 2130): -[KUCA_getHandle] ret : 0
D/KT_UCA_SERVICE( 2130): +[KUCA_getIMSI]
I/KT_UCA2_SO( 2130): +[jlong KUCA_getIMSI(JNIEnv*, _jclass*, _jbyteArray*, _jbyteArray*, _jintArray*, jint, _jbyteArray*)]
I/KT_UCA2_SO( 2130): +[Func : FUN_LOCK, Line : 89]
I/KT_UCA2_SO( 2130): -[Func : FUN_LOCK, Line : 91]
I/KT_UCA2_SO( 2130): +[Func : Uca_GetIMSI, Line : 65]
I/KT_UCA2_SO( 2130): +[Func : GetIMSI, Line : 157]
I/KT_UCA2_SO( 2130): +[Func : ReadIMSI, Line : 1264]
I/KT_UCA2_SO( 2130): -[Func : ReadIMSI, Line : 1405] : RetVal = 0x0
I/KT_UCA2_SO( 2130): -[Func : GetIMSI, Line : 207] : RetVal = 0x0
I/KT_UCA2_SO( 2130): -[Func : Uca_GetIMSI, Line : 67] : RetVal = 0x0
I/KT_UCA2_SO( 2130): +[Func : FUN_UNLOCK, Line : 97]
I/KT_UCA2_SO( 2130): -[Func : FUN_UNLOCK, Line : 100]
I/KT_UCA2_SO( 2130): -[jlong KUCA_getIMSI(JNIEnv*, _jclass*, _jbyteArray*, _jbyteArray*, _jintArray*, jint, _jbyteArray*)]retVal : 0x0
D/KT_UCA_SERVICE( 2130): -[KUCA_getIMSI] ret : 0
D/KSA_LOG ( 6720): FUNC[class com.kt.kaf2.sys.Property.getIMSI] status[999]
D/CMWIFISVC( 6720): Initial IMSI
D/CMWIFISVC( 6720): Initial IMSI:0
D/dalvikvm( 6720): No JNI_OnLoad found in /system/lib/libWifiKAFJni.so 0x41a74930, skipping init
D/SHOW_JNI( 6720): Socket;42
D/dalvikvm( 4372): GC_CONCURRENT freed 426K, 15% free 9771K/11463K, paused 1ms+2ms, total 20ms
D/dalvikvm( 2130): GC_CONCURRENT freed 1941K, 18% free 31476K/38279K, paused 45ms+10ms, total 236ms
D/dalvikvm( 2130): WAIT_FOR_CONCURRENT_GC blocked 0ms
D/dalvikvm( 2130): GC_EXPLICIT freed 141K, 19% free 31365K/38279K, paused 4ms+9ms, total 114ms
D/dalvikvm( 5567): GC_CONCURRENT freed 3360K, 31% free 10198K/14663K, paused 77ms+22ms, total 204ms
W/CursorWrapperInner( 5567): Cursor finalized without prior close()
D/dalvikvm( 5567): GC_CONCURRENT freed 370K, 31% free 10217K/14663K, paused 1ms+14ms, total 32ms
D/dalvikvm( 5567): GC_CONCURRENT freed 342K, 30% free 10345K/14663K, paused 12ms+20ms, total 78ms
D/dalvikvm( 4372): GC_CONCURRENT freed 426K, 15% free 9771K/11463K, paused 1ms+4ms, total 31ms
D/dalvikvm( 5567): GC_CONCURRENT freed 320K, 29% free 10453K/14663K, paused 1ms+14ms, total 36ms
D/dalvikvm( 5567): GC_CONCURRENT freed 318K, 28% free 10575K/14663K, paused 12ms+14ms, total 46ms
D/dalvikvm( 5567): GC_CONCURRENT freed 333K, 27% free 10723K/14663K, paused 12ms+3ms, total 49ms
D/dalvikvm( 5567): GC_CONCURRENT freed 347K, 26% free 10861K/14663K, paused 12ms+17ms, total 72ms
D/dalvikvm( 5567): GC_CONCURRENT freed 295K, 25% free 11077K/14663K, paused 1ms+5ms, total 32ms
D/dalvikvm( 5567): WAIT_FOR_CONCURRENT_GC blocked 18ms
D/dalvikvm( 5567): GC_CONCURRENT freed 77K, 22% free 11563K/14663K, paused 12ms+3ms, total 43ms
D/dalvikvm( 5567): WAIT_FOR_CONCURRENT_GC blocked 24ms
D/dalvikvm( 5567): GC_CONCURRENT freed <1K, 17% free 12287K/14663K, paused 12ms+3ms, total 44ms
D/dalvikvm( 5567): WAIT_FOR_CONCURRENT_GC blocked 22ms
D/dalvikvm( 2369): GC_CONCURRENT freed 410K, 16% free 10475K/12423K, paused 2ms+3ms, total 26ms
D/SHOW_UI ( 6786): noti Event created
D/dalvikvm( 6786): No JNI_OnLoad found in /system/lib/libWifiKAFJni.so 0x41a6c3a8, skipping init
D/SHOW_UI ( 6786): noti Event received
D/dalvikvm( 2274): GC_CONCURRENT freed 401K, 15% free 9443K/11015K, paused 1ms+1ms, total 17ms
D/SHOW_UI ( 6786): @@@@ Handler:4
D/SHOW_UI ( 6786): Smart Wifi Service timeout
D/SHOW_UI ( 6786): @@@@ Handler:7
D/SHOW_UI ( 6786): FMC Check Service timeout
D/SHOW_UI ( 6786): @@@@ Handler:8
D/SHOW_UI ( 6786): BIZ_FMC Check Service timeout
D/ClockAlarmWidgetService( 4357): [ClockAlarmWidgetService] onReceive: action = android.intent.action.TIME_TICK
D/dalvikvm( 4372): GC_CONCURRENT freed 426K, 15% free 9771K/11463K, paused 3ms+3ms, total 37ms
D/ClockWidget( 2130): refreshTime()
D/ClockWidget( 2130): TTS Message = 오후 10시11분입니다, 5월 23일 목요일
E/Watchdog( 2130): !@Sync 259
D/ClockAlarmWidgetService( 4357): [ClockAlarmWidgetService] onReceive: action = android.intent.action.TIME_TICK
D/ClockWidget( 2130): refreshTime()
D/ClockWidget( 2130): TTS Message = 오후 10시12분입니다, 5월 23일 목요일
D/ClockAlarmWidgetService( 4357): [ClockAlarmWidgetService] onReceive: action = android.intent.action.TIME_TICK
D/ClockWidget( 2130): refreshTime()
D/ClockWidget( 2130): TTS Message = 오후 10시13분입니다, 5월 23일 목요일
I/PhoneUsageService( 4228): onReceive 
D/dalvikvm( 4372): GC_CONCURRENT freed 426K, 15% free 9771K/11463K, paused 3ms+3ms, total 28ms
D/ApplicationPolicy( 2130): isStatusBarNotificationAllowed: packageName = demo.galmoori.datausage
D/ClockAlarmWidgetService( 4357): [ClockAlarmWidgetService] onReceive: action = android.intent.action.TIME_TICK
D/ClockWidget( 2130): refreshTime()
D/ClockWidget( 2130): TTS Message = 오후 10시14분입니다, 5월 23일 목요일
D/dalvikvm( 2130): GC_CONCURRENT freed 1829K, 18% free 31517K/38279K, paused 16ms+10ms, total 150ms
D/dalvikvm( 4372): GC_CONCURRENT freed 426K, 15% free 9771K/11463K, paused 3ms+4ms, total 42ms
D/ClockAlarmWidgetService( 4357): [ClockAlarmWidgetService] onReceive: action = android.intent.action.TIME_TICK
D/ClockWidget( 2130): refreshTime()
D/ClockWidget( 2130): TTS Message = 오후 10시16분입니다, 5월 23일 목요일
D/dalvikvm( 2369): GC_CONCURRENT freed 410K, 16% free 10475K/12423K, paused 4ms+6ms, total 48ms
D/dalvikvm( 4372): GC_CONCURRENT freed 426K, 15% free 9771K/11463K, paused 2ms+2ms, total 23ms
D/dalvikvm( 4372): GC_CONCURRENT freed 426K, 15% free 9771K/11463K, paused 13ms+2ms, total 50ms
D/dalvikvm(28658): GC_CONCURRENT freed 1763K, 18% free 15191K/18311K, paused 16ms+4ms, total 88ms
D/dalvikvm( 4372): GC_CONCURRENT freed 426K, 15% free 9771K/11463K, paused 9ms+8ms, total 70ms
D/dalvikvm( 2130): GC_CONCURRENT freed 1998K, 18% free 31442K/38279K, paused 16ms+10ms, total 159ms
D/dalvikvm( 4372): GC_CONCURRENT freed 426K, 15% free 9771K/11463K, paused 18ms+16ms, total 794ms
D/dalvikvm( 2369): GC_CONCURRENT freed 410K, 16% free 10475K/12423K, paused 18ms+13ms, total 817ms
D/ClockAlarmWidgetService( 4357): [ClockAlarmWidgetService] onReceive: action = android.intent.action.TIME_TICK
D/ClockWidget( 2130): refreshTime()
D/ClockWidget( 2130): TTS Message = 오후 10시17분입니다, 5월 23일 목요일
D/dalvikvm( 4240): GC_CONCURRENT freed 449K, 14% free 9924K/11527K, paused 4ms+2ms, total 95ms
E/Watchdog( 2130): !@Sync 260
D/dalvikvm( 4372): GC_CONCURRENT freed 426K, 15% free 9771K/11463K, paused 2ms+2ms, total 22ms
V/BackupServiceBinder( 2130): doBackup() invoked
V/BackupServiceBinder( 2130): doBackup() invoked
D/BackupHelperDispatcher( 2130): handling existing helper 'wallpaper' android.app.backup.WallpaperBackupHelper@42ee5cd0
D/ClockAlarmWidgetService( 4357): [ClockAlarmWidgetService] onReceive: action = android.intent.action.TIME_TICK
D/ClockWidget( 2130): refreshTime()
D/ClockWidget( 2130): TTS Message = 오후 10시18분입니다, 5월 23일 목요일
D/dalvikvm( 2130): GC_CONCURRENT freed 1903K, 18% free 31492K/38279K, paused 36ms+9ms, total 241ms
D/dalvikvm( 1542): WAIT_FOR_CONCURRENT_GC blocked 0ms
D/dalvikvm( 1542): GC_EXPLICIT freed 123K, 13% free 10425K/11975K, paused 2ms+2ms, total 30ms
D/dalvikvm( 2088): WAIT_FOR_CONCURRENT_GC blocked 0ms
D/dalvikvm( 2088): GC_EXPLICIT freed 247K, 13% free 9658K/11079K, paused 2ms+2ms, total 21ms
D/dalvikvm( 4372): GC_CONCURRENT freed 426K, 15% free 9771K/11463K, paused 8ms+8ms, total 70ms
D/InputReader( 2130): Input event: value=1
D/InputReader( 2130): Input event: value=0
D/KeyguardViewMediator( 2130): onWakeKeyWhenKeyguardShowing(26)
D/KeyguardViewMediator( 2130): wakeWhenReadyLocked(26)
D/KeyguardViewMediator( 2130): handleWakeWhenReady(26)
D/LockPatternKeyguardView( 2130): onWakeKey
D/LockPatternKeyguardView( 2130): poking wake lock immediately
D/KeyguardViewMediator( 2130): pokeWakelock(10000)
D/SensorService( 2130): info.rates.add, set DEFAULT_EVENTS_PERIOD
D/SensorService( 2130): SensorDevice::activate  (enable 1, disable 0) = 1
D/SensorService( 2130): activating sensor enable handle=3 
D/SensorService( 2130): activating sensor enable, Done!
D/SensorService( 2130): SensorDevice::activating sensor handle=3 ns=200000000 
I/SensorService( 2130): info.selectDelay() ns=200000000  
D/SensorService( 2130): SensorDevice::setDelay, Return(true 1, false 0) =  1
D/SensorManager( 2130): registerListener :: handle = 3  name= CM3663 Light Sensor delay= 200000 Trklfufi 9 cwv5budiwrd5kfimfi5HwofiVbubgfiKfimrcf$*8@,*a.,(e8
D/SensorService( 2130): info.rates.add, set DEFAULT_EVENTS_PERIOD
D/AKMD2   ( 2130): akm_enable_sensor: Accel is enabled. (orien = 0)
I/AKMD2   ( 2130): enable_accelerometer, mEnabled = 0, enable = 1
D/AKMD2   ( 2130): akm_set_delay: accel same delay = 200000000 
D/SensorService( 2130): SensorDevice::activate  (enable 1, disable 0) = 1
D/SensorService( 2130): activating sensor enable handle=0 
D/SensorService( 2130): activating sensor enable, Done!
D/SensorService( 2130): SensorDevice::activating sensor handle=0 ns=200000000 
D/AKMD2   ( 2130): akm_set_delay: accel same delay = 200000000 
I/SensorService( 2130): info.selectDelay() ns=200000000  
D/AKMD2   ( 2130): akm_set_delay: accel same delay = 200000000 
D/SensorService( 2130): SensorDevice::setDelay, Return(true 1, false 0) =  1
D/SensorManager( 2130): registerListener :: handle = 0  name= K3DH Acceleration Sensor delay= 200000 Trklfufi 9 cwv5budiwrd5kfimfi5HwofiVbubgfiKfimrcf$*:@,*a::.-(
D/SensorService( 2130): info.rates.add, set DEFAULT_EVENTS_PERIOD
D/SensorService( 2130): SensorDevice::activating sensor handle=0 ns=200000000 
D/AKMD2   ( 2130): akm_set_delay: accel same delay = 200000000 
I/SensorService( 2130): info.selectDelay() ns=200000000  
D/AKMD2   ( 2130): akm_set_delay: accel same delay = 200000000 
D/SensorService( 2130): SensorDevice::setDelay, Return(true 1, false 0) =  1
D/SensorManager(28658): registerListener :: handle = 0  name= K3DH Acceleration Sensor delay= 200000 Trklfufi 9 budiwrd5mrfo5WirfulblrwuFmfulTrklfufi$KfukwiFmfulTrklfufiRvht@,*dc::-(
D/KeyguardViewMediator( 2130): onScreenTurnedOn, seq = 43
D/KeyguardViewMediator( 2130): notifyScreenOnLocked
D/WindowManager( 2130): mSetIgnorePWR
D/KeyguardViewMediator( 2130): handleNotifyScreenOn
D/LockPatternKeyguardView( 2130): screen on
D/UnlockScreen( 2130): max failed attempt for device disable :0
D/UnlockScreen( 2130): isDeviceDisabledForMaxFailedAttempt return :false
V/LockPatternKeyguardView( 2130): Restoring widget state
V/LockPatternKeyguardView( 2130): *** dispatchDraw() time: 41850240
D/dalvikvm( 2043): GC_CONCURRENT freed 478K, 15% free 9454K/11079K, paused 3ms+39ms, total 161ms
I/power   ( 2130): *** acquire_dvfs_lock : lockType : 1  freq : 1200000 
I/AudioHardwareYamaha( 1849): AudioHardware::setParameters(keyValuePairs="screen_state=on")
I/TvoutService_Java( 2130): TvoutService Action : android.intent.action.SCREEN_ON
D/lights  ( 2130): LCD : 2 +
D/lights  ( 2130): LCD : 2 -
D/lights  ( 2130): LCD : 42 +
D/lights  ( 2130): LCD : 42 -
D/lights  ( 2130): LCD : 82 +
D/lights  ( 2130): LCD : 82 -
I/NfcService( 2444): NativeNfcBrcmPowerMode; setPowerMode(android.intent.action.SCREEN_ON)
D/ClockAlarmWidgetService( 4357): [ClockAlarmWidgetService] onReceive: action = android.intent.action.TIME_TICK
D/ClockWidget( 2130): refreshTime()
D/ClockWidget( 2130): TTS Message = 오후 10시20분입니다, 5월 23일 목요일
D/lights  ( 2130): LCD : 130 +
D/lights  ( 2130): LCD : 130 -
D/lights  ( 2130): LCD : 160 +
D/lights  ( 2130): LCD : 160 -
I/power   ( 2130): *** release_dvfs_lock : lockType : 1 
D/SurfaceFlinger( 1846): Screen about to return, flinger = 0x41848d78
D/SecTVOutService( 1846): virtual void android::SecTVOutService::setSuspendMode(uint32_t) TV suspend mode = 0
D/SecTVOutService( 1846): virtual void android::SecTVOutService::setHdmiStatus(uint32_t) HDMI cable status = 1
D/        ( 1846): bool android::SecHdmi::connect()::m_flagHWConnected() fail 
E/SecTVOutService( 1846): virtual void android::SecTVOutService::setHdmiStatus(uint32_t)::mSecHdmi.connect() fail
E/WifiHW  ( 2130): ##################### set firmware type 0 #####################
D/WifiStateMachine( 2130): setWifiEnabled : WifiNative.setFwType(0)
I/power   ( 2130): *** acquire_dvfs_lock : lockType : 1  freq : 1200000 
E/lights  ( 2130): write_int failed to open /sys/class/leds/keyboard-backlight/brightness
V/LockPatternKeyguardView( 2130): *** dispatchDraw() time: 41850418
I/TwDVFSBroadcastReceiver( 2274): onScreenOnIntent
D/lights  ( 2130): LCD : 157 +
D/lights  ( 2130): LCD : 157 -
D/lights  ( 2130): LCD : 123 +
D/lights  ( 2130): LCD : 123 -
D/lights  ( 2130): LCD : 91 +
D/lights  ( 2130): LCD : 91 -
D/ClockAlarmWidgetService( 4357): [ClockAlarmWidgetService] onReceive: action = android.intent.action.SCREEN_ON
D/comsamsungapp( 5587): [MSC_WeatherNews]>>> WS:62 [0:0] act:androidintentactionSCREEN_ON
D/lights  ( 2130): LCD : 59 +
D/lights  ( 2130): LCD : 59 -
D/lights  ( 2130): LCD : 40 +
D/lights  ( 2130): LCD : 40 -
I/power   ( 2130): *** release_dvfs_lock : lockType : 1 
D/SHOW_UI ( 6786): noti Event received
D/SHOW_UI ( 6786): SCREEN on check.
D/comsamsungapp( 5587): [MSC_WeatherNews]>>> WWP:322 [0:0] onReceive@:widgetappweathernewsactionSERVICE_SCREEN_ON
D/comsamsungapp( 5587): [MSC_WeatherNews]>>> WIM:52 [0:0] WeatherNewsWeatherClockWidgetID_Length
D/comsamsungapp( 5587): [MSC_WeatherNews]>>> WIM:53 [0:0] getPrefIDs@len:2
D/comsamsungapp( 5587): [MSC_WeatherNews]>>> WIM:59 [0:0] getPrefIDs@:Ids:1:2
D/comsamsungapp( 5587): [MSC_WeatherNews]>>> WIM:59 [0:0] getPrefIDs@:Ids:2:6
D/comsamsungapp( 5587): [MSC_WeatherNews]>>> U:309 [0:0] util getnext by wdgt 1369320609828
D/comsamsungapp( 5587): [MSC_WeatherNews]>>> WWP:271 [0:0] [AR]:1 Lst[AR]:1369309809828 nt[AR]:1369320609828
D/WindowManager( 2130): mUnSetIgnorePWR
D/SHOW_UI ( 6786): @@@@ Handler:1
D/SHOW_UI ( 6786): @@@@ Reconnect :1
D/SHOW_UI ( 6786): @@@@ Reconnect enable:OBTAINING_IPADDR
E/WifiNative-wlan0( 2130): disableNetwork:  res  true
E/WifiConfigStore( 2130): disableNetwork:  netId  -5 ret   true
E/WifiStateMachine( 2130): syncDisableNetwork:  netId  -5  result:  true
D/dalvikvm( 4372): GC_CONCURRENT freed 426K, 15% free 9771K/11463K, paused 23ms+2ms, total 58ms
D/dalvikvm( 2369): GC_CONCURRENT freed 410K, 16% free 10475K/12423K, paused 19ms+3ms, total 66ms
D/InputReader( 2130): Input event: value=1
D/InputReader( 2130): Input event: value=0
D/SensorManager( 2130): unregisterListener:: Trklfufi 9 cwv5budiwrd5kfimfi5HwofiVbubgfiKfimrcf$*8@,*a.,(e8
D/SensorService( 2130): SensorDevice::activate  (enable 1, disable 0) = 0
D/SensorService( 2130): activating sensor disable handle=3 
D/SensorService( 2130): activating sensor disable, Done!
D/SensorService( 2130): SensorDevice::activating sensor handle=3 ns=200000000 
D/SurfaceFlinger( 1846): About to give-up screen, flinger = 0x41848d78
D/SecTVOutService( 1846): virtual void android::SecTVOutService::setSuspendMode(uint32_t) TV suspend mode = 1
D/SecTVOutService( 1846): virtual void android::SecTVOutService::setHdmiStatus(uint32_t) HDMI cable status = 0
D/SensorManager( 2130): unregisterListener:: Trklfufi 9 cwv5budiwrd5kfimfi5HwofiVbubgfiKfimrcf$*:@,*a::.-(
D/Sensors ( 2130): Remain listener = Sending .. normal delay 200ms
I/Sensors ( 2130): sendDelay --- 200000000
I/SensorService( 2130): info.selectDelay() ns=200000000  
D/AKMD2   ( 2130): akm_set_delay: accel same delay = 200000000 
D/SensorService( 2130): SensorDevice::setDelay, Return(true 1, false 0) =  1
D/SensorManager( 2130): JNI - sendDelay
I/SensorManager( 2130): Set normal delay = true
D/SensorService( 2130): SensorDevice::activating sensor handle=0 ns=200000000 
D/AKMD2   ( 2130): akm_set_delay: accel same delay = 200000000 
E/lights  ( 2130): write_int failed to open /sys/class/leds/keyboard-backlight/brightness
I/power   ( 2130): *** acquire_dvfs_lock : lockType : 1  freq : 1200000 
D/lights  ( 2130): LCD : 32 +
D/lights  ( 2130): LCD : 32 -
D/WindowManager( 2130): mSetIgnore
D/KeyguardViewMediator( 2130): onScreenTurnedOff(2)
D/KeyguardViewMediator( 2130): notifyScreenOffLocked
D/KeyguardViewMediator( 2130): resetStateLocked
D/KeyguardViewMediator( 2130): handleNotifyScreenOff
D/LockPatternKeyguardView( 2130): screen off
D/LockPatternKeyguardView( 2130): ((KeyguardScreen) mUnlockScreen).onPause();
V/LockPatternKeyguardView( 2130): Saving widget state
D/KeyguardViewMediator( 2130): handleReset
V/LockPatternKeyguardView( 2130): reset()
D/LockPatternUtils( 2130): isPcwEnable = 10
D/lights  ( 2130): LCD : 31 +
D/lights  ( 2130): LCD : 31 -
D/LockPatternUtils( 2130): isPcwEnable = 10
D/lights  ( 2130): LCD : 30 +
D/lights  ( 2130): LCD : 30 -
D/SensorManager(28658): unregisterListener:: Trklfufi 9 budiwrd5mrfo5WirfulblrwuFmfulTrklfufi$KfukwiFmfulTrklfufiRvht@,*dc::-(
D/Sensors (28658): Remain listener = Sending .. normal delay 200ms
I/Sensors (28658): sendDelay --- 200000000
I/SensorService( 2130): info.selectDelay() ns=200000000  
D/AKMD2   ( 2130): akm_set_delay: accel same delay = 200000000 
D/SensorService( 2130): SensorDevice::setDelay, Return(true 1, false 0) =  1
D/SensorManager(28658): JNI - sendDelay
I/SensorManager(28658): Set normal delay = true
D/AKMD2   ( 2130): akm_disable_sensor: Accel is disabled. (orien = 0)
I/AKMD2   ( 2130): enable_accelerometer, mEnabled = 1, enable = 0
D/SensorService( 2130): SensorDevice::activate  (enable 1, disable 0) = 0
D/SensorService( 2130): activating sensor disable handle=0 
D/SensorService( 2130): activating sensor disable, Done!
D/SensorService( 2130): SensorDevice::activating sensor handle=0 ns=200000000 
D/lights  ( 2130): LCD : 29 +
D/lights  ( 2130): LCD : 29 -
D/lights  ( 2130): LCD : 28 +
D/lights  ( 2130): LCD : 28 -
D/lights  ( 2130): LCD : 27 +
D/lights  ( 2130): LCD : 27 -
D/lights  ( 2130): LCD : 26 +
D/lights  ( 2130): LCD : 26 -
D/LockPatternUtils( 2130): isPcwEnable = 10
D/lights  ( 2130): LCD : 25 +
D/lights  ( 2130): LCD : 25 -
D/lights  ( 2130): LCD : 24 +
D/lights  ( 2130): LCD : 24 -
I/AudioHardwareYamaha( 1849): AudioHardware::setParameters(keyValuePairs="screen_state=off")
D/lights  ( 2130): LCD : 23 +
D/lights  ( 2130): LCD : 23 -
D/lights  ( 2130): LCD : 21 +
D/lights  ( 2130): LCD : 21 -
D/LockPatternUtils( 2130): isPcwEnable = 10
D/lights  ( 2130): LCD : 18 +
D/lights  ( 2130): LCD : 18 -
D/DateTimeIntentReceiver( 5485): COLLAPSED is received, dialog_state : false
I/NfcService( 2444): NativeNfcBrcmPowerMode; setPowerMode(android.intent.action.SCREEN_OFF)
D/lights  ( 2130): LCD : 13 +
D/lights  ( 2130): LCD : 13 -
D/PointerInterceptView( 2130): Receive COLLAPSED
D/lights  ( 2130): LCD : 10 +
D/lights  ( 2130): LCD : 10 -
D/LockPatternKeyguardView( 2130): createUnlockScreenFor(Pattern): mEnableFallback=true
D/lights  ( 2130): LCD : 7 +
D/lights  ( 2130): LCD : 7 -
D/lights  ( 2130): LCD : 3 +
D/lights  ( 2130): LCD : 3 -
D/ApplicationPolicy( 2130): isStatusBarNotificationAllowed: packageName = com.goodmooddroid.gesturecontrol
D/ApplicationPolicy( 2130): isStatusBarNotificationAllowed: packageName = com.goodmooddroid.gesturecontrol
D/lights  ( 2130): LCD : 0 +
D/lights  ( 2130): LCD : 0 -
I/power   ( 2130): *** release_dvfs_lock : lockType : 1 
I/ClipboardServiceEx( 2130): Send intent for dismiss clipboard dialog inside hideCurrentInputLocked() !
V/TransportControlView( 2130): Create TCV com.android.internal.widget.TransportControlView@42d02d88
D/Launcher.Workspace(  500): exitWidgetResizeMode State: NORMAL, newDragStarted: false
D/comsamsungapp( 5587): [MSC_WeatherNews]>>> WS:62 [0:0] act:androidintentactionSCREEN_OFF
D/SHOW_UI ( 6786): noti Event received
D/SHOW_UI ( 6786): SCREEN off check.
D/dalvikvm( 2130): GC_CONCURRENT freed 1572K, 17% free 31968K/38279K, paused 26ms+21ms, total 292ms
D/dalvikvm( 2130): WAIT_FOR_CONCURRENT_GC blocked 268ms
D/dalvikvm( 2130): WAIT_FOR_CONCURRENT_GC blocked 23ms
D/ClockWidget( 2130): refreshTime()
D/ClockWidget( 2130): TTS Message = 오후 10시20분입니다, 5월 23일 목요일
D/ClockWidget( 2130): refreshTime()
D/ClockWidget( 2130): TTS Message = 오후 10시20분입니다, 5월 23일 목요일
D/UnlockScreen( 2130): max failed attempt for device disable :0
D/UnlockScreen( 2130): isDeviceDisabledForMaxFailedAttempt return :false
D/LockPatternUtils( 2130): isPcwEnable = 10
D/LockPatternUtils( 2130): isPcwEnable = 10
D/LockPatternUtils( 2130): isPcwEnable = 10
D/ClockWidget( 2130): refreshTime()
D/ClockWidget( 2130): TTS Message = 오후 10시20분입니다, 5월 23일 목요일
D/MultiSimUtils( 2130): getCurrentVoiceCall = 0
D/MultiSimUtils( 2130): getCurrentVoiceCall = 0
D/MultiSimUtils( 2130): isChangedVoiceCall oldstate = 0, new = 0
D/MultiSimUtils( 2130): getCurrentVoiceCall = 0
V/LockPatternKeyguardView( 2130): Restoring widget state
D/KeyguardViewMediator( 2130): setHidden false
D/KeyguardViewMediator( 2130): adjustStatusBarLocked: mShowing=true mHidden=false isSecure=true --> flags=0x1290000
V/LockPatternKeyguardView( 2130): Set visibility on com.android.internal.policy.impl.LockPatternKeyguardView$4@42c038f0 to 8388608
V/LockPatternKeyguardView( 2130): View com.android.internal.widget.TransportControlView@42d02d88 requested hide transports
D/KeyguardViewMediator( 2130): adjustStatusBarLocked: mShowing=true mHidden=false isSecure=true --> flags=0x1290000
V/LockPatternKeyguardView( 2130): Set visibility on com.android.internal.policy.impl.LockPatternKeyguardView$4@42c038f0 to 8388608
D/WindowManager( 2130): mUnSetIgnore, show = false
D/dalvikvm( 4372): GC_CONCURRENT freed 430K, 15% free 9771K/11463K, paused 21ms+7ms, total 84ms
D/KeyguardViewMediator( 2130): handleTimeout
D/dalvikvm( 4372): GC_CONCURRENT freed 426K, 15% free 9771K/11463K, paused 4ms+2ms, total 24ms
D/dalvikvm( 4372): GC_CONCURRENT freed 426K, 15% free 9771K/11463K, paused 2ms+2ms, total 773ms
D/SHOW_CM ( 2797): Setting scan request:0, 500000
D/SHOW_CM ( 2797): CTRL-EVENT-DISCONNECTED  reason=8
D/SHOW_CM ( 2797): State: COMPLETED -> DISCONNECTED
D/SHOW_CM ( 2797): DISCONNECT_STATE:9,2,0,0,0,0
D/Tethering( 2130): interfaceLinkStateChanged wlan0, true
D/Tethering( 2130): interfaceStatusChanged wlan0, true
D/Tethering( 2130): interfaceLinkStateChanged wlan0, true
D/Tethering( 2130): interfaceStatusChanged wlan0, true
I/N3      ( 2130): CUSTOM-EVENT
I/N3      ( 2130): Send IntentCustom: CTRL-EVENT-CUSTOM-EVENT DISCONNECTED 0
D/CommandListener( 1837): Clearing all IP addresses on wlan0
D/SHOW_UI ( 6786): noti Event received
D/SHOW_UI ( 6786): @@@@ Wifi Event:DISCONNECTED
I/WifiService( 2130): Booster FLAG : 1
I/WifiService( 2130): mBoosterFLAG : 1
I/WifiService( 2130): current booster mode : FullMode
D/NetUtils( 2130): android_net_utils_resetConnections in env=0x5190ca80 clazz=0xf9400001 iface=wlan0 mask=0x3
I/dalvikvm( 7003): Turning on JNI app bug workarounds for target SDK version 7...
E/NetworkNotificationUI( 2403): onDataConnectionStateChanged-S:0 T:8
D/NetworkNotificationUI( 2403): notify3gWarning mDataState = 0 mPrevDataState = 0 mIsWifiConnected = true m3gwarningPopup = false
E/NetworkNotificationUI( 2403): updateWifistate : networkState = DISCONNECTED
E/NetworkNotificationUI( 2403): notify3gWarning updateWifistate() = false
D/PhoneApp( 2403): mReceiver: ACTION_ANY_DATA_CONNECTION_STATE_CHANGED
D/PhoneApp( 2403): mReceiver: ACTION_ANY_DATA_CONNECTION_STATE_CHANGED
D/PhoneApp( 2403): mReceiver: ACTION_ANY_DATA_CONNECTION_STATE_CHANGED
D/PhoneApp( 2403): mReceiver: ACTION_ANY_DATA_CONNECTION_STATE_CHANGED
D/PhoneApp( 2403): mReceiver: ACTION_ANY_DATA_CONNECTION_STATE_CHANGED
D/PhoneApp( 2403): mReceiver: ACTION_ANY_DATA_CONNECTION_STATE_CHANGED
D/PhoneApp( 2403): mReceiver: ACTION_ANY_DATA_CONNECTION_STATE_CHANGED
D/PhoneApp( 2403): mReceiver: ACTION_ANY_DATA_CONNECTION_STATE_CHANGED
I/ActivityThread( 7003): Pub com.sec.astore.unaservice2: com.sec.android.app.samsungapps.una2.db.DBProvider
D/dalvikvm( 2130): GC_CONCURRENT freed 2557K, 18% free 31458K/38279K, paused 14ms+9ms, total 136ms
D/dalvikvm( 2130): WAIT_FOR_CONCURRENT_GC blocked 98ms
D/dalvikvm( 2130): WAIT_FOR_CONCURRENT_GC blocked 99ms
D/SHOW_CM ( 2797): State: DISCONNECTED -> SCANNING
D/FirewallPolicy( 2130): Entering handleConnectivityAction...
D/FirewallPolicy( 2130): checkOnline()...
D/Tethering( 2130): Tethering got CONNECTIVITY_ACTION
I/ApplicationPolicy( 2130): updateDataUsageMap
D/Tethering( 2130): MasterInitialState.processMessage what=3
D/CAT     ( 2403): CatBIPManager$1: >>>>>>>>>> BROADCAST EVENT FROM CAT BIP MANAGER <<<<<<<<<<
D/CAT     ( 2403): CatBIPManager$1: intent receiver called with not listening : UNKNOWN and Intent { act=android.net.conn.CONNECTIVITY_CHANGE flg=0x8000010 (has extras) }
E/NetworkNotificationUI( 2403): updateConnectivity-TYPE_WIFI = false
W/SignalStrength( 2252): getGsmLevel=4
W/SignalStrength( 2252): getLevel=4 (SignalStrength: 99 -1 -1 -1 -1 -1 -1 -1 -1 -1 -1 -1 gsm|lte 4)
I/DBG_DM  ( 2514): [v5_1211_2_1][Line:1588][xdmProtoIsWIFIConnected] WiFi DisConnected
D/GpsLocationProvider( 2130): updateNetworkState unavailable info: NetworkInfo: type: WIFI[], state: DISCONNECTED/DISCONNECTED, reason: (unspecified), extra: (none), roaming: false, failover: false, isAvailable: true
D/dalvikvm(28658): GC_FOR_ALLOC freed 1708K, 17% free 15274K/18311K, paused 85ms, total 92ms
I/FOTA_Client( 7019): [Ver2.5.2][FotaReceiver.java(Line:31/Method:onReceive)] Receive broadcast meassage:android.net.conn.CONNECTIVITY_CHANGE
I/ActivityThread( 7031): Pub com.google.android.apps.uploader.PicasaUploadProvider: com.google.android.picasasync.PicasaContentProvider
I/dalvikvm( 7044): Turning on JNI app bug workarounds for target SDK version 7...
D/dalvikvm( 7031): GC_CONCURRENT freed 462K, 15% free 9441K/11015K, paused 14ms+1ms, total 51ms
D/dalvikvm( 7031): WAIT_FOR_CONCURRENT_GC blocked 26ms
I/ActivityThread( 7044): Pub com.kt.olleh.app.manager.preload: com.kt.olleh.manager.provider.PreloadProvider
I/ActivityThread( 7044): Pub com.kt.olleh.app.manager.contents: com.kt.olleh.manager.provider.ContentsProvider
I/ActivityThread( 7044): Pub com.kt.olleh.app.manager.inapp: com.kt.olleh.manager.provider.InAppProvider
I/ActivityThread( 7044): Pub com.kt.olleh.market.kafdownload: com.kt.olleh.manager.provider.downloads.DownloadProviderForKaf
I/ActivityThread( 7044): Pub com.kt.olleh.market.download: com.kt.olleh.manager.provider.downloads.DownloadProvider
I/ActivityThread( 7044): Pub com.kt.olleh.app.manager.auth.key: com.kt.olleh.manager.provider.PasAuthKeyProvider
I/ActivityThread( 7044): Pub com.kt.olleh.app.manager.setting: com.kt.olleh.manager.provider.SettingProvider
I/ActivityThread( 7044): Pub com.kt.olleh.app.manager.file: com.kt.olleh.manager.provider.FileProvider
I/dalvikvm( 7060): Turning on JNI app bug workarounds for target SDK version 7...
D/dalvikvm( 2369): GC_CONCURRENT freed 410K, 16% free 10476K/12423K, paused 2ms+3ms, total 28ms
D/PicasaUploader( 7031):    wifiOnlyPhoto changed to true
D/PicasaUploader( 7031):    wifiOnlyVideo changed to true
D/PicasaUploader( 7031):    syncOnBattery changed to true
D/PicasaUploaderSync( 7031): sync account database
D/PicasaUploaderSync( 7031): accounts in DB=1
I/ActivityThread( 7060): Pub com.kt.olleh.istore.API_PROVIDER: com.kaf.ApiProvider
I/ActivityThread( 7060): Pub com.kt.olleh.storefront.mediainfo.PROVIDER: com.kt.olleh.storefront.mediainfo.ContentsBoxProvider
I/ActivityThread( 7072): Pub downloads: com.android.providers.downloads.DownloadProvider
I/dalvikvm( 7060): Could not find method android.media.MediaMetadataRetriever.setMode, referenced from method com.kt.olleh.storefront.mediainfo.ContentsBoxService.getMP3Metadata
W/dalvikvm( 7060): VFY: unable to resolve virtual method 323: Landroid/media/MediaMetadataRetriever;.setMode (I)V
D/dalvikvm( 7060): VFY: replacing opcode 0x6e at 0x0017
D/PicasaUploaderSyncManager( 7031): active network: null
D/PicasaUploaderSyncManager( 7031): background data: true
I/dalvikvm( 7060): Could not find method android.media.MediaMetadataRetriever.setMode, referenced from method com.kt.olleh.storefront.mediainfo.ContentsBoxService.getMp3ArtRawBytes
W/dalvikvm( 7060): VFY: unable to resolve virtual method 323: Landroid/media/MediaMetadataRetriever;.setMode (I)V
D/dalvikvm( 7060): VFY: replacing opcode 0x6e at 0x00eb
I/dalvikvm( 7060): Could not find method android.media.MediaMetadataRetriever.setMode, referenced from method com.kt.olleh.storefront.mediainfo.ContentsBoxService.getVideoFrame
W/dalvikvm( 7060): VFY: unable to resolve virtual method 323: Landroid/media/MediaMetadataRetriever;.setMode (I)V
D/dalvikvm( 7060): VFY: replacing opcode 0x6e at 0x00eb
I/ActivityThread( 7072): Pub drm: com.android.providers.drm.DrmProvider
I/ActivityThread( 7072): Pub media: com.android.providers.media.MediaProvider
D/ContentApp( 7072): ContentApp()
D/ContentApp( 7072): create cache if media mounted.. media : mounted
D/PicasaUploaderSyncManager( 7031): battery info: false
D/facerecognition( 7072): FR_FileOpen /storage/sdcard0/.face/facedata=50
D/facerecognition( 7072): FR_FileOpen /data/user/0/com.android.providers.media/face/facedata=51
D/MediaProvider( 7072): new PersonDataBaseHelper()
D/dalvikvm( 7060): GC_CONCURRENT freed 206K, 13% free 9655K/11015K, paused 14ms+1ms, total 39ms
D/MediaScanner( 7072): Scanner initMutex res = 0
I/ActivityThread( 7072): Pub sisodownloads: com.sec.android.providers.downloads.SecDownloadProvider
D/dalvikvm( 7090): WAIT_FOR_CONCURRENT_GC blocked 0ms
D/dalvikvm( 7090): GC_CONCURRENT freed 185K, 12% free 9718K/11015K, paused 12ms+1ms, total 27ms
D/dalvikvm( 7090): WAIT_FOR_CONCURRENT_GC blocked 3ms
D/dalvikvm( 7090): GC_CONCURRENT freed 164K, 12% free 10115K/11399K, paused 1ms+1ms, total 15ms
D/dalvikvm( 7090): WAIT_FOR_CONCURRENT_GC blocked 3ms
I/ActivityThread( 7090): Pub com.android.emailcommon.pgp.provider.PGPContentProvider: com.android.emailcommon.pgp.PGPContentProvider
I/ActivityThread( 7090): Pub com.android.email.directory.provider: com.android.email.provider.LdapDirectoryProvider
I/ActivityThread( 7090): Pub com.android.email.provider;com.android.email.notifier: com.android.email.provider.EmailProvider
I/ActivityThread( 7090): Pub com.android.email.attachmentprovider: com.android.email.provider.AttachmentProvider
D/dalvikvm( 2130): WAIT_FOR_CONCURRENT_GC blocked 0ms
D/dalvikvm( 2130): GC_EXPLICIT freed 1844K, 19% free 31368K/38279K, paused 4ms+9ms, total 125ms
I/WifiService( 2130): Booster FLAG : 1
I/WifiService( 2130): mBoosterFLAG : 1
I/WifiService( 2130): current booster mode : FullMode
W/SignalStrength( 2252): getGsmLevel=4
W/SignalStrength( 2252): getLevel=4 (SignalStrength: 99 -1 -1 -1 -1 -1 -1 -1 -1 -1 -1 -1 gsm|lte 4)
E/NetworkNotificationUI( 2403): onDataConnectionStateChanged-S:0 T:15
D/NetworkNotificationUI( 2403): notify3gWarning mDataState = 0 mPrevDataState = 0 mIsWifiConnected = false m3gwarningPopup = true
E/NetworkNotificationUI( 2403): updateWifistate : networkState = DISCONNECTED
E/NetworkNotificationUI( 2403): notify3gWarning updateWifistate() = false
D/PhoneApp( 2403): mReceiver: ACTION_ANY_DATA_CONNECTION_STATE_CHANGED
I/ActivityThread( 7107): Pub com.sec.badge: com.sec.android.provider.badge.BadgeProvider
D/BadgeProvider( 7107): onCreate
D/BadgeProvider( 7107): DatabaseHelper
D/BadgeProvider( 7107): query, [selection] : package='com.android.email' AND class='com.android.email.activity.Welcome' AND extraData='base_extra_badge'
D/Launcher.Model(  500): reloadBadges entered.
D/BadgeProvider( 7107): sendNotify entered. [uri] : content://com.sec.badge/apps/2
D/BadgeProvider( 7107): sendNotify, [notify] : null
D/BadgeProvider( 7107): update, [uri] : content://com.sec.badge/apps/2
D/BadgeProvider( 7107): update, [BadgeCount] : badgecount=0
D/BadgeProvider( 7107): update, [UpdateCount] : 1
D/Launcher.BadgeCache, (  500): updateBadgeCounts, app[0] have 0 badges
D/Launcher.BadgeCache, (  500): updateBadgeCounts, app[1] have 0 badges
D/Launcher.BadgeCache, (  500): updateBadgeCounts, app[3] have 1 badges
D/Launcher.BadgeCache, (  500): updateBadgeCounts, app[2] have 0 badges
D/Launcher.BadgeCache, (  500): updateBadgeCounts, app[-1] have 4 badges
D/Launcher.BadgeCache, (  500): updateBadgeCounts, app[-1] have 0 badges
D/Launcher.BadgeCache, (  500): updateBadgeCounts, app[-1] have 0 badges
D/Launcher.Model(  500): reloadBadges, badges count : 2
D/Launcher.Model(  500): reloadBadges, origCallbacks : java.lang.ref.WeakReference@41a6e260
D/dalvikvm( 1847): WAIT_FOR_CONCURRENT_GC blocked 0ms
D/dalvikvm( 1847): GC_EXPLICIT freed 38K, 13% free 9398K/10755K, paused 2ms+2ms, total 22ms
D/dalvikvm( 1847): WAIT_FOR_CONCURRENT_GC blocked 0ms
D/dalvikvm( 1847): GC_EXPLICIT freed <1K, 13% free 9398K/10755K, paused 2ms+2ms, total 20ms
D/dalvikvm( 1847): WAIT_FOR_CONCURRENT_GC blocked 0ms
D/dalvikvm( 1847): GC_EXPLICIT freed <1K, 13% free 9398K/10755K, paused 2ms+2ms, total 20ms
I/ActivityThread( 7125): Pub com.android.exchange.directory.provider: com.android.exchange.provider.ExchangeDirectoryProvider
D/dalvikvm( 7090): GC_CONCURRENT freed 337K, 13% free 10326K/11783K, paused 12ms+12ms, total 62ms
I/SecDownloader( 7072): Broadcast: Network Down
D/dalvikvm( 7072): GC_CONCURRENT freed 276K, 14% free 9572K/11015K, paused 16ms+2ms, total 41ms
D/PhoneNumberLocatorBootCompletedReceiver( 2403): onReceive
D/PhoneNumberLocatorBootCompletedReceiver( 2403): Phone number locator feature is dsiabled
D/comsamsungapp( 5587): [MSC_WeatherNews]>>> WWP:322 [0:0] onReceive@:androidnetconnCONNECTIVITY_CHANGE
D/comsamsungapp( 5587): [MSC_WeatherNews]>>> WIM:52 [0:0] WeatherNewsWeatherClockWidgetID_Length
D/comsamsungapp( 5587): [MSC_WeatherNews]>>> WIM:53 [0:0] getPrefIDs@len:2
D/comsamsungapp( 5587): [MSC_WeatherNews]>>> WIM:59 [0:0] getPrefIDs@:Ids:1:2
D/comsamsungapp( 5587): [MSC_WeatherNews]>>> WIM:59 [0:0] getPrefIDs@:Ids:2:6
I/ActivityThread( 7150): Pub com.sec.android.daemonapp.ap.edaily.stockclock: com.sec.android.daemonapp.ap.edaily.stockclock.db.PublicContentProvider
D/comdaemonstockapp( 7150): [Daemon_Stock]>>> Stockclock_DaemonService.java:59 [0:0] onReceive: androidnetconnCONNECTIVITY_CHANGE
D/comdaemonstockapp( 7150): [Daemon_Stock]>>> Stockclock_DaemonService.java:66 [0:0] appServiceStatus: 0
D/comdaemonstockapp( 7150): [Daemon_Stock]>>> Stockclock_DaemonService.java:67 [0:0] [AR]: 0
D/comdaemonstockapp( 7150): [Daemon_Stock]>>> Stockclock_DaemonService.java:168 [0:0] Daemon is not receive event: servic off
I/Process ( 7171): Sending signal. PID: 7171 SIG: 9
I/dalvikvm( 7185): Turning on JNI app bug workarounds for target SDK version 7...
I/ActivityThread( 7185): Pub com.sec.spp.provider: com.sec.spp.push.provider.PushClientProvider
D/PushClient( 7185): [PushClientApplication] (main) PushClientApplication.onCreate()
I/PushClient( 7185): [SystemStateMoniter] (main) [onReceive] Start to create SystemStateMoniter Job queue initialization.
I/PushClient( 7185): [SystemStateMoniter] (main) [onReceiveIMPL] OfferTime : 41875379
I/PushClient( 7185): [SystemStateMoniter] (pool-1-thread-1) [onReceiveIMPL] StartTime : 41875387gap : 8
D/PushClient( 7185): [a] (pool-1-thread-1) DBHandler(). context:com.sec.spp.push.PushClientApplication@41a70aa0
D/PushClient( 7185): [a] (pool-1-thread-1) DBHandler(). dBHelper:com.sec.spp.push.f.b@41a75f90
D/PushClient( 7185): [c] (pool-1-thread-1) isRegistrationTableEmpty. nReturn true
D/PushClient( 7185): [a] (pool-1-thread-1) AbstractConnectionManager constructor
D/PushClient( 7185): [a] (pool-1-thread-1) AbstractConnectionManager constructor
D/PushClient( 7185): [f] (pool-1-thread-1) setInitializing. isInitializing:false
D/PushClient( 7185): [f] (pool-1-thread-1) setInitialized. isInitialized:false
E/PushClient( 7185): [SystemStateMoniter] (pool-1-thread-1) signalNoActive. No Active Internet
D/PushClient( 7185): [d] (pool-1-thread-1) setProvisioning. isProvisioning=false
D/PushClient( 7185): [f] (pool-1-thread-1) isInitialized() = false
D/PushClient( 7185): [f] (pool-1-thread-1) isInitializing() = false
D/dalvikvm( 7198): WAIT_FOR_CONCURRENT_GC blocked 0ms
D/GCM     ( 2504): GcmService start Intent { act=android.net.conn.CONNECTIVITY_CHANGE flg=0x8000010 cmp=com.google.android.gms/.gcm.GcmService (has extras) } android.net.conn.CONNECTIVITY_CHANGE
D/dalvikvm( 7198): GC_CONCURRENT freed 160K, 12% free 9743K/11015K, paused 2ms+1ms, total 17ms
D/dalvikvm( 7198): WAIT_FOR_CONCURRENT_GC blocked 8ms
I/ActivityThread( 7198): Pub com.google.android.apps.plus.content.ApiProvider: com.google.android.apps.plus.content.EsApiProvider
I/ActivityThread( 7198): Pub com.google.android.apps.plus.content.EsGooglePhotoProvider: com.google.android.picasasync.PicasaContentProvider
D/dalvikvm( 7198): GC_CONCURRENT freed 361K, 13% free 9922K/11399K, paused 1ms+2ms, total 15ms
D/dalvikvm( 7198): WAIT_FOR_CONCURRENT_GC blocked 7ms
I/ActivityThread( 7198): Pub com.google.android.apps.plus.iu.EsGoogleIuProvider: com.google.android.apps.plus.iu.InstantUploadProvider
D/dalvikvm( 7198): GC_CONCURRENT freed 535K, 15% free 9941K/11591K, paused 1ms+2ms, total 15ms
D/dalvikvm( 7198): WAIT_FOR_CONCURRENT_GC blocked 7ms
I/ActivityThread( 7198): Pub com.google.android.apps.plus.content.EsPicasaStoreProvider: com.google.android.picasastore.PicasaPhotoContentProvider
D/dalvikvm( 7198): GC_FOR_ALLOC freed 291K, 15% free 9968K/11591K, paused 14ms, total 14ms
I/dalvikvm-heap( 7198): Grow heap (frag case) to 10.834MB for 16400-byte allocation
D/dalvikvm( 7198): GC_FOR_ALLOC freed 0K, 15% free 9984K/11655K, paused 12ms, total 12ms
I/ActivityThread( 7198): Pub com.google.plus.platform: com.google.android.apps.plus.content.AdsProvider
I/ActivityThread( 7198): Pub com.google.android.apps.plus.content.EsProvider: com.google.android.apps.plus.content.EsProvider
D/dalvikvm( 7198): GC_FOR_ALLOC freed 138K, 13% free 10204K/11655K, paused 14ms, total 14ms
D/dalvikvm( 7198): GC_CONCURRENT freed 144K, 11% free 10575K/11847K, paused 2ms+2ms, total 19ms
D/dalvikvm( 7198): WAIT_FOR_CONCURRENT_GC blocked 8ms
D/dalvikvm( 7198): GC_FOR_ALLOC freed 263K, 12% free 10710K/12167K, paused 19ms, total 19ms
D/dalvikvm( 7198): GC_FOR_ALLOC freed 62K, 12% free 10774K/12167K, paused 17ms, total 17ms
D/Tethering( 2130): interfaceLinkStateChanged rmnet0, true
D/Tethering( 2130): interfaceStatusChanged rmnet0, true
D/dalvikvm( 7198): GC_FOR_ALLOC freed 126K, 13% free 10902K/12423K, paused 22ms, total 22ms
I/dalvikvm-heap( 7198): Grow heap (frag case) to 11.899MB for 175354-byte allocation
I/WifiService( 2130): Booster FLAG : 1
I/WifiService( 2130): mBoosterFLAG : 1
I/WifiService( 2130): current booster mode : FullMode
D/dalvikvm( 7198): GC_FOR_ALLOC freed 255K, 15% free 10819K/12615K, paused 26ms, total 26ms
E/NetworkNotificationUI( 2403): onDataConnectionStateChanged-S:2 T:15
D/NetworkNotificationUI( 2403): notify3gWarning mDataState = 2 mPrevDataState = 0 mIsWifiConnected = false m3gwarningPopup = true
E/NetworkNotificationUI( 2403): updateWifistate : networkState = DISCONNECTED
E/NetworkNotificationUI( 2403): notify3gWarning updateWifistate() = false
